	linux-vdso.so.1 (0x00007f46cbdd6000)
	libQuEST.so.4 => /var/home/erich/Projects/opt/quest/lib64/libQuEST.so.4 (0x00007f46cac00000)
	libmpi.so.12 => /home/linuxbrew/.linuxbrew/Cellar/mpich/5.0.1/lib/libmpi.so.12 (0x00007f46c9c00000)
	libstdc++.so.6 => /usr/lib64/libstdc++.so.6 (0x00007f46c994e000)
	libgcc_s.so.1 => /usr/lib64/libgcc_s.so.1 (0x00007f46cbd7f000)
	libm.so.6 => /usr/lib64/libm.so.6 (0x00007f46c9837000)
	libc.so.6 => /usr/lib64/libc.so.6 (0x00007f46c963e000)
	/lib64/ld-linux-x86-64.so.2 (0x00007f46cbdd8000)
	libcustatevec.so.1 => /home/erich/Projects/opt/cuquantum/lib/libcustatevec.so.1 (0x00007f46c5200000)
	libgomp.so.1 => /usr/lib64/libgomp.so.1 (0x00007f46cbd1f000)
	libmpicxx.so.12 => /var/home/linuxbrew/.linuxbrew/Cellar/mpich/5.0.1/lib/libmpicxx.so.12 (0x00007f46cb7d4000)
	libcublas.so.13 => /home/erich/Projects/opt/cuda/targets/x86_64-linux/lib/libcublas.so.13 (0x00007f46c1a00000)
	libcublasLt.so.13 => /home/erich/Projects/opt/cuda/targets/x86_64-linux/lib/libcublasLt.so.13 (0x00007f469c400000)
	libhwloc.so.15 => /home/linuxbrew/.linuxbrew/opt/hwloc/lib/libhwloc.so.15 (0x00007f46cb76a000)
	libfabric.so.1 => /home/linuxbrew/.linuxbrew/opt/libfabric/lib/libfabric.so.1 (0x00007f46c94f7000)
	libdl.so.2 => /usr/lib64/libdl.so.2 (0x00007f46cbd17000)
	librt.so.1 => /usr/lib64/librt.so.1 (0x00007f46cbd13000)
	libpthread.so.0 => /usr/lib64/libpthread.so.0 (0x00007f46cbd0f000)
	libxml2.so.16 => /home/linuxbrew/.linuxbrew/opt/libxml2/lib/libxml2.so.16 (0x00007f46c18b2000)
	libz.so.1 => /home/linuxbrew/.linuxbrew/opt/zlib-ng-compat/lib/libz.so.1 (0x00007f46cabd3000)
