	linux-vdso.so.1 (0x00007f621b1af000)
	libQuEST.so.4 => /var/home/erich/Projects/opt/quest/lib64/libQuEST.so.4 (0x00007f621a000000)
	libmpi.so.12 => /home/linuxbrew/.linuxbrew/Cellar/mpich/5.0.1/lib/libmpi.so.12 (0x00007f6219000000)
	libstdc++.so.6 => /usr/lib64/libstdc++.so.6 (0x00007f6218d4e000)
	libgcc_s.so.1 => /usr/lib64/libgcc_s.so.1 (0x00007f621b158000)
	libm.so.6 => /usr/lib64/libm.so.6 (0x00007f6218c37000)
	libc.so.6 => /usr/lib64/libc.so.6 (0x00007f6218a3e000)
	/lib64/ld-linux-x86-64.so.2 (0x00007f621b1b1000)
	libcustatevec.so.1 => /home/erich/Projects/opt/cuquantum/lib/libcustatevec.so.1 (0x00007f6214600000)
	libgomp.so.1 => /usr/lib64/libgomp.so.1 (0x00007f621b0f8000)
	libmpicxx.so.12 => /var/home/linuxbrew/.linuxbrew/Cellar/mpich/5.0.1/lib/libmpicxx.so.12 (0x00007f621abd4000)
	libcublas.so.13 => /home/erich/Projects/opt/cuda/targets/x86_64-linux/lib/libcublas.so.13 (0x00007f6210e00000)
	libcublasLt.so.13 => /home/erich/Projects/opt/cuda/targets/x86_64-linux/lib/libcublasLt.so.13 (0x00007f61eb800000)
	libhwloc.so.15 => /home/linuxbrew/.linuxbrew/opt/hwloc/lib/libhwloc.so.15 (0x00007f621ab6a000)
	libfabric.so.1 => /home/linuxbrew/.linuxbrew/opt/libfabric/lib/libfabric.so.1 (0x00007f62188f7000)
	libdl.so.2 => /usr/lib64/libdl.so.2 (0x00007f621ab66000)
	librt.so.1 => /usr/lib64/librt.so.1 (0x00007f621ab62000)
	libpthread.so.0 => /usr/lib64/libpthread.so.0 (0x00007f621ab5e000)
	libxml2.so.16 => /home/linuxbrew/.linuxbrew/opt/libxml2/lib/libxml2.so.16 (0x00007f6210cb2000)
	libz.so.1 => /home/linuxbrew/.linuxbrew/opt/zlib-ng-compat/lib/libz.so.1 (0x00007f6219fd3000)
