	linux-vdso.so.1 (0x00007f42248c1000)
	libQuEST.so.4 => /var/home/erich/Projects/opt/quest/lib64/libQuEST.so.4 (0x00007f4223600000)
	libmpi.so.12 => /home/linuxbrew/.linuxbrew/Cellar/mpich/5.0.1/lib/libmpi.so.12 (0x00007f4222600000)
	libstdc++.so.6 => /usr/lib64/libstdc++.so.6 (0x00007f422234e000)
	libgcc_s.so.1 => /usr/lib64/libgcc_s.so.1 (0x00007f422486a000)
	libm.so.6 => /usr/lib64/libm.so.6 (0x00007f4222237000)
	libc.so.6 => /usr/lib64/libc.so.6 (0x00007f422203e000)
	/lib64/ld-linux-x86-64.so.2 (0x00007f42248c3000)
	libcustatevec.so.1 => /home/erich/Projects/opt/cuquantum/lib/libcustatevec.so.1 (0x00007f421dc00000)
	libgomp.so.1 => /usr/lib64/libgomp.so.1 (0x00007f422480a000)
	libmpicxx.so.12 => /var/home/linuxbrew/.linuxbrew/Cellar/mpich/5.0.1/lib/libmpicxx.so.12 (0x00007f42247de000)
	libcublas.so.13 => /home/erich/Projects/opt/cuda/targets/x86_64-linux/lib/libcublas.so.13 (0x00007f421a400000)
	libcublasLt.so.13 => /home/erich/Projects/opt/cuda/targets/x86_64-linux/lib/libcublasLt.so.13 (0x00007f41f4e00000)
	libhwloc.so.15 => /home/linuxbrew/.linuxbrew/opt/hwloc/lib/libhwloc.so.15 (0x00007f4224196000)
	libfabric.so.1 => /home/linuxbrew/.linuxbrew/opt/libfabric/lib/libfabric.so.1 (0x00007f4221ef7000)
	libdl.so.2 => /usr/lib64/libdl.so.2 (0x00007f42247d6000)
	librt.so.1 => /usr/lib64/librt.so.1 (0x00007f42247d2000)
	libpthread.so.0 => /usr/lib64/libpthread.so.0 (0x00007f42247ce000)
	libxml2.so.16 => /home/linuxbrew/.linuxbrew/opt/libxml2/lib/libxml2.so.16 (0x00007f421a2b2000)
	libz.so.1 => /home/linuxbrew/.linuxbrew/opt/zlib-ng-compat/lib/libz.so.1 (0x00007f4224169000)
