warning: `feature(generic_const_exprs)` is not supported with the next-generation trait solver
 --> crates/quest-polynomial/src/lib.rs:1:30
  |
1 | #![feature(const_trait_impl, generic_const_exprs)]
  |                              ^^^^^^^^^^^^^^^^^^^
  |
  = note: `-Znext-solver=globally` is currently enabled by default for testing
  = note: reverted the setting to `-Znext-solver=coherence` for this crate
  = note: the currently stable trait solver will be used for this crate
  = note: see issues #160895 <https://github.com/rust-lang/rust/issues/160895> for more information

warning: `quest-polynomial` (lib) generated 1 warning
   Compiling quest-qsvt v0.1.0 (<workspace>/crates/quest-qsvt)
    Finished `test` profile [unoptimized + debuginfo] target(s) in 0.35s
     Running tests/commutative_identities.rs (target/debug/build/quest-qsvt/905dd51803251e97/out/commutative_identities-905dd51803251e97)

running 4 tests
test disjoint_shift_offset_cancellations_do_not_alias_permutations ... FAILED
test legacy_stencil_distinct_shifts_bind_complex_phases ... FAILED
test arithmetic_stencil_complex_signs_bind_base_and_prep ... FAILED
test weighted_distinct_children_bind_signed_complex_weights ... FAILED

failures:

---- disjoint_shift_offset_cancellations_do_not_alias_permutations stdout ----

thread 'disjoint_shift_offset_cancellations_do_not_alias_permutations' (87) panicked at crates/quest-qsvt/tests/commutative_identities.rs:88:5:
assertion `left != right` failed
  left: 11154940403236978242
 right: 11154940403236978242
note: run with `RUST_BACKTRACE=1` environment variable to display a backtrace

---- legacy_stencil_distinct_shifts_bind_complex_phases stdout ----

thread 'legacy_stencil_distinct_shifts_bind_complex_phases' (88) panicked at crates/quest-qsvt/tests/commutative_identities.rs:72:5:
assertion `left != right` failed
  left: 2849265792383259805
 right: 2849265792383259805

---- arithmetic_stencil_complex_signs_bind_base_and_prep stdout ----

thread 'arithmetic_stencil_complex_signs_bind_base_and_prep' (86) panicked at crates/quest-qsvt/tests/commutative_identities.rs:55:9:
assertion `left != right` failed
  left: 3515985102478582466
 right: 3515985102478582466

---- weighted_distinct_children_bind_signed_complex_weights stdout ----

thread 'weighted_distinct_children_bind_signed_complex_weights' (89) panicked at crates/quest-qsvt/tests/commutative_identities.rs:27:5:
assertion `left != right` failed
  left: 13751220628080062331
 right: 13751220628080062331


failures:
    arithmetic_stencil_complex_signs_bind_base_and_prep
    disjoint_shift_offset_cancellations_do_not_alias_permutations
    legacy_stencil_distinct_shifts_bind_complex_phases
    weighted_distinct_children_bind_signed_complex_weights

test result: FAILED. 0 passed; 4 failed; 0 ignored; 0 measured; 0 filtered out; finished in 0.00s

error: test failed, to rerun pass `-p quest-qsvt --test commutative_identities`
