warning: `feature(generic_const_exprs)` is not supported with the next-generation trait solver
 --> crates/quest-polynomial/src/lib.rs:1:30
  |
1 | #![feature(const_trait_impl, generic_const_exprs)]
  |                              ^^^^^^^^^^^^^^^^^^^
  |
  = note: `-Znext-solver=globally` is currently enabled by default for testing
  = note: reverted the setting to `-Znext-solver=coherence` for this crate
  = note: the currently stable trait solver will be used for this crate
  = note: see issues #160895 <https://github.com/rust-lang/rust/issues/160895> for more information

warning: `quest-polynomial` (lib) generated 1 warning
   Compiling quest-qsvt v0.1.0 (<workspace>/crates/quest-qsvt)
    Finished `test` profile [unoptimized + debuginfo] target(s) in 0.36s
     Running tests/commutative_identities.rs (target/debug/build/quest-qsvt/905dd51803251e97/out/commutative_identities-905dd51803251e97)

running 1 test
test all_offset_owners_are_admitted_before_first_arithmetic_record ... FAILED

failures:

---- all_offset_owners_are_admitted_before_first_arithmetic_record stdout ----

thread 'all_offset_owners_are_admitted_before_first_arithmetic_record' (98) panicked at crates/quest-qsvt/tests/commutative_identities.rs:250:5:
assertion failed: matches!(result, Err(quest_qsvt::Error::Budget(_)))
note: run with `RUST_BACKTRACE=1` environment variable to display a backtrace


failures:
    all_offset_owners_are_admitted_before_first_arithmetic_record

test result: FAILED. 0 passed; 1 failed; 0 ignored; 0 measured; 6 filtered out; finished in 0.00s

error: test failed, to rerun pass `-p quest-qsvt --test commutative_identities`
