	linux-vdso.so.1 (0x00007f64dcd2a000)
	libQuEST.so.4 => /var/home/erich/Projects/opt/quest/lib64/libQuEST.so.4 (0x00007f64dbc00000)
	libmpi.so.12 => /home/linuxbrew/.linuxbrew/Cellar/mpich/5.0.1/lib/libmpi.so.12 (0x00007f64dac00000)
	libstdc++.so.6 => /usr/lib64/libstdc++.so.6 (0x00007f64da94e000)
	libgcc_s.so.1 => /usr/lib64/libgcc_s.so.1 (0x00007f64dc7ed000)
	libm.so.6 => /usr/lib64/libm.so.6 (0x00007f64da837000)
	libc.so.6 => /usr/lib64/libc.so.6 (0x00007f64da63e000)
	/lib64/ld-linux-x86-64.so.2 (0x00007f64dcd2c000)
	libcustatevec.so.1 => /home/erich/Projects/opt/cuquantum/lib/libcustatevec.so.1 (0x00007f64d6200000)
	libgomp.so.1 => /usr/lib64/libgomp.so.1 (0x00007f64dc78d000)
	libmpicxx.so.12 => /var/home/linuxbrew/.linuxbrew/Cellar/mpich/5.0.1/lib/libmpicxx.so.12 (0x00007f64dc761000)
	libcublas.so.13 => /home/erich/Projects/opt/cuda/targets/x86_64-linux/lib/libcublas.so.13 (0x00007f64d2a00000)
	libcublasLt.so.13 => /home/erich/Projects/opt/cuda/targets/x86_64-linux/lib/libcublasLt.so.13 (0x00007f64ad400000)
	libhwloc.so.15 => /home/linuxbrew/.linuxbrew/opt/hwloc/lib/libhwloc.so.15 (0x00007f64dbb96000)
	libfabric.so.1 => /home/linuxbrew/.linuxbrew/opt/libfabric/lib/libfabric.so.1 (0x00007f64da4f7000)
	libdl.so.2 => /usr/lib64/libdl.so.2 (0x00007f64dbb92000)
	librt.so.1 => /usr/lib64/librt.so.1 (0x00007f64dbb8e000)
	libpthread.so.0 => /usr/lib64/libpthread.so.0 (0x00007f64dbb8a000)
	libxml2.so.16 => /home/linuxbrew/.linuxbrew/opt/libxml2/lib/libxml2.so.16 (0x00007f64d28b2000)
	libz.so.1 => /home/linuxbrew/.linuxbrew/opt/zlib-ng-compat/lib/libz.so.1 (0x00007f64dbb5d000)
