   Compiling ndarray v0.16.1
   Compiling quizx v0.3.0
   Compiling quest-optimizer-worker v0.1.0 (/var/home/erich/Projects/quest-rs/.superpowers/worktrees/correctness-consolidation/crates/quest-optimizer-worker)
    Finished `test` profile [unoptimized + debuginfo] target(s) in 3.01s
────────────
 Nextest run ID f51ddfbc-921d-45fb-8399-06899b3f06c2 with nextest profile: default
    Starting 12 tests across 5 binaries
        PASS [   0.004s] ( 1/12) quest-optimizer-worker::bin/quest-optimizer-worker zx::tests::unsupported_controls_and_malformed_interfaces_return_errors
        PASS [   0.004s] ( 2/12) quest-optimizer-worker::bin/quest-optimizer-worker zx::tests::zero_qubit_scalar_and_deterministic_seed_interface_are_preserved
        PASS [   0.005s] ( 3/12) quest-optimizer-worker::bin/quest-optimizer-worker zx::tests::extracted_scalar_phase_is_recovered_with_candidate_target_order
        PASS [   0.005s] ( 4/12) quest-optimizer-worker::bin/quest-optimizer-worker zx::tests::exactly_supported_signed_controls_survive_extraction
        PASS [   0.006s] ( 5/12) quest-optimizer-worker::bin/quest-optimizer-worker zx::tests::real_engine_cancels_gates_and_preserves_idle_interface
        PASS [   0.008s] ( 6/12) quest-optimizer-worker::circuit_contract zx_replacements_are_transactional_and_preserve_measurement_occurrences
        PASS [   0.008s] ( 7/12) quest-optimizer-worker::structured_contract structured_zx_retains_effects_cfg_and_failed_candidates
        PASS [   0.008s] ( 8/12) quest-optimizer-worker::structured_contract structured_zx_preserves_a_real_extracted_nonidentity_scalar
        PASS [   0.009s] ( 9/12) quest-optimizer-worker::zx_process real_zx_worker_certifies_negative_control_and_declines_unsupported_control
        PASS [   0.013s] (10/12) quest-optimizer-worker::bin/quest-optimizer-worker zx::tests::extracted_ancilla_and_changed_interfaces_are_not_admitted
        PASS [   0.017s] (11/12) quest-optimizer-worker::zx_process real_zx_worker_returns_phase_sensitive_certificate_for_original_interface
        PASS [   0.142s] (12/12) quest-optimizer-worker::bin/quest-optimizer-worker zx::tests::complete_uncontrolled_gate_set_and_exact_control_extensions_certify
────────────
     Summary [   0.143s] 12 tests run: 12 passed, 0 skipped
