   Compiling serde v1.0.229
   Compiling num-bigint v0.4.8
   Compiling dashu-int v0.4.3
   Compiling matrixmultiply v0.3.11
   Compiling approx v0.5.1
   Compiling anstream v1.0.0
   Compiling num-bigint v0.5.1
   Compiling env_filter v2.0.0
   Compiling num-rational v0.4.2
   Compiling simba v0.9.1
   Compiling quest-math v0.1.0 (/var/home/erich/Projects/quest-rs/.superpowers/worktrees/correctness-consolidation/crates/quest-math)
   Compiling nalgebra-macros v0.3.0
   Compiling dashu-float v0.4.5
   Compiling quest-optimizer-protocol v0.1.0 (/var/home/erich/Projects/quest-rs/.superpowers/worktrees/correctness-consolidation/crates/quest-optimizer-protocol)
   Compiling num-iter v0.1.46
   Compiling rustix v1.1.4
   Compiling dashu-ratio v0.4.4
   Compiling num v0.4.3
   Compiling env_logger v0.11.11
   Compiling faer v0.24.4
   Compiling dashu v0.4.4
   Compiling quest-optimizer-client v0.1.0 (/var/home/erich/Projects/quest-rs/.superpowers/worktrees/correctness-consolidation/crates/quest-optimizer-client)
   Compiling nalgebra v0.34.2
   Compiling quest-rsgridsynth v0.2.2-quest.1 (/var/home/erich/Projects/quest-rs/.superpowers/worktrees/correctness-consolidation/crates/vendor/rsgridsynth)
   Compiling quest-optimizer-worker v0.1.0 (/var/home/erich/Projects/quest-rs/.superpowers/worktrees/correctness-consolidation/crates/quest-optimizer-worker)
   Compiling quest-circuit v0.1.0 (/var/home/erich/Projects/quest-rs/.superpowers/worktrees/correctness-consolidation/crates/quest-circuit)
warning: unused import: `self`
 --> crates/quest-optimizer-worker/tests/structured_contract.rs:6:9
  |
6 |         self, GateKind as G,
  |         ^^^^
  |
  = note: `#[warn(unused_imports)]` (part of `#[warn(unused)]`) on by default

warning: `quest-optimizer-worker` (test "structured_contract") generated 1 warning (run `cargo fix --test "structured_contract" -p quest-optimizer-worker` to apply 1 suggestion)
    Finished `test` profile [unoptimized + debuginfo] target(s) in 11.24s
────────────
 Nextest run ID 1ede4cb9-56ef-47f3-98f1-59c61c256bfb with nextest profile: default
    Starting 11 tests across 5 binaries
        PASS [   0.004s] ( 1/11) quest-optimizer-worker::bin/quest-optimizer-worker synthesis::tests::impossible_precision_is_rejected_before_search
        PASS [   0.056s] ( 2/11) quest-optimizer-worker::bin/quest-optimizer-worker synthesis::tests::exact_pi_over_four_preserves_scalar_phase_at_twelve_digits
        PASS [   0.061s] ( 3/11) quest-optimizer-worker::synthesis_process fixed_exact_phase_sequence_survives_the_bounded_process
        PASS [   0.089s] ( 4/11) quest-optimizer-worker::synthesis_process nontrivial_process_certificate_lifts_to_signed_controls_without_losing_its_bound
        PASS [   0.097s] ( 5/11) quest-optimizer-worker::bin/quest-optimizer-worker synthesis::tests::x_and_y_basis_changes_retain_full_phase
        PASS [   0.101s] ( 6/11) quest-optimizer-worker::circuit_contract explicit_synthesis_retains_target_identity_control_phase_and_local_certificates
        PASS [   0.124s] ( 7/11) quest-optimizer-worker::structured_contract structured_synthesis_preserves_signed_control_phase_and_source_export
        PASS [   0.137s] ( 8/11) quest-optimizer-worker::structured_contract structured_synthesis_maps_a_middle_target_and_mixed_controls
        PASS [   0.162s] ( 9/11) quest-optimizer-worker::bin/quest-optimizer-worker synthesis::tests::seeded_pi_over_seven_is_deterministic_and_certified_at_twelve_digits
        PASS [   0.451s] (10/11) quest-optimizer-worker::structured_contract structured_synthesis_bounds_exclusive_paths_and_proves_finite_loop_counts
        PASS [   0.763s] (11/11) quest-optimizer-worker::synthesis_process seeded_targets_are_reproducible_and_independently_certified
────────────
     Summary [   0.763s] 11 tests run: 11 passed, 0 skipped
