   Compiling quest-qsp v0.1.0 (/var/home/erich/Projects/quest-rs/.superpowers/worktrees/correctness-consolidation/crates/quest-qsp)
    Finished `test` profile [unoptimized + debuginfo] target(s) in 1.27s
────────────
 Nextest run ID 0700af39-4f37-4ff1-bdf2-a0d2fe077b0f with nextest profile: default
    Starting 48 tests across 10 binaries (1 test skipped)
        PASS [   0.004s] ( 1/48) quest-qsp certification::interval::tests::zero_polynomial_does_not_hide_invalid_other_convolution_operand
        PASS [   0.004s] ( 2/48) quest-qsp precision::tests::finite_binary64_import_roundtrips_exact_bits_in_every_rounding_mode
        PASS [   0.005s] ( 3/48) quest-qsp::astro_conversion invalid_inputs_keep_backend_nonfinite_and_precision_errors_distinct
        PASS [   0.005s] ( 4/48) quest-qsp certification::interval::tests::backend_error_sentinel_is_not_erased_by_zero_or_absolute_shortcuts
        PASS [   0.005s] ( 5/48) quest-qsp::imported generalized_angle_import_keeps_the_final_k_matrix
        PASS [   0.005s] ( 6/48) quest-qsp::astro_conversion backend_exponent_extremes_and_signed_zero_keep_directional_semantics
        PASS [   0.005s] ( 7/48) quest-qsp certification::tests::interval_exact_dyadics_preserve_cancellation_and_complex_products
        PASS [   0.006s] ( 8/48) quest-qsp precision::tests::half_subnormal_and_midpoint_round_in_the_requested_direction
        PASS [   0.006s] ( 9/48) quest-qsp certification::tests::canonical_conversion_is_checked_against_original_source_independently
        PASS [   0.006s] (10/48) quest-qsp certification::tests::directed_interval_non_ties_and_nonfinite_endpoints_are_checked
        PASS [   0.006s] (11/48) quest-qsp certification::tests::exact_admission_and_outward_summary_keep_the_smallest_subnormal
        PASS [   0.007s] (12/48) quest-qsp certification::tests::exact_coefficient_violation_is_distinct_from_unestablished_bound
        PASS [   0.004s] (13/48) quest-qsp::imported symmetric_phase_admission_compares_actual_rotations_at_large_arguments
        PASS [   0.004s] (14/48) quest-qsp::phase_conversion huge_phase_conversion_preserves_full_matrices_without_period_reduction
        PASS [   0.008s] (15/48) quest-qsp admission::tests::interval_fft_encloses_independent_four_point_values
        PASS [   0.008s] (16/48) quest-qsp certification::tests::canonical_large_phase_uses_the_exact_export_without_period_reduction
        PASS [   0.003s] (17/48) quest-qsp::phase_conversion ordinary_phase_shifts_keep_existing_bits_and_accumulate_diagnostics
        PASS [   0.009s] (18/48) quest-qsp certification::tests::multiprecision_acceptance_does_not_round_an_above_tolerance_bound_to_binary64
        PASS [   0.004s] (19/48) quest-qsp::production completion_accounts_for_live_payload_beside_fft_plan_and_repeated_work
        PASS [   0.005s] (20/48) quest-qsp::precision_boundary production_kernels_and_native_execution_cannot_dispatch_to_the_cold_backend
        PASS [   0.010s] (21/48) quest-qsp::certification canonical_certification_reconstructs_exported_phases_and_source_conversion
        PASS [   0.005s] (22/48) quest-qsp::production empty_generalized_laurent_is_zero_at_zero_and_positive_offset
        PASS [   0.005s] (23/48) quest-qsp::production canonical_freezing_checks_actual_exported_phase_trigonometry
        PASS [   0.006s] (24/48) quest-qsp::production canonical_degree_one_has_the_wx_imaginary_response_convention
        PASS [   0.005s] (25/48) quest-qsp::production frozen_generalized_matrix_product_matches_independent_expansion
        PASS [   0.011s] (26/48) quest-qsp certification::tests::precision_retries_verify_same_phase_export_and_separate_insufficient_bounds
        PASS [   0.005s] (27/48) quest-qsp::production generalized_constant_keeps_complex_phase_and_final_convention_factor
        PASS [   0.005s] (28/48) quest-qsp::production generalized_linear_response_matches_direct_polynomial_on_the_circle
        PASS [   0.012s] (29/48) quest-qsp::astro_conversion storage_padding_and_sticky_bits_cross_multiple_word_boundaries
        PASS [   0.012s] (30/48) quest-qsp::astro_conversion rounding_provenance_does_not_change_the_represented_dyadic
        PASS [   0.013s] (31/48) quest-qsp::imported phase_convention_import_and_conversion_are_explicit
        PASS [   0.005s] (32/48) quest-qsp::production target_admission_rechecks_retained_storage_after_policy_changes
        PASS [   0.005s] (33/48) quest-qsp::production nonsymmetric_cancellation_heavy_target_and_support_offset_are_retained
        PASS [   0.013s] (34/48) quest-qsp certification::tests::source_precision_memory_and_work_budgets_fail_explicitly
        PASS [   0.014s] (35/48) quest-qsp::certification near_contractivity_boundary_is_verified_without_normalizing_export
        PASS [   0.015s] (36/48) quest-qsp admission::tests::circle_bound_admits_a_contracting_target_whose_coefficient_sum_exceeds_one
        PASS [   0.007s] (37/48) quest-qsp::production target_admission_rejects_negative_support_and_noncontractivity
        PASS [   0.017s] (38/48) quest-qsp::certification frozen_complex_export_is_checked_independently_with_both_convolutions
        PASS [   0.009s] (39/48) quest-qsp::tutorials book_independent_certification_example_runs
        PASS [   0.022s] (40/48) quest-qsp certification::tests::interval_fft_contains_direct_rational_convolution_with_exact_support
        PASS [   0.026s] (41/48) quest-qsp::certification higher_degree_symmetric_phases_certify_the_canonical_wx_response
        PASS [   0.033s] (42/48) quest-qsp::astro_conversion midpoint_neighbors_round_with_sign_parity_and_gradual_underflow
        PASS [   0.054s] (43/48) quest-qsp certification::tests::dyadic_twiddle_axes_octants_and_periodicity_use_exact_integer_reduction
        PASS [   0.110s] (44/48) quest-qsp::astro_conversion seeded_imports_equal_independent_integer_dyadics_at_multiple_precisions
        PASS [   0.189s] (45/48) quest-qsp certification::tests::all_four_matrix_entries_match_independent_analytic_sparse_product
        PASS [   0.359s] (46/48) quest-qsp::certification dense_complex_product_tree_overlaps_direct_all_four_coefficients
        PASS [   0.410s] (47/48) quest-qsp::tutorials book_binary64_polynomial_function_and_synthesis_examples_run
        PASS [   3.146s] (48/48) quest-qsp::certification cancellation_heavy_complex_degree64_direct_and_fft_enclosures_overlap
────────────
     Summary [   3.147s] 48 tests run: 48 passed, 1 skipped
