   Compiling quest-language v0.1.0 (/tmp/quest-candidates-bca8649e/crates/quest-language)
   Compiling quest-math v0.1.0 (/tmp/quest-candidates-bca8649e/crates/quest-math)
   Compiling quest-mathcore v0.3.1-quest.1 (/tmp/quest-candidates-bca8649e/crates/vendor/mathcore)
   Compiling quest-symbolic v0.1.0 (/tmp/quest-candidates-bca8649e/crates/quest-symbolic)
   Compiling quest-optimizer-protocol v0.1.0 (/tmp/quest-candidates-bca8649e/crates/quest-optimizer-protocol)
   Compiling quest-optimizer-client v0.1.0 (/tmp/quest-candidates-bca8649e/crates/quest-optimizer-client)
   Compiling quest-qasm v0.1.0 (/tmp/quest-candidates-bca8649e/crates/quest-qasm)
   Compiling quest-macros v0.1.0 (/tmp/quest-candidates-bca8649e/crates/quest-macros)
   Compiling quest-circuit v0.1.0 (/tmp/quest-candidates-bca8649e/crates/quest-circuit)
warning: method `equivalence_work_estimate` is never used
    --> crates/quest-circuit/src/model.rs:1067:19
     |
1066 | impl SemanticOperation {
     | ---------------------- method in this implementation
1067 |     pub(crate) fn equivalence_work_estimate(&self) -> Result<u64> {
     |                   ^^^^^^^^^^^^^^^^^^^^^^^^^
     |
     = note: `#[warn(dead_code)]` (part of `#[warn(unused)]`) on by default

warning: methods `oracle_bank` and `publish_oracles` are never used
   --> crates/quest-circuit/src/structured.rs:467:19
    |
352 | impl VerifiedStructuredProgram {
    | ------------------------------ methods in this implementation
...
467 |     pub(crate) fn oracle_bank(&self) -> &std::collections::BTreeMap<usize, crate::OracleFragment> {
    |                   ^^^^^^^^^^^
...
471 |     pub(crate) fn publish_oracles(
    |                   ^^^^^^^^^^^^^^^

warning: `quest-circuit` (lib) generated 2 warnings
warning: `quest-circuit` (lib test) generated 2 warnings (2 duplicates)
    Finished `test` profile [unoptimized + debuginfo] target(s) in 7.03s
────────────
 Nextest run ID 766a1568-6795-4072-89e8-c068de8e1b3c with nextest profile: default
    Starting 143 tests across 20 binaries
        PASS [   0.006s] (  1/143) quest-circuit::diagnostics source_renderer_labels_original_text_and_rejects_invalid_utf8_ranges
        PASS [   0.006s] (  2/143) quest-circuit::adapters_contract bindings_share_frozen_operands_without_merging_occurrences
        PASS [   0.007s] (  3/143) quest-circuit::adapters_contract bound_plan_checks_native_indices_without_an_empty_intermediate_stage
        PASS [   0.007s] (  4/143) quest-circuit::definitions_contract definition_expansion_preserves_explicit_body_dependencies
        PASS [   0.007s] (  5/143) quest-circuit::definitions_contract failed_definition_expansion_does_not_partially_append
        PASS [   0.007s] (  6/143) quest-circuit::definitions_contract adjoint_reverses_explicit_edges_without_serializing_independent_gates
        PASS [   0.007s] (  7/143) quest-circuit workers::review_tests::borrowed_negative_targets_preserve_identity_and_apply_leaf_bit_limits
        PASS [   0.007s] (  8/143) quest-circuit model::rational_pi_binding_tests::rational_pi_binding_rounds_only_after_multiplying_by_pi
        PASS [   0.007s] (  9/143) quest-circuit program::plan_order_tests::distinct_parameter_bindings_have_distinct_bound_snapshots
        PASS [   0.007s] ( 10/143) quest-circuit rational::tests::rational_conversion_rounds_ties_and_subnormals_once
        PASS [   0.007s] ( 11/143) quest-circuit rational::tests::rational_pi_keeps_subnormals_until_the_final_rounding
        PASS [   0.007s] ( 12/143) quest-circuit::core_contract exact_cancellation_stops_at_measurement
        PASS [   0.007s] ( 13/143) quest-circuit::core_contract rejects_foreign_operands_without_consuming_an_occurrence
        PASS [   0.007s] ( 14/143) quest-circuit::core_contract stochastic_and_classical_hazards_preserve_order
        PASS [   0.007s] ( 15/143) quest-circuit::core_contract channel_admission_counts_existing_payloads_and_residual_scratch
        PASS [   0.007s] ( 16/143) quest-circuit::definitions_contract shared_definitions_expand_with_fresh_occurrences_and_ordered_arguments
        PASS [   0.007s] ( 17/143) quest-circuit program::plan_order_tests::plan_rejects_reordered_mandatory_edge
        PASS [   0.007s] ( 18/143) quest-circuit structured::optimizer_accounting_tests::repeated_shared_oracle_bank_entries_are_charged_separately
        PASS [   0.007s] ( 19/143) quest-circuit::core_contract controlled_full_turn_rotation_keeps_relative_phase
        PASS [   0.007s] ( 20/143) quest-circuit program::plan_order_tests::independently_published_rewrites_get_distinct_snapshot_tokens
        PASS [   0.008s] ( 21/143) quest-circuit workers::review_tests::zx_quarter_turn_admission_retains_pi_conversion_obligation
        PASS [   0.008s] ( 22/143) quest-circuit rational::tests::rational_pi_refines_around_an_independently_computed_midpoint
        PASS [   0.008s] ( 23/143) quest-circuit::core_contract missing_nonfinite_and_duplicate_bindings_are_rejected
        PASS [   0.008s] ( 24/143) quest-circuit::differential channels_are_effectful_and_completeness_is_checked
        PASS [   0.009s] ( 25/143) quest-circuit::core_contract arbitrary_rational_angles_validate_and_normalize_raw_ratios
        PASS [   0.009s] ( 26/143) quest-circuit::core_contract upgraded_bigint_rationals_keep_large_ratio_and_subnormal_conversion
        PASS [   0.009s] ( 27/143) quest-circuit::adapters_contract checked_gate_adapter_uses_registry_arity_and_finite_parameters
        PASS [   0.011s] ( 28/143) quest-circuit structured_workers::tests::deterministic_trace_proves_loops_calls_and_rejects_observation_or_exhaustion
        PASS [   0.006s] ( 29/143) quest-circuit::linear_contract cnot_cancellations_and_preflight_bounds_are_checked
        PASS [   0.006s] ( 30/143) quest-circuit::linear_contract gaussian_and_pmh_preserve_independent_basis_permutations_and_order
        PASS [   0.006s] ( 31/143) quest-circuit::linear_contract candidate_generation_is_independent_of_local_shortening
        PASS [   0.006s] ( 32/143) quest-circuit::linear_contract whole_program_scan_and_output_copy_are_in_the_pass_budget
        PASS [   0.006s] ( 33/143) quest-circuit::matrix_contract faer_product_matches_independent_scalar_complex_fixture
        PASS [   0.007s] ( 34/143) quest-circuit::differential numerical_approximate_unitarity_does_not_grant_exact_capability
        PASS [   0.006s] ( 35/143) quest-circuit::matrix_contract logical_views_are_copied_including_transpose_and_conjugation
        PASS [   0.007s] ( 36/143) quest-circuit::linear_contract program_linear_windows_preserve_barriers_and_explicit_dependencies
        PASS [   0.007s] ( 37/143) quest-circuit::macro_contract bell_macro_uses_the_same_builder_semantics
        PASS [   0.008s] ( 38/143) quest-circuit::differential controlling_a_global_phase_changes_only_the_active_branch
        PASS [   0.007s] ( 39/143) quest-circuit::matrix_contract matrix_admission_checks_finiteness_shape_and_budget
        PASS [   0.006s] ( 40/143) quest-circuit::matrix_contract registry_u_decomposition_reconstructs_the_full_specification_matrix
        PASS [   0.007s] ( 41/143) quest-circuit::matrix_contract openqasm31_u_has_specification_phase_and_two_pi_periodicity
        PASS [   0.007s] ( 42/143) quest-circuit::differential union_fusion_preserves_ordered_operands_and_signed_controls
        PASS [   0.007s] ( 43/143) quest-circuit::macro_contract macro_operations_retain_original_file_and_keyword_byte_ranges
        PASS [   0.006s] ( 44/143) quest-circuit::matrix_contract u_realization_keeps_finite_large_phases_without_overflowing_their_sum
        PASS [   0.006s] ( 45/143) quest-circuit::optimization_contract cycles_and_classical_read_write_hazards_are_checked
        PASS [   0.007s] ( 46/143) quest-circuit::matrix_contract padding_is_counted_and_noncontiguous_views_keep_logical_coordinates
        PASS [   0.008s] ( 47/143) quest-circuit::macro_contract interpolation_evaluates_once_in_source_order_and_modifiers_keep_phase
        PASS [   0.008s] ( 48/143) quest-circuit::matrix_contract openqasm31_u_adjoint_keeps_the_conjugated_specification_phase
        PASS [   0.016s] ( 49/143) quest-circuit structured_workers::tests::scalar_word_lowering_preserves_signed_control_phase_exactly
        PASS [   0.009s] ( 50/143) quest-circuit::macro_contract nonfinite_interpolation_is_rejected_at_shared_admission
        PASS [   0.006s] ( 51/143) quest-circuit::optimization_contract dependency_cancellation_crosses_proven_commuting_gates_only
        PASS [   0.007s] ( 52/143) quest-circuit::optimization_contract exact_rotation_merging_is_phase_correct_and_idempotent
        PASS [   0.006s] ( 53/143) quest-circuit::optimization_contract fusion_preserves_multiplication_order_and_provenance
        PASS [   0.006s] ( 54/143) quest-circuit::optimization_contract fusion_skips_blocks_when_retained_matrices_exhaust_program_budget
        PASS [   0.012s] ( 55/143) quest-circuit::macro_contract full_macro_gate_inventory_matches_builder
        PASS [   0.006s] ( 56/143) quest-circuit::optimization_contract reports_dependency_depth_before_and_after_exact_rewrites_and_fusion
        PASS [   0.006s] ( 57/143) quest-circuit::optimization_contract opaque_float_rotations_are_not_merged
        PASS [   0.007s] ( 58/143) quest-circuit::optimization_contract symbolic_merging_preserves_all_finite_bindings
        PASS [   0.007s] ( 59/143) quest-circuit::oracle_contract portable_oracle_export_retains_global_phase_and_target_order
        PASS [   0.007s] ( 60/143) quest-circuit::oracle_contract capture_arity_is_checked_before_a_verified_plan_exists
        PASS [   0.006s] ( 61/143) quest-circuit::parity_contract bound_symbolic_parity_falls_back_on_new_overflow_and_rejects_foreign_bound_input
        PASS [   0.006s] ( 62/143) quest-circuit::parity_contract bound_parity_keeps_rz_two_pi_scalar_and_signed_zero_source
        PASS [   0.007s] ( 63/143) quest-circuit::oracle_contract retained_calls_share_storage_but_keep_distinct_occurrences
        PASS [   0.007s] ( 64/143) quest-circuit::oracle_contract adjoint_reverses_operations_and_controls_global_phase
        PASS [   0.007s] ( 65/143) quest-circuit::oracle_contract storage_accounting_deduplicates_shared_bodies_without_deduplicating_queries
        PASS [   0.006s] ( 66/143) quest-circuit::parity_contract bound_symbolic_parity_cancels_only_after_original_binding_and_keeps_source_identity
        PASS [   0.007s] ( 67/143) quest-circuit::oracle_contract negative_runtime_power_of_oracle_never_dispatches
        PASS [   0.007s] ( 68/143) quest-circuit::oracle_contract numerical_adjoint_is_conjugate_transpose_without_exact_admission
        PASS [   0.005s] ( 69/143) quest-circuit::parity_contract negative_controls_and_explicit_edges_guard_parity_replacements
        PASS [   0.007s] ( 70/143) quest-circuit::oracle_contract structured_oracle_captures_once_and_preserves_calls
        PASS [   0.008s] ( 71/143) quest-circuit::oracle_contract inverse_of_a_gate_containing_a_numerical_oracle_fails_before_dispatch
        PASS [   0.008s] ( 72/143) quest-circuit::oracle_contract nested_call_adjoint_reverses_oracle_order_and_preserves_controls
        PASS [   0.006s] ( 73/143) quest-circuit::parity_contract parity_candidate_can_be_longer_while_the_existing_pass_retains_input
        PASS [   0.006s] ( 74/143) quest-circuit::parity_contract complemented_rz_keeps_the_exact_scalar_phase
        PASS [   0.006s] ( 75/143) quest-circuit::parity_contract program_candidate_can_start_after_an_earlier_affine_window
        PASS [   0.006s] ( 76/143) quest-circuit::parity_contract program_candidate_expands_a_window_after_a_fence_with_fresh_ids
        PASS [   0.008s] ( 77/143) quest-circuit::parity_contract bound_parity_precharges_original_binding_and_independent_affine_replay
        PASS [   0.006s] ( 78/143) quest-circuit::parity_contract program_folding_retains_rz_scalar_phase_and_stops_at_effects_and_opaque_angles
        PASS [   0.006s] ( 79/143) quest-circuit::parity_contract repeated_parity_phase_and_affine_x_network_fold_exactly
        PASS [   0.006s] ( 80/143) quest-circuit::parity_contract shared_pivot_reuses_symmetric_difference_and_restores_the_wire
        PASS [   0.006s] ( 81/143) quest-circuit::structured_contract parsed_language_error_owns_renderable_source
        PASS [   0.006s] ( 82/143) quest-circuit::provenance_contract definition_history_budget_rejection_keeps_the_builder_transactional
        PASS [   0.006s] ( 83/143) quest-circuit::provenance_contract empty_replacements_retain_distinct_rewrite_events
        PASS [   0.006s] ( 84/143) quest-circuit::structured_macro captures_do_not_collide_with_macro_local_names
        PASS [   0.006s] ( 85/143) quest-circuit::structured_contract capture_admission_rejects_missing_values
        PASS [   0.007s] ( 86/143) quest-circuit::provenance_contract diverging_snapshot_edits_cannot_exchange_history_roots
        PASS [   0.006s] ( 87/143) quest-circuit::structured_macro macro_uses_shared_types_declarations_and_loop_ssa
        PASS [   0.007s] ( 88/143) quest-circuit::structured_contract structured_stages_retain_source_and_verified_loop_arguments
        PASS [   0.007s] ( 89/143) quest-circuit::provenance_contract parity_outputs_share_history_and_later_fusion_deduplicates_sources
        PASS [   0.007s] ( 90/143) quest-circuit::structured_macro macro_float_pi_and_integer_division_remain_language_values
        PASS [   0.007s] ( 91/143) quest-circuit::provenance_contract exact_then_fusion_preserves_history_and_current_dependency_endpoints
        PASS [   0.007s] ( 92/143) quest-circuit::structured_optimization branching_join_blocks_cross_edge_cancellation
        PASS [   0.006s] ( 93/143) quest-circuit::structured_optimization exclusive_scalar_quantum_parameter_body_can_cancel_inverse_gates
        PASS [   0.006s] ( 94/143) quest-circuit::structured_optimization exact_quantum_windows_cancel_across_constant_indices_and_keep_loop_cfg
        PASS [   0.007s] ( 95/143) quest-circuit::structured_optimization dynamic_indices_reference_parameters_and_effects_guard_windows
        PASS [   0.006s] ( 96/143) quest-circuit::structured_optimization exclusive_straight_cfg_chain_cancels_inverse_gates_and_preserves_vm
        PASS [   0.007s] ( 97/143) quest-circuit::structured_optimization classical_constants_enable_quantum_windows_without_crossing_trapping_work
        PASS [   0.006s] ( 98/143) quest-circuit::structured_optimization float_parameters_only_allow_structural_inverse_and_never_ideal_pi_folding
        PASS [   0.017s] ( 99/143) quest-circuit::optimization_contract rational_merging_preserves_finite_lowering
        PASS [   0.030s] (100/143) quest-circuit rational::tests::direct_affine_conversion_admits_finite_cancellation_of_overflowing_terms
        PASS [   0.007s] (101/143) quest-circuit::structured_optimization loop_backedge_blocks_cross_iteration_inverse_cancellation
        PASS [   0.005s] (102/143) quest-circuit::symbolic_contract binding_with_unrelated_declared_parameter_preserves_angle_target
        PASS [   0.008s] (103/143) quest-circuit::structured_optimization macro_captures_and_original_export_sources_survive_quantum_replacement
        PASS [   0.006s] (104/143) quest-circuit::structured_optimization posttransform_compile_and_work_limits_are_enforced
        PASS [   0.006s] (105/143) quest-circuit::symbolic_contract affine_constant_binds_without_rounding_terms_separately
        PASS [   0.006s] (106/143) quest-circuit::symbolic_contract cancelled_foreign_parameter_is_still_rejected
        PASS [   0.005s] (107/143) quest-circuit::symbolic_contract definition_parameter_substitution_preserves_opaque_signed_zero
        PASS [   0.006s] (108/143) quest-circuit::symbolic_contract compound_exact_definition_rejects_opaque_argument
        PASS [   0.006s] (109/143) quest-circuit::symbolic_contract bound_parameter_leaf_preserves_negative_zero_bits
        PASS [   0.013s] (110/143) quest-circuit::structured_macro compiler_tracked_file_and_bundled_includes_share_admission
        PASS [   0.006s] (111/143) quest-circuit::symbolic_contract finite_exact_zero_merge_can_be_removed
        PASS [   0.008s] (112/143) quest-circuit::structured_optimization parity_scalar_omega_is_encoded_as_a_proved_exact_clifford_word
        PASS [   0.005s] (113/143) quest-circuit::symbolic_contract inverse_parameter_leaf_pair_is_removed_with_retained_bindings
        PASS [   0.007s] (114/143) quest-circuit::symbolic_contract bound_affine_angle_retains_exact_target_after_parameter_substitution
        PASS [   0.006s] (115/143) quest-circuit::symbolic_contract ideal_binding_work_forecast_is_stable_after_shared_angle_conversion
        PASS [   0.014s] (116/143) quest-circuit::provenance_contract exact_rewrite_work_and_history_storage_budgets_reject_without_publishing
        PASS [   0.028s] (117/143) quest-circuit::linear_contract seeded_binary_matrices_verify_both_algorithms_through_sixty_four_wires
        PASS [   0.007s] (118/143) quest-circuit::symbolic_contract direct_affine_leaf_and_derived_scaling_keep_original_conversion_obligations
        PASS [   0.006s] (119/143) quest-circuit::tutorials compiler_tracked_source_uses_the_same_structured_pipeline
        PASS [   0.007s] (120/143) quest-circuit::symbolic_contract parity_rewrite_preserves_unbindable_pi_leaf
        PASS [   0.007s] (121/143) quest-circuit::tutorials classical_optimization_reports_changes_and_retains_export_authority
        PASS [   0.006s] (122/143) quest-circuit::tutorials ideal_builder_separates_exact_rewrites_binding_and_numerical_fusion
        PASS [   0.009s] (123/143) quest-circuit::symbolic_contract cancelled_pi_leaves_keep_original_finite_conversion_obligations
        PASS [   0.007s] (124/143) quest-circuit::tutorials numeric_widths_and_integer_division_are_explicit
        PASS [   0.005s] (125/143) quest-circuit::tutorials owned_diagnostic_retains_source_and_typed_cause
        PASS [   0.012s] (126/143) quest-circuit::structured_optimization vm_executed_loop_windows_and_signed_controls_have_exact_full_matrix_equality
        PASS [   0.006s] (127/143) quest-circuit::tutorials structured_quantum_optimization_keeps_syntax_and_reports_inverse_pairs
        PASS [   0.005s] (128/143) quest-circuit::worker_contract unchanged_worker_output_obeys_aggregate_provenance_budget
        PASS [   0.006s] (129/143) quest-circuit::tutorials structured_macro_builds_bell_program
        PASS [   0.006s] (130/143) quest-circuit::worker_contract explicit_synthesis_validates_epsilon_even_without_any_rotation
        PASS [   0.006s] (131/143) quest-circuit::worker_contract zx_candidate_propagates_worker_error_after_an_effect_fence
        PASS [   0.007s] (132/143) quest-circuit::tutorials typed_builder_keeps_classical_categories_and_loop_values
        PASS [   0.012s] (133/143) quest-circuit::tutorials import_export_preserves_explicit_includes_and_owned_sources
        PASS [   0.009s] (134/143) quest-circuit::worker_contract zx_expanded_candidate_uses_its_distinct_request_and_keeps_growth_for_scoring
        PASS [   0.035s] (135/143) quest-circuit::optimization_contract exact_merge_reports_retain_only_immediate_rewrite_inputs
        PASS [   0.028s] (136/143) quest-circuit::provenance_contract composed_passes_budget_retained_history_even_with_one_surviving_operation
        PASS [   0.014s] (137/143) quest-circuit::worker_contract zx_candidate_accepts_a_longer_certified_region_with_fresh_identities
        PASS [   0.026s] (138/143) quest-circuit::worker_contract numerical_oracle_calls_keep_local_certificates_without_a_global_bound
        PASS [   0.177s] (139/143) quest-circuit rational::tests::rational_pi_rejects_uncertainty_beyond_the_precision_cap
        PASS [   0.186s] (140/143) quest-circuit::differential randomized_exact_pass_and_fusion_preserve_complex_state_including_phase
        PASS [   0.220s] (141/143) quest-circuit::parity_contract seeded_affine_phase_windows_preserve_every_basis_column_and_scalar_phase
        PASS [   0.561s] (142/143) quest-circuit::provenance_contract long_merge_history_is_linear_and_expands_every_source_without_recursion
        PASS [   4.745s] (143/143) quest-circuit::compile_fail invalid_dsl_and_semantic_capabilities_are_rejected
────────────
     Summary [   4.745s] 143 tests run: 143 passed, 0 skipped
