   Compiling quest-language v0.1.0 (/tmp/quest-workers-d5679a54/crates/quest-language)
   Compiling quest-math v0.1.0 (/tmp/quest-workers-d5679a54/crates/quest-math)
   Compiling quest-mathcore v0.3.1-quest.1 (/tmp/quest-workers-d5679a54/crates/vendor/mathcore)
   Compiling quest-symbolic v0.1.0 (/tmp/quest-workers-d5679a54/crates/quest-symbolic)
   Compiling quest-optimizer-protocol v0.1.0 (/tmp/quest-workers-d5679a54/crates/quest-optimizer-protocol)
   Compiling quest-rsgridsynth v0.2.2-quest.1 (/tmp/quest-workers-d5679a54/crates/vendor/rsgridsynth)
   Compiling quest-optimizer-client v0.1.0 (/tmp/quest-workers-d5679a54/crates/quest-optimizer-client)
   Compiling quest-qasm v0.1.0 (/tmp/quest-workers-d5679a54/crates/quest-qasm)
   Compiling quest-optimizer-worker v0.1.0 (/tmp/quest-workers-d5679a54/crates/quest-optimizer-worker)
   Compiling quest-macros v0.1.0 (/tmp/quest-workers-d5679a54/crates/quest-macros)
   Compiling quest-circuit v0.1.0 (/tmp/quest-workers-d5679a54/crates/quest-circuit)
warning: method `equivalence_work_estimate` is never used
   --> crates/quest-circuit/src/model.rs:134:19
    |
 96 | impl Angle {
    | ---------- method in this implementation
...
134 |     pub(crate) fn equivalence_work_estimate(&self) -> Result<u64> {
    |                   ^^^^^^^^^^^^^^^^^^^^^^^^^
    |
    = note: `#[warn(dead_code)]` (part of `#[warn(unused)]`) on by default

warning: method `equivalence_work_estimate` is never used
    --> crates/quest-circuit/src/model.rs:1067:19
     |
1066 | impl SemanticOperation {
     | ---------------------- method in this implementation
1067 |     pub(crate) fn equivalence_work_estimate(&self) -> Result<u64> {
     |                   ^^^^^^^^^^^^^^^^^^^^^^^^^

warning: methods `oracle_bank` and `publish_oracles` are never used
   --> crates/quest-circuit/src/structured.rs:467:19
    |
352 | impl VerifiedStructuredProgram {
    | ------------------------------ methods in this implementation
...
467 |     pub(crate) fn oracle_bank(&self) -> &std::collections::BTreeMap<usize, crate::OracleFragment> {
    |                   ^^^^^^^^^^^
...
471 |     pub(crate) fn publish_oracles(
    |                   ^^^^^^^^^^^^^^^

warning: `quest-circuit` (lib test) generated 3 warnings (3 duplicates)
warning: `quest-circuit` (lib) generated 3 warnings
    Finished `test` profile [unoptimized + debuginfo] target(s) in 9.33s
────────────
 Nextest run ID 4c593223-b534-4754-9666-0d49da6ab8e4 with nextest profile: default
    Starting 289 tests across 40 binaries
        PASS [   0.007s] (  1/289) quest-circuit rational::tests::rational_pi_keeps_subnormals_until_the_final_rounding
        PASS [   0.007s] (  2/289) quest-circuit rational::tests::rational_conversion_rounds_ties_and_subnormals_once
        PASS [   0.006s] (  3/289) quest-circuit::definitions_contract adjoint_reverses_explicit_edges_without_serializing_independent_gates
        PASS [   0.007s] (  4/289) quest-circuit program::plan_order_tests::plan_rejects_reordered_mandatory_edge
        PASS [   0.007s] (  5/289) quest-circuit::diagnostics source_renderer_labels_original_text_and_rejects_invalid_utf8_ranges
        PASS [   0.007s] (  6/289) quest-circuit model::rational_pi_binding_tests::rational_pi_binding_rounds_only_after_multiplying_by_pi
        PASS [   0.007s] (  7/289) quest-circuit::definitions_contract definition_expansion_preserves_explicit_body_dependencies
        PASS [   0.007s] (  8/289) quest-circuit::adapters_contract checked_gate_adapter_uses_registry_arity_and_finite_parameters
        PASS [   0.007s] (  9/289) quest-circuit::adapters_contract bindings_share_frozen_operands_without_merging_occurrences
        PASS [   0.007s] ( 10/289) quest-circuit::definitions_contract failed_definition_expansion_does_not_partially_append
        PASS [   0.007s] ( 11/289) quest-circuit::differential channels_are_effectful_and_completeness_is_checked
        PASS [   0.007s] ( 12/289) quest-circuit program::plan_order_tests::distinct_parameter_bindings_have_distinct_bound_snapshots
        PASS [   0.007s] ( 13/289) quest-circuit::adapters_contract bound_plan_checks_native_indices_without_an_empty_intermediate_stage
        PASS [   0.007s] ( 14/289) quest-circuit::core_contract stochastic_and_classical_hazards_preserve_order
        PASS [   0.007s] ( 15/289) quest-circuit workers::review_tests::borrowed_negative_targets_preserve_identity_and_apply_leaf_bit_limits
        PASS [   0.007s] ( 16/289) quest-circuit::definitions_contract shared_definitions_expand_with_fresh_occurrences_and_ordered_arguments
        PASS [   0.007s] ( 17/289) quest-circuit program::plan_order_tests::independently_published_rewrites_get_distinct_snapshot_tokens
        PASS [   0.007s] ( 18/289) quest-circuit::core_contract missing_nonfinite_and_duplicate_bindings_are_rejected
        PASS [   0.007s] ( 19/289) quest-circuit::core_contract exact_cancellation_stops_at_measurement
        PASS [   0.007s] ( 20/289) quest-circuit structured::optimizer_accounting_tests::repeated_shared_oracle_bank_entries_are_charged_separately
        PASS [   0.007s] ( 21/289) quest-circuit::core_contract channel_admission_counts_existing_payloads_and_residual_scratch
        PASS [   0.007s] ( 22/289) quest-circuit::core_contract controlled_full_turn_rotation_keeps_relative_phase
        PASS [   0.008s] ( 23/289) quest-circuit rational::tests::rational_pi_refines_around_an_independently_computed_midpoint
        PASS [   0.008s] ( 24/289) quest-circuit::core_contract upgraded_bigint_rationals_keep_large_ratio_and_subnormal_conversion
        PASS [   0.008s] ( 25/289) quest-circuit::core_contract arbitrary_rational_angles_validate_and_normalize_raw_ratios
        PASS [   0.008s] ( 26/289) quest-circuit::differential controlling_a_global_phase_changes_only_the_active_branch
        PASS [   0.009s] ( 27/289) quest-circuit::core_contract rejects_foreign_operands_without_consuming_an_occurrence
        PASS [   0.011s] ( 28/289) quest-circuit structured_workers::tests::deterministic_trace_proves_loops_calls_and_rejects_observation_or_exhaustion
        PASS [   0.005s] ( 29/289) quest-circuit::linear_contract cnot_cancellations_and_preflight_bounds_are_checked
        PASS [   0.005s] ( 30/289) quest-circuit::linear_contract gaussian_and_pmh_preserve_independent_basis_permutations_and_order
        PASS [   0.005s] ( 31/289) quest-circuit::linear_contract program_linear_windows_preserve_barriers_and_explicit_dependencies
        PASS [   0.005s] ( 32/289) quest-circuit::linear_contract whole_program_scan_and_output_copy_are_in_the_pass_budget
        PASS [   0.006s] ( 33/289) quest-circuit::macro_contract nonfinite_interpolation_is_rejected_at_shared_admission
        PASS [   0.006s] ( 34/289) quest-circuit::matrix_contract logical_views_are_copied_including_transpose_and_conjugation
        PASS [   0.006s] ( 35/289) quest-circuit::matrix_contract matrix_admission_checks_finiteness_shape_and_budget
        PASS [   0.007s] ( 36/289) quest-circuit::matrix_contract openqasm31_u_adjoint_keeps_the_conjugated_specification_phase
        PASS [   0.007s] ( 37/289) quest-circuit::matrix_contract padding_is_counted_and_noncontiguous_views_keep_logical_coordinates
        PASS [   0.007s] ( 38/289) quest-circuit::matrix_contract registry_u_decomposition_reconstructs_the_full_specification_matrix
        PASS [   0.007s] ( 39/289) quest-circuit::optimization_contract fusion_preserves_multiplication_order_and_provenance
        PASS [   0.008s] ( 40/289) quest-circuit::differential numerical_approximate_unitarity_does_not_grant_exact_capability
        PASS [   0.008s] ( 41/289) quest-circuit::macro_contract full_macro_gate_inventory_matches_builder
        PASS [   0.007s] ( 42/289) quest-circuit::optimization_contract exact_rotation_merging_is_phase_correct_and_idempotent
        PASS [   0.008s] ( 43/289) quest-circuit::matrix_contract faer_product_matches_independent_scalar_complex_fixture
        PASS [   0.008s] ( 44/289) quest-circuit::optimization_contract dependency_cancellation_crosses_proven_commuting_gates_only
        PASS [   0.008s] ( 45/289) quest-circuit::optimization_contract cycles_and_classical_read_write_hazards_are_checked
        PASS [   0.008s] ( 46/289) quest-circuit::differential union_fusion_preserves_ordered_operands_and_signed_controls
        PASS [   0.008s] ( 47/289) quest-circuit::matrix_contract u_realization_keeps_finite_large_phases_without_overflowing_their_sum
        PASS [   0.008s] ( 48/289) quest-circuit::macro_contract macro_operations_retain_original_file_and_keyword_byte_ranges
        PASS [   0.007s] ( 49/289) quest-circuit::optimization_contract fusion_skips_blocks_when_retained_matrices_exhaust_program_budget
        PASS [   0.009s] ( 50/289) quest-circuit::matrix_contract openqasm31_u_has_specification_phase_and_two_pi_periodicity
        PASS [   0.016s] ( 51/289) quest-circuit structured_workers::tests::scalar_word_lowering_preserves_signed_control_phase_exactly
        PASS [   0.009s] ( 52/289) quest-circuit::macro_contract interpolation_evaluates_once_in_source_order_and_modifiers_keep_phase
        PASS [   0.006s] ( 53/289) quest-circuit::optimization_contract opaque_float_rotations_are_not_merged
        PASS [   0.009s] ( 54/289) quest-circuit::macro_contract bell_macro_uses_the_same_builder_semantics
        PASS [   0.007s] ( 55/289) quest-circuit::oracle_contract capture_arity_is_checked_before_a_verified_plan_exists
        PASS [   0.008s] ( 56/289) quest-circuit::optimization_contract reports_dependency_depth_before_and_after_exact_rewrites_and_fusion
        PASS [   0.007s] ( 57/289) quest-circuit::optimization_contract symbolic_merging_preserves_all_finite_bindings
        PASS [   0.007s] ( 58/289) quest-circuit::oracle_contract adjoint_reverses_operations_and_controls_global_phase
        PASS [   0.005s] ( 59/289) quest-circuit::parity_contract repeated_parity_phase_and_affine_x_network_fold_exactly
        PASS [   0.005s] ( 60/289) quest-circuit::oracle_contract retained_calls_share_storage_but_keep_distinct_occurrences
        PASS [   0.005s] ( 61/289) quest-circuit::parity_contract negative_controls_and_explicit_edges_guard_parity_replacements
        PASS [   0.006s] ( 62/289) quest-circuit::parity_contract complemented_rz_keeps_the_exact_scalar_phase
        PASS [   0.008s] ( 63/289) quest-circuit::oracle_contract negative_runtime_power_of_oracle_never_dispatches
        PASS [   0.008s] ( 64/289) quest-circuit::oracle_contract nested_call_adjoint_reverses_oracle_order_and_preserves_controls
        PASS [   0.007s] ( 65/289) quest-circuit::oracle_contract portable_oracle_export_retains_global_phase_and_target_order
        PASS [   0.009s] ( 66/289) quest-circuit::oracle_contract inverse_of_a_gate_containing_a_numerical_oracle_fails_before_dispatch
        PASS [   0.007s] ( 67/289) quest-circuit::oracle_contract storage_accounting_deduplicates_shared_bodies_without_deduplicating_queries
        PASS [   0.008s] ( 68/289) quest-circuit::oracle_contract numerical_adjoint_is_conjugate_transpose_without_exact_admission
        PASS [   0.006s] ( 69/289) quest-circuit::provenance_contract empty_replacements_retain_distinct_rewrite_events
        PASS [   0.007s] ( 70/289) quest-circuit::parity_contract program_folding_retains_rz_scalar_phase_and_stops_at_effects_and_opaque_angles
        PASS [   0.007s] ( 71/289) quest-circuit::provenance_contract definition_history_budget_rejection_keeps_the_builder_transactional
        PASS [   0.008s] ( 72/289) quest-circuit::oracle_contract structured_oracle_captures_once_and_preserves_calls
        PASS [   0.008s] ( 73/289) quest-circuit::provenance_contract parity_outputs_share_history_and_later_fusion_deduplicates_sources
        PASS [   0.008s] ( 74/289) quest-circuit::provenance_contract exact_then_fusion_preserves_history_and_current_dependency_endpoints
        PASS [   0.009s] ( 75/289) quest-circuit::provenance_contract diverging_snapshot_edits_cannot_exchange_history_roots
        PASS [   0.006s] ( 76/289) quest-circuit::structured_contract capture_admission_rejects_missing_values
        PASS [   0.007s] ( 77/289) quest-circuit::structured_macro macro_float_pi_and_integer_division_remain_language_values
        PASS [   0.007s] ( 78/289) quest-circuit::structured_macro macro_uses_shared_types_declarations_and_loop_ssa
        PASS [   0.008s] ( 79/289) quest-circuit::structured_contract parsed_language_error_owns_renderable_source
        PASS [   0.008s] ( 80/289) quest-circuit::structured_macro captures_do_not_collide_with_macro_local_names
        PASS [   0.016s] ( 81/289) quest-circuit::optimization_contract rational_merging_preserves_finite_lowering
        PASS [   0.008s] ( 82/289) quest-circuit::structured_contract structured_stages_retain_source_and_verified_loop_arguments
        PASS [   0.006s] ( 83/289) quest-circuit::structured_optimization branching_join_blocks_cross_edge_cancellation
        PASS [   0.006s] ( 84/289) quest-circuit::structured_optimization float_parameters_only_allow_structural_inverse_and_never_ideal_pi_folding
        PASS [   0.006s] ( 85/289) quest-circuit::structured_optimization posttransform_compile_and_work_limits_are_enforced
        PASS [   0.007s] ( 86/289) quest-circuit::structured_optimization classical_constants_enable_quantum_windows_without_crossing_trapping_work
        PASS [   0.013s] ( 87/289) quest-circuit::provenance_contract exact_rewrite_work_and_history_storage_budgets_reject_without_publishing
        PASS [   0.006s] ( 88/289) quest-circuit::structured_optimization dynamic_indices_reference_parameters_and_effects_guard_windows
        PASS [   0.007s] ( 89/289) quest-circuit::structured_optimization loop_backedge_blocks_cross_iteration_inverse_cancellation
        PASS [   0.008s] ( 90/289) quest-circuit::structured_optimization exclusive_scalar_quantum_parameter_body_can_cancel_inverse_gates
        PASS [   0.007s] ( 91/289) quest-circuit::structured_optimization exclusive_straight_cfg_chain_cancels_inverse_gates_and_preserves_vm
        PASS [   0.007s] ( 92/289) quest-circuit::structured_optimization parity_scalar_omega_is_encoded_as_a_proved_exact_clifford_word
        PASS [   0.007s] ( 93/289) quest-circuit::structured_optimization exact_quantum_windows_cancel_across_constant_indices_and_keep_loop_cfg
        PASS [   0.007s] ( 94/289) quest-circuit::symbolic_contract affine_constant_binds_without_rounding_terms_separately
        PASS [   0.007s] ( 95/289) quest-circuit::symbolic_contract binding_with_unrelated_declared_parameter_preserves_angle_target
        PASS [   0.009s] ( 96/289) quest-circuit::structured_optimization macro_captures_and_original_export_sources_survive_quantum_replacement
        PASS [   0.032s] ( 97/289) quest-circuit rational::tests::direct_affine_conversion_admits_finite_cancellation_of_overflowing_terms
        PASS [   0.005s] ( 98/289) quest-circuit::symbolic_contract bound_parameter_leaf_preserves_negative_zero_bits
        PASS [   0.006s] ( 99/289) quest-circuit::symbolic_contract bound_affine_angle_retains_exact_target_after_parameter_substitution
        PASS [   0.012s] (100/289) quest-circuit::structured_macro compiler_tracked_file_and_bundled_includes_share_admission
        PASS [   0.006s] (101/289) quest-circuit::symbolic_contract compound_exact_definition_rejects_opaque_argument
        PASS [   0.006s] (102/289) quest-circuit::symbolic_contract cancelled_foreign_parameter_is_still_rejected
        PASS [   0.006s] (103/289) quest-circuit::symbolic_contract finite_exact_zero_merge_can_be_removed
        PASS [   0.027s] (104/289) quest-circuit::linear_contract seeded_binary_matrices_verify_both_algorithms_through_sixty_four_wires
        PASS [   0.006s] (105/289) quest-circuit::symbolic_contract definition_parameter_substitution_preserves_opaque_signed_zero
        PASS [   0.006s] (106/289) quest-circuit::symbolic_contract inverse_parameter_leaf_pair_is_removed_with_retained_bindings
        PASS [   0.006s] (107/289) quest-circuit::symbolic_contract ideal_binding_work_forecast_is_stable_after_shared_angle_conversion
        PASS [   0.007s] (108/289) quest-circuit::tutorials ideal_builder_separates_exact_rewrites_binding_and_numerical_fusion
        PASS [   0.006s] (109/289) quest-circuit::tutorials numeric_widths_and_integer_division_are_explicit
        PASS [   0.007s] (110/289) quest-circuit::tutorials compiler_tracked_source_uses_the_same_structured_pipeline
        PASS [   0.006s] (111/289) quest-circuit::tutorials owned_diagnostic_retains_source_and_typed_cause
        PASS [   0.010s] (112/289) quest-circuit::symbolic_contract cancelled_pi_leaves_keep_original_finite_conversion_obligations
        PASS [   0.008s] (113/289) quest-circuit::tutorials classical_optimization_reports_changes_and_retains_export_authority
        PASS [   0.008s] (114/289) quest-circuit::symbolic_contract parity_rewrite_preserves_unbindable_pi_leaf
        PASS [   0.008s] (115/289) quest-circuit::tutorials structured_macro_builds_bell_program
        PASS [   0.011s] (116/289) quest-circuit::symbolic_contract direct_affine_leaf_and_derived_scaling_keep_original_conversion_obligations
        PASS [   0.007s] (117/289) quest-circuit::tutorials structured_quantum_optimization_keeps_syntax_and_reports_inverse_pairs
        PASS [   0.007s] (118/289) quest-circuit::worker_contract explicit_synthesis_validates_epsilon_even_without_any_rotation
        PASS [   0.007s] (119/289) quest-circuit::tutorials typed_builder_keeps_classical_categories_and_loop_values
        PASS [   0.005s] (120/289) quest-language::builder_contract boolean_construction_obeys_zero_storage_and_node_budgets
        PASS [   0.014s] (121/289) quest-circuit::structured_optimization vm_executed_loop_windows_and_signed_controls_have_exact_full_matrix_equality
        PASS [   0.006s] (122/289) quest-language semantic::builder::shared::tests::shallow_nodes_admit_retained_arc_storage_before_allocation
        PASS [   0.006s] (123/289) quest-language::builder_contract typed_builder_bounds_shared_expression_expansion_before_materialization
        PASS [   0.007s] (124/289) quest-circuit::worker_contract unchanged_worker_output_obeys_aggregate_provenance_budget
        PASS [   0.007s] (125/289) quest-language::builder_contract typed_builder_constructs_control_flow_through_shared_admission
        PASS [   0.007s] (126/289) quest-language::builder_contract typed_builder_gate_parameters_do_not_bypass_explicit_cast_rules
        PASS [   0.007s] (127/289) quest-language::builder_contract typed_builder_rejects_foreign_handles_and_invalid_widths
        PASS [   0.005s] (128/289) quest-language::classical_contract angle_casts_are_modular_and_ties_even
        PASS [   0.005s] (129/289) quest-language::builder_contract typed_builder_uses_hygienic_names_and_rejects_nested_qubit_declarations
        PASS [   0.005s] (130/289) quest-language::classical_contract angle_products_preserve_units_and_reject_mixed_addition
        PASS [   0.008s] (131/289) quest-language ssa::quantum_flow::tests::backedges_follow_dominance_even_when_block_numbers_are_reversed
        PASS [   0.005s] (132/289) quest-language::classical_contract explicit_cast_categories_follow_the_openqasm_allowed_cast_table
        PASS [   0.005s] (133/289) quest-language::classical_contract standard_builtins_keep_widths_and_signed_rotation_distances
        PASS [   0.006s] (134/289) quest-language::classical_contract casts_preserve_bits_and_reject_invalid_widths_and_nonfinite_values
        PASS [   0.006s] (135/289) quest-language::classical_contract integer_division_and_checked_signed_overflow
        PASS [   0.005s] (136/289) quest-language::contracts exact_u_decomposition_keeps_global_phase_and_execution_order
        PASS [   0.006s] (137/289) quest-language::contracts diagnostic_keeps_typed_budget_and_cross_source_expansion_context
        PASS [   0.007s] (138/289) quest-language::contracts controlled_gate_signature_separates_controls_from_targets
        PASS [   0.006s] (139/289) quest-language::contracts diagnostic_checks_trace_and_replacement_spans_without_labels
        PASS [   0.005s] (140/289) quest-language::contracts registry_adjoint_and_decomposition_references_are_well_formed
        PASS [   0.006s] (141/289) quest-language::contracts location_only_occurrences_allow_missing_text_but_validate_present_snapshots
        PASS [   0.006s] (142/289) quest-language::contracts diagnostic_roundtrip_preserves_sources_causes_and_suggestions
        PASS [   0.015s] (143/289) quest-circuit::tutorials import_export_preserves_explicit_includes_and_owned_sources
        PASS [   0.006s] (144/289) quest-language::contracts renderer_uses_snapshots_and_preserves_multiple_labels
        PASS [   0.006s] (145/289) quest-language::contracts renderer_rejects_deserialized_spans_splitting_utf8
        PASS [   0.006s] (146/289) quest-language::contracts serde_rejects_reversed_spans_and_duplicate_snapshot_identities
        PASS [   0.005s] (147/289) quest-language::contracts source_identity_cannot_replace_an_existing_snapshot
        PASS [   0.005s] (148/289) quest-language::contracts source_spans_reject_reversal_bounds_and_split_utf8
        PASS [   0.006s] (149/289) quest-language::edit_contract allocated_ids_are_owned_unique_and_carry_no_publication_proof
        PASS [   0.040s] (150/289) quest-circuit::optimization_contract exact_merge_reports_retain_only_immediate_rewrite_inputs
        PASS [   0.006s] (151/289) quest-language::optimization_contract constant_gate_parameter_interpretation_folds_without_a_forbidden_source_cast
        PASS [   0.007s] (152/289) quest-language::edit_contract synthetic_oracle_region_is_bounded_owned_and_independently_verified
        PASS [   0.006s] (153/289) quest-language::edit_contract verified_snapshots_reject_handles_from_other_edit_publications
        PASS [   0.008s] (154/289) quest-language::contracts source_errors_convert_without_inventing_structured_fields
        PASS [   0.008s] (155/289) quest-language::edit_contract synthetic_oracle_checks_all_existing_nodes_before_mutation
        PASS [   0.006s] (156/289) quest-language::optimization_contract loops_with_different_incoming_values_remain_dynamic
        PASS [   0.007s] (157/289) quest-language::optimization_contract cse_keeps_first_potential_trap_and_does_not_remove_unused_division
        PASS [   0.007s] (158/289) quest-language::optimization_contract folds_constants_and_executable_branches_without_removing_gate_occurrences
        PASS [   0.006s] (159/289) quest-language::optimization_contract optimization_work_and_storage_limits_fail_transactionally
        PASS [   0.035s] (160/289) quest-circuit::provenance_contract composed_passes_budget_retained_history_even_with_one_surviving_operation
        PASS [   0.009s] (161/289) quest-language::optimization_contract constant_and_dynamic_failures_keep_the_same_completed_effect_prefix
        PASS [   0.006s] (162/289) quest-language::quantum_flow branches_and_backedges_have_finite_edge_tagged_versions
        PASS [   0.005s] (163/289) quest-language::ssa_contract compilation_budgets_precede_recursive_ast_traversal_and_large_storage
        PASS [   0.006s] (164/289) quest-language::quantum_flow coupled_gate_outputs_depend_on_the_complete_input_tuple
        PASS [   0.006s] (165/289) quest-language::ssa_contract admits_mixed_functions_dynamic_parameters_aliases_and_typed_return
        PASS [   0.007s] (166/289) quest-language::optimization_contract signed_zero_is_not_merged_across_constants_or_phi_inputs
        PASS [   0.006s] (167/289) quest-language::quantum_flow fact_alias_work_and_edge_caps_fail_before_unbounded_growth
        PASS [   0.006s] (168/289) quest-language::ssa_contract broadcasts_user_gates_but_keeps_mixed_reference_shapes_exact
        PASS [   0.007s] (169/289) quest-language::optimization_contract removes_dead_proven_nontrapping_computation
        PASS [   0.007s] (170/289) quest-language::quantum_flow alias_query_requires_same_snapshot_and_region
        PASS [   0.006s] (171/289) quest-language::ssa_contract constant_control_paths_preserve_definite_assignment_and_total_returns
        PASS [   0.010s] (172/289) quest-language::optimization_contract optimization_preserves_loops_joins_outputs_and_quantum_memory_effects
        PASS [   0.008s] (173/289) quest-language::quantum_flow static_wires_have_distinct_versions_and_dynamic_index_clobbers_its_root
        PASS [   0.006s] (174/289) quest-language::ssa_contract constant_widths_are_available_in_forward_function_signatures
        PASS [   0.006s] (175/289) quest-language::ssa_contract gate_parameters_require_real_values_without_implicit_bit_interpretation
        PASS [   0.006s] (176/289) quest-language::ssa_contract controlled_user_gate_carries_external_controls_separately
        PASS [   0.006s] (177/289) quest-language::ssa_contract contextual_array_literals_obey_element_width_and_const_admission
        PASS [   0.007s] (178/289) quest-language::ssa_contract creates_scalar_block_arguments_for_branch_and_loop_carried_values
        PASS [   0.007s] (179/289) quest-language::ssa_contract dynamic_explicit_casts_reject_forbidden_type_pairs_before_execution
        PASS [   0.006s] (180/289) quest-language::ssa_contract global_quantum_allocations_hoist_without_forward_name_visibility
        PASS [   0.007s] (181/289) quest-language::ssa_contract implicit_conversions_do_not_grant_explicit_bit_or_angle_casts
        PASS [   0.006s] (182/289) quest-language::ssa_contract independent_verifier_rejects_foreign_region_entry_identity
        PASS [   0.007s] (183/289) quest-language::ssa_contract gate_powers_reject_implicit_noninteger_counts_during_admission
        PASS [   0.006s] (184/289) quest-language::ssa_contract independent_verifier_rejects_forged_cast_between_forbidden_categories
        PASS [   0.006s] (185/289) quest-language::ssa_contract independent_verifier_rejects_forged_immutable_reinitialization
        PASS [   0.008s] (186/289) quest-language::ssa_contract independent_verifier_rejects_duplicate_named_input_output_interfaces
        PASS [   0.006s] (187/289) quest-language::ssa_contract local_nonconstant_shadow_cannot_supply_global_constant_array_extent
        PASS [   0.007s] (188/289) quest-language::ssa_contract independent_verifier_rejects_forged_noninteger_power_values
        PASS [   0.006s] (189/289) quest-language::ssa_contract quantum_declarations_are_restricted_to_global_scope
        PASS [   0.006s] (190/289) quest-language::ssa_contract normalized_negative_indices_cannot_hide_mutable_aliases
        PASS [   0.007s] (191/289) quest-language::ssa_contract independently_rejects_foreign_ids_effect_tampering_and_unsealed_blocks
        PASS [   0.007s] (192/289) quest-language::ssa_contract independent_verifier_requires_a_parameterless_void_mixed_program_entry
        PASS [   0.007s] (193/289) quest-language::ssa_contract independent_verifier_rejects_forward_value_use
        PASS [   0.008s] (194/289) quest-language::ssa_contract independent_verifier_rejects_stale_memory_wrong_results_and_missing_edge_arguments
        PASS [   0.005s] (195/289) quest-language::ssa_contract rejects_reads_not_assigned_on_every_branch
        PASS [   0.006s] (196/289) quest-language::ssa_contract quantum_dependency_graph_retains_occurrences_without_cfg_backedges
        PASS [   0.006s] (197/289) quest-language::ssa_contract rejects_invalid_mutability_return_width_and_control_context
        PASS [   0.006s] (198/289) quest-language::ssa_contract rejects_recursive_calls_and_aliased_gate_operands
        PASS [   0.008s] (199/289) quest-language::ssa_contract proves_partial_array_and_bit_initialization_across_branches
        PASS [   0.006s] (200/289) quest-language::ssa_contract retained_bytes_include_nested_owned_capacity
        PASS [   0.009s] (201/289) quest-language::ssa_contract lowers_for_ranges_sets_arrays_and_switch_with_control_transfers
        PASS [   0.009s] (202/289) quest-language::ssa_contract permits_value_parameter_mutation_but_rejects_effectful_gate_bodies
        PASS [   0.007s] (203/289) quest-language::ssa_contract switch_labels_are_distinct_after_selector_width_conversion
        PASS [   0.006s] (204/289) quest-language::ssa_contract verifier_rejects_forged_readonly_quantum_reference_parameter
        PASS [   0.006s] (205/289) quest-language::ssa_contract verifies_loop_back_edges_and_preserves_gate_occurrences
        PASS [   0.009s] (206/289) quest-language::ssa_contract rejects_nonunitary_gate_effects_even_in_constant_dead_branches
        PASS [   0.006s] (207/289) quest-language::syntax_contract preserves_integer_precedence_and_structured_control
        PASS [   0.006s] (208/289) quest-language::syntax_contract comma_indices_match_nested_indices_and_scalar_gate_modifiers_survive
        PASS [   0.006s] (209/289) quest-language::syntax_contract rejects_truncated_syntax_and_hardware_capabilities
        PASS [   0.006s] (210/289) quest-language::syntax_contract retains_gate_and_subroutine_declarations
        PASS [   0.006s] (211/289) quest-language::vm_contract backend_failures_retain_location_context_and_completed_prefix
        PASS [   0.006s] (212/289) quest-language::vm_contract broadcasts_user_gates_and_vector_controls_in_lane_order
        PASS [   0.006s] (213/289) quest-language::vm_contract duplicate_input_insertion_preserves_the_original_value
        PASS [   0.006s] (214/289) quest-language::vm_contract physically_allocates_verified_partially_initialized_arrays_and_bitstrings
        PASS [   0.007s] (215/289) quest-language::vm_contract executes_cfg_backedges_branches_returns_and_owned_outputs
        PASS [   0.006s] (216/289) quest-language::vm_contract integer_gate_powers_preserve_signed_adjoint_and_runtime_unsigned_counts
        PASS [   0.007s] (217/289) quest-language::vm_contract captures_dynamic_parameters_and_user_gate_adjoint_powers_are_exactly_ordered
        PASS [   0.006s] (218/289) quest-language::vm_contract shared_builder_expressions_preserve_materialized_evaluation_and_occurrences
        PASS [   0.008s] (219/289) quest-language::vm_contract dynamic_indices_and_all_runtime_limits_fail_before_unsafe_progress
        PASS [   0.007s] (220/289) quest-language::vm_contract intrinsic_and_explicit_controls_measurement_reset_and_barrier_are_dispatched
        PASS [   0.006s] (221/289) quest-language::vm_contract user_gate_angle_arguments_use_radians_without_permitting_float_casts
        PASS [   0.008s] (222/289) quest-language::vm_contract executes_break_continue_nested_calls_and_scalar_builtins
        PASS [   0.010s] (223/289) quest-language::vm_contract arrays_mutable_references_and_runtime_alias_checks_use_actual_indices
        PASS [   0.006s] (224/289) quest-optimizer-client::process_contract affine_byte_budget_rejects_before_worker_process_starts
        PASS [   0.007s] (225/289) quest-language::vm_contract range_advance_handles_signed_and_unsigned_boundaries_and_zero_step_assertion
        PASS [   0.005s] (226/289) quest-optimizer-protocol::mitm_wire mitm_terminal_outcomes_remain_distinct
        PASS [   0.005s] (227/289) quest-optimizer-protocol::mitm_wire versioned_mitm_request_round_trips_and_rejects_excess_limits
        PASS [   0.009s] (228/289) quest-optimizer-client process::review_tests::exit_observation_keeps_pid_owned_until_group_cleanup_and_reap
        PASS [   0.010s] (229/289) quest-optimizer-client::process_contract expanded_zx_request_is_distinct_and_parent_certifies_its_response
        PASS [   0.012s] (230/289) quest-optimizer-client::process_contract bounded_valid_response_and_capability_rejection
        PASS [   0.005s] (231/289) quest-optimizer-worker::bin/quest-optimizer-worker mitm::approx::tests::admission_distinguishes_resource_exhaustion_from_request_caps
        PASS [   0.014s] (232/289) quest-optimizer-client::mitm_parent parent_approx_certificate_uses_original_target
        PASS [   0.007s] (233/289) quest-optimizer-worker::bin/quest-optimizer-worker mitm::approx::tests::approximate_mitm_certifies_zero_rotation
        PASS [   0.016s] (234/289) quest-optimizer-client::mitm_parent parent_rejects_forged_exact_candidate_and_preserves_incomplete
        PASS [   0.016s] (235/289) quest-optimizer-client::process_contract rejects_malformed_output_and_wrong_seed
        PASS [   0.046s] (236/289) quest-circuit::worker_contract numerical_oracle_calls_keep_local_certificates_without_a_global_bound
        PASS [   0.012s] (237/289) quest-optimizer-worker::structured_contract structured_zx_retains_effects_cfg_and_failed_candidates
        PASS [   0.016s] (238/289) quest-optimizer-client::process_contract well_formed_candidates_still_need_independent_mathematical_admission
        PASS [   0.013s] (239/289) quest-optimizer-worker::structured_contract structured_zx_preserves_a_real_extracted_nonidentity_scalar
        PASS [   0.010s] (240/289) quest-optimizer-worker::bin/quest-optimizer-worker mitm::approx::tests::approximate_search_distinguishes_complete_absence_and_capacity_cutoff
        PASS [   0.015s] (241/289) quest-optimizer-worker::circuit_contract zx_replacements_are_transactional_and_preserve_measurement_occurrences
        PASS [   0.018s] (242/289) quest-optimizer-client::process_contract affine_target_is_certified_against_original_identity_after_untrusted_response
        PASS [   0.006s] (243/289) quest-optimizer-worker::bin/quest-optimizer-worker mitm::approx::tests::interval_tree_keeps_boundary_equality_and_prunes_strictly_far_boxes
        PASS [   0.007s] (244/289) quest-optimizer-worker::bin/quest-optimizer-worker mitm::approx::tests::interval_tree_radius_matches_exhaustive_boxes_across_splits
        PASS [   0.010s] (245/289) quest-optimizer-worker::bin/quest-optimizer-worker mitm::approx::tests::huge_finite_dyadic_angle_can_be_unresolved_without_becoming_invalid
        PASS [   0.006s] (246/289) quest-optimizer-worker::bin/quest-optimizer-worker mitm::exact::tests::exact_mitm_preserves_scalar_phase_and_reports_capacity_cutoff
        PASS [   0.016s] (247/289) quest-optimizer-worker::zx_process real_zx_worker_certifies_negative_control_and_declines_unsupported_control
        PASS [   0.039s] (248/289) quest-language::ssa_contract branch_heavy_region_verifies_with_linear_dominance_storage
        PASS [   0.007s] (249/289) quest-optimizer-worker::bin/quest-optimizer-worker mitm::exact::tests::exact_mitm_reconstructs_noncommuting_chronological_halves
        PASS [   0.005s] (250/289) quest-optimizer-worker::bin/quest-optimizer-worker mitm::representatives::tests::same_full_phase_state_keeps_incomparable_wire_transfers
        PASS [   0.005s] (251/289) quest-optimizer-worker::bin/quest-optimizer-worker synthesis::tests::affine_pi_requires_an_exact_two_term_engine_interface
        PASS [   0.006s] (252/289) quest-optimizer-worker::bin/quest-optimizer-worker synthesis::tests::impossible_precision_is_rejected_before_search
        PASS [   0.005s] (253/289) quest-optimizer-worker::bin/quest-optimizer-worker zx::tests::bounded_local_complement_preflights_clique_growth_before_mutation
        PASS [   0.005s] (254/289) quest-optimizer-worker::bin/quest-optimizer-worker zx::tests::extracted_ancilla_and_changed_interfaces_are_not_admitted
        PASS [   0.005s] (255/289) quest-optimizer-worker::bin/quest-optimizer-worker zx::tests::output_cap_accepts_exactly_the_limit_and_rejects_the_next_gate
        PASS [   0.006s] (256/289) quest-optimizer-worker::bin/quest-optimizer-worker zx::tests::examination_budget_charges_sorting_and_clique_before_rewrite
        PASS [   0.006s] (257/289) quest-optimizer-worker::bin/quest-optimizer-worker zx::tests::flow_baseline_remains_certifiable_when_optional_rules_exhaust
        PASS [   0.006s] (258/289) quest-optimizer-worker::bin/quest-optimizer-worker zx::tests::extracted_scalar_phase_is_recovered_with_candidate_target_order
        PASS [   0.005s] (259/289) quest-optimizer-worker::bin/quest-optimizer-worker zx::tests::pivot_and_gadget_rules_are_exercised_under_bounds
        PASS [   0.005s] (260/289) quest-optimizer-worker::bin/quest-optimizer-worker zx::tests::pivot_cross_neighborhood_growth_is_rejected_before_mutation
        PASS [   0.025s] (261/289) quest-optimizer-worker::zx_process real_zx_worker_returns_phase_sensitive_certificate_for_original_interface
        PASS [   0.010s] (262/289) quest-optimizer-worker::bin/quest-optimizer-worker zx::tests::exactly_supported_signed_controls_survive_extraction
        PASS [   0.004s] (263/289) quest-optimizer-worker::bin/quest-optimizer-worker zx::tests::zero_qubit_scalar_and_deterministic_seed_interface_are_preserved
        PASS [   0.005s] (264/289) quest-optimizer-worker::bin/quest-optimizer-worker zx::tests::rule_limits_reject_vertices_edges_examinations_and_rewrites
        PASS [   0.005s] (265/289) quest-optimizer-worker::bin/quest-optimizer-worker zx::tests::unsupported_controls_and_malformed_interfaces_return_errors
        PASS [   0.007s] (266/289) quest-optimizer-worker::bin/quest-optimizer-worker zx::tests::real_engine_cancels_gates_and_preserves_idle_interface
        PASS [   0.019s] (267/289) quest-optimizer-worker::bin/quest-optimizer-worker mitm::exact::tests::two_qubit_ordered_targets_use_full_embedded_matrices
        PASS [   0.043s] (268/289) quest-optimizer-client::process_contract memory_limit_is_applied_before_worker_execution
        PASS [   0.044s] (269/289) quest-optimizer-worker::bin/quest-optimizer-worker mitm::exact::tests::legal_large_target_is_not_rejected_by_small_table_coefficient_cap
        PASS [   0.063s] (270/289) quest-optimizer-worker::bin/quest-optimizer-worker mitm::representatives::tests::exhaustive_small_words_preserve_every_continuation_cost
        PASS [   0.062s] (271/289) quest-optimizer-worker::bin/quest-optimizer-worker synthesis::tests::exact_pi_over_four_preserves_scalar_phase_at_twelve_digits
        PASS [   0.079s] (272/289) quest-optimizer-worker::synthesis_process fixed_exact_phase_sequence_survives_the_bounded_process
        PASS [   0.092s] (273/289) quest-optimizer-client::process_contract timeout_and_output_limit_kill_the_process_group
        PASS [   0.122s] (274/289) quest-optimizer-worker::synthesis_process nontrivial_process_certificate_lifts_to_signed_controls_without_losing_its_bound
        PASS [   0.112s] (275/289) quest-optimizer-worker::bin/quest-optimizer-worker synthesis::tests::x_and_y_basis_changes_retain_full_phase
        PASS [   0.129s] (276/289) quest-optimizer-worker::circuit_contract explicit_synthesis_retains_target_identity_control_phase_and_local_certificates
        PASS [   0.209s] (277/289) quest-circuit rational::tests::rational_pi_rejects_uncertainty_beyond_the_precision_cap
        PASS [   0.158s] (278/289) quest-optimizer-worker::structured_contract structured_synthesis_maps_a_middle_target_and_mixed_controls
        PASS [   0.165s] (279/289) quest-optimizer-worker::structured_contract structured_synthesis_preserves_signed_control_phase_and_source_export
        PASS [   0.231s] (280/289) quest-circuit::differential randomized_exact_pass_and_fusion_preserve_complex_state_including_phase
        PASS [   0.250s] (281/289) quest-circuit::parity_contract seeded_affine_phase_windows_preserve_every_basis_column_and_scalar_phase
        PASS [   0.203s] (282/289) quest-optimizer-worker::bin/quest-optimizer-worker mitm::exact::tests::exact_mitm_distinguishes_complete_absence_from_partial_enumeration
        PASS [   0.205s] (283/289) quest-optimizer-worker::bin/quest-optimizer-worker synthesis::tests::seeded_pi_over_seven_is_deterministic_and_certified_at_twelve_digits
        PASS [   0.217s] (284/289) quest-optimizer-worker::bin/quest-optimizer-worker zx::tests::complete_uncontrolled_gate_set_and_exact_control_extensions_certify
        PASS [   0.488s] (285/289) quest-optimizer-client::process_contract exited_leader_with_inherited_pipes_keeps_cleanup_ownership
        PASS [   0.521s] (286/289) quest-optimizer-worker::structured_contract structured_synthesis_bounds_exclusive_paths_and_proves_finite_loop_counts
        PASS [   0.658s] (287/289) quest-circuit::provenance_contract long_merge_history_is_linear_and_expands_every_source_without_recursion
        PASS [   0.833s] (288/289) quest-optimizer-worker::synthesis_process seeded_targets_are_reproducible_and_independently_certified
        PASS [   4.852s] (289/289) quest-circuit::compile_fail invalid_dsl_and_semantic_capabilities_are_rejected
────────────
     Summary [   4.853s] 289 tests run: 289 passed, 0 skipped
