warning: quest-sys@0.2.0: Using QuEST 4.3.0 from <quest-install> with /usr/bin/c++
warning: quest-sys@0.2.0: Verified rsmpi MPICC /usr/lib64/mpich/bin/mpicc matches QuEST MPI ABI and loaded library
warning: `feature(generic_const_exprs)` is not supported with the next-generation trait solver
 --> crates/quest-polynomial/src/lib.rs:1:30
  |
1 | #![feature(const_trait_impl, generic_const_exprs)]
  |                              ^^^^^^^^^^^^^^^^^^^
  |
  = note: `-Znext-solver=globally` is currently enabled by default for testing
  = note: reverted the setting to `-Znext-solver=coherence` for this crate
  = note: the currently stable trait solver will be used for this crate
  = note: see issues #160895 <https://github.com/rust-lang/rust/issues/160895> for more information

warning: `quest-polynomial` (lib) generated 1 warning
    Checking quest-qsvt v0.1.0 (<workspace>/crates/quest-qsvt)
warning: `feature(generic_const_exprs)` is not supported with the next-generation trait solver
 --> crates/quest-polynomial/tests/remez_static.rs:5:12
  |
5 | #![feature(generic_const_exprs)]
  |            ^^^^^^^^^^^^^^^^^^^
  |
  = note: `-Znext-solver=globally` is currently enabled by default for testing
  = note: reverted the setting to `-Znext-solver=coherence` for this crate
  = note: the currently stable trait solver will be used for this crate
  = note: see issues #160895 <https://github.com/rust-lang/rust/issues/160895> for more information

warning: `feature(generic_const_exprs)` is not supported with the next-generation trait solver
 --> crates/quest-polynomial/tests/functions.rs:1:41
  |
1 | #![feature(const_trait_impl, const_ops, generic_const_exprs)]
  |                                         ^^^^^^^^^^^^^^^^^^^
  |
  = note: `-Znext-solver=globally` is currently enabled by default for testing
  = note: reverted the setting to `-Znext-solver=coherence` for this crate
  = note: the currently stable trait solver will be used for this crate
  = note: see issues #160895 <https://github.com/rust-lang/rust/issues/160895> for more information

warning: `quest-polynomial` (test "remez_static") generated 1 warning
warning: `quest-polynomial` (test "functions") generated 1 warning
warning: `quest-polynomial` (lib test) generated 1 warning (1 duplicate)
    Checking quest-qsvt-io v0.1.0 (<workspace>/crates/quest-qsvt-io)
    Checking quest-rs v0.1.0 (<workspace>/crates/quest)
    Checking xtask v0.1.0 (<workspace>/crates/xtask)
    Checking quest-cfd v0.1.0 (<workspace>/crates/quest-cfd)
    Checking quest-qsvt-cli v0.1.0 (<workspace>/crates/quest-qsvt-cli)
    Finished `dev` profile [unoptimized + debuginfo] target(s) in 6.66s
