warning: `feature(generic_const_exprs)` is not supported with the next-generation trait solver
 --> crates/quest-polynomial/src/lib.rs:1:30
  |
1 | #![feature(const_trait_impl, generic_const_exprs)]
  |                              ^^^^^^^^^^^^^^^^^^^
  |
  = note: `-Znext-solver=globally` is currently enabled by default for testing
  = note: reverted the setting to `-Znext-solver=coherence` for this crate
  = note: the currently stable trait solver will be used for this crate
  = note: see issues #160895 <https://github.com/rust-lang/rust/issues/160895> for more information

warning: `quest-polynomial` (lib) generated 1 warning
   Compiling quest-qsp v0.1.0 (<workspace>/crates/quest-qsp)
   Compiling quest-qsvt v0.1.0 (<workspace>/crates/quest-qsvt)
    Finished `test` profile [unoptimized + debuginfo] target(s) in 0.91s
     Running tests/matching_digest.rs (target/debug/build/quest-qsvt/a44b501aeaabd2f8/out/matching_digest-a44b501aeaabd2f8)

running 2 tests
test opposite_phases_do_not_cancel_in_completed_record_admission ... FAILED
test digest_retains_signed_zero_and_partition_order_independence ... FAILED

failures:

---- opposite_phases_do_not_cancel_in_completed_record_admission stdout ----

thread 'opposite_phases_do_not_cancel_in_completed_record_admission' (402) panicked at crates/quest-qsvt/tests/matching_digest.rs:15:3:
opposite phases admitted for dimension 4
note: run with `RUST_BACKTRACE=1` environment variable to display a backtrace

---- digest_retains_signed_zero_and_partition_order_independence stdout ----

thread 'digest_retains_signed_zero_and_partition_order_independence' (401) panicked at crates/quest-qsvt/tests/matching_digest.rs:35:2:
assertion `left != right` failed
  left: 6949299378159703680
 right: 6949299378159703680


failures:
    digest_retains_signed_zero_and_partition_order_independence
    opposite_phases_do_not_cancel_in_completed_record_admission

test result: FAILED. 0 passed; 2 failed; 0 ignored; 0 measured; 0 filtered out; finished in 0.00s

error: test failed, to rerun pass `-p quest-qsvt --test matching_digest`
