warning: `feature(generic_const_exprs)` is not supported with the next-generation trait solver
 --> crates/quest-polynomial/src/lib.rs:1:30
  |
1 | #![feature(const_trait_impl, generic_const_exprs)]
  |                              ^^^^^^^^^^^^^^^^^^^
  |
  = note: `-Znext-solver=globally` is currently enabled by default for testing
  = note: reverted the setting to `-Znext-solver=coherence` for this crate
  = note: the currently stable trait solver will be used for this crate
  = note: see issues #160895 <https://github.com/rust-lang/rust/issues/160895> for more information

warning: `quest-polynomial` (lib) generated 1 warning
   Compiling quest-qsvt v0.1.0 (<workspace>/crates/quest-qsvt)
   Compiling quest-qsvt-io v0.1.0 (<workspace>/crates/quest-qsvt-io)
    Finished `test` profile [unoptimized + debuginfo] target(s) in 2.54s
     Running tests/sharded_matching.rs (target/debug/build/quest-qsvt-io/86e189b6e1bb192d/out/sharded_matching-86e189b6e1bb192d)

running 11 tests
test shard_file_admission_reserves_header_and_final_partial_chunk ... ok
test shard_admission_charges_chunk_buffers_and_frozen_angle_consistency ... ok
test manifest_rejects_escaped_strings_before_serde_scratch_allocation ... ok
test manifest_charges_encoded_and_decoded_storage_together ... ok
test obsolete_additive_fnv_manifest_version_is_rejected ... ok
test manifest_bucket_budget_precedes_decoding_an_excess_receipt ... ok
test sharded_hdf5_roundtrip_preserves_frozen_angles_and_reverse_chunks ... ok
test manifest_rejects_large_filename_before_copying_it ... ok
test opened_bucket_owns_snapshot_and_rejects_incompatible_repartition ... ok
test sharded_manifest_rejects_incomplete_coverage_and_changed_files ... ok
test shard_writer_rejects_wrong_owner_and_does_not_overwrite ... ok

test result: ok. 11 passed; 0 failed; 0 ignored; 0 measured; 0 filtered out; finished in 0.02s

