• Running devenv:files:cleanup
✓ Running devenv:files:cleanup in 16.7ms
• Running devenv:enterShell
✓ Running devenv:enterShell in 23.6ms
• Running devenv:enterTest
✓ Running devenv:enterTest in 541ns (no command)
   Compiling quest-synthesis v0.1.0 (/path/to/quest-rs/crates/quest-synthesis)
    Finished `test` profile [unoptimized + debuginfo] target(s) in 0.93s
     Running tests/resources.rs (target/debug/build/quest-synthesis/8b2970aec9bf13a9/out/resources-8b2970aec9bf13a9)

running 1 test
test live_grid_storage_is_unavailable_to_candidate_callbacks ... FAILED

failures:

---- live_grid_storage_is_unavailable_to_candidate_callbacks stdout ----

thread 'live_grid_storage_is_unavailable_to_candidate_callbacks' (3414468) panicked at crates/quest-synthesis/tests/resources.rs:23:5:
assertion failed: matches!(result,
    Err(SynthesisError::Budget { .. } |
    SynthesisError::Math(quest_math::Error::Budget { .. } |
    quest_math::Error::Resource(_))))
note: run with `RUST_BACKTRACE=1` environment variable to display a backtrace


failures:
    live_grid_storage_is_unavailable_to_candidate_callbacks

test result: FAILED. 0 passed; 1 failed; 0 ignored; 0 measured; 4 filtered out; finished in 1.95s

error: test failed, to rerun pass `-p quest-synthesis --test resources`
