this derivation will be built:
  /nix/store/g344rzzwbr5yh8z10rhnxhniharcfxmv-quest-mpi-validation-4.3.0.drv
these 12 paths will be fetched (9.6 MiB download, 73.8 MiB unpacked):
  /nix/store/rgqbywci9k8jclrss45iswn4yqj94l3z-libevent-2.1.13-dev
  /nix/store/2cc3a9n9xx49y36pjvnlr0390jbdqvag-libevent-2.1.13-openssl
  /nix/store/0vx50c0ljyqkc4nzdmppqmgdj6nbcj94-munge-0.5.18
  /nix/store/0vhvnr9npn4ip6q7hx534incg97wsw1m-munge-0.5.18-dev
  /nix/store/0m9xiikdhvky53vc7cvvv6lm00javxhl-openmp-21.1.8-dev
  /nix/store/4qip1zra36mhxwfqrw9h5imqghwl4wcl-openmpi-5.0.10
  /nix/store/rdalrrvgqig1hz05ma3j8ws07fnc8s6l-openmpi-5.0.10-dev
  /nix/store/ycnh992z47k0qcrk0r1ky2hl3v992x05-openmpi-5.0.10-man
  /nix/store/ijj2d54mvibhzs2lrcg57nd8sa1ngw9q-pmix-6.1.0
  /nix/store/8nkfd713sj7lacbgacwgbzfbmp34jmci-pmix-6.1.0-dev
  /nix/store/9fkbvl1gkf4zv07fd83lljhk1b5znb8f-prrte-4.1.0
  /nix/store/01ia2kpscrbdc14jmsfknksg1nydcmpi-stdenv-darwin
copying path '/nix/store/ycnh992z47k0qcrk0r1ky2hl3v992x05-openmpi-5.0.10-man' from 'https://cache.nixos.org'...
copying path '/nix/store/0m9xiikdhvky53vc7cvvv6lm00javxhl-openmp-21.1.8-dev' from 'https://cache.nixos.org'...
copying path '/nix/store/01ia2kpscrbdc14jmsfknksg1nydcmpi-stdenv-darwin' from 'https://cache.nixos.org'...
copying path '/nix/store/0vx50c0ljyqkc4nzdmppqmgdj6nbcj94-munge-0.5.18' from 'https://cache.nixos.org'...
copying path '/nix/store/2cc3a9n9xx49y36pjvnlr0390jbdqvag-libevent-2.1.13-openssl' from 'https://cache.nixos.org'...
copying path '/nix/store/rgqbywci9k8jclrss45iswn4yqj94l3z-libevent-2.1.13-dev' from 'https://cache.nixos.org'...
copying path '/nix/store/0vhvnr9npn4ip6q7hx534incg97wsw1m-munge-0.5.18-dev' from 'https://cache.nixos.org'...
copying path '/nix/store/ijj2d54mvibhzs2lrcg57nd8sa1ngw9q-pmix-6.1.0' from 'https://cache.nixos.org'...
copying path '/nix/store/8nkfd713sj7lacbgacwgbzfbmp34jmci-pmix-6.1.0-dev' from 'https://cache.nixos.org'...
copying path '/nix/store/9fkbvl1gkf4zv07fd83lljhk1b5znb8f-prrte-4.1.0' from 'https://cache.nixos.org'...
copying path '/nix/store/4qip1zra36mhxwfqrw9h5imqghwl4wcl-openmpi-5.0.10' from 'https://cache.nixos.org'...
copying path '/nix/store/rdalrrvgqig1hz05ma3j8ws07fnc8s6l-openmpi-5.0.10-dev' from 'https://cache.nixos.org'...
building '/nix/store/g344rzzwbr5yh8z10rhnxhniharcfxmv-quest-mpi-validation-4.3.0.drv'...
