     Locking 90 packages to highest Rust 1.100.0-nightly compatible versions
   Compiling autocfg v1.5.1
   Compiling proc-macro2 v1.0.107
   Compiling quote v1.0.47
   Compiling unicode-ident v1.0.24
   Compiling bytemuck v1.25.2
   Compiling nano-gemm-codegen v0.2.1
   Compiling bitflags v2.13.1
   Compiling num-traits v0.2.19
   Compiling paste v1.0.15
   Compiling version_check v0.9.5
   Compiling libm v0.2.16
   Compiling raw-cpuid v11.6.0
   Compiling pulp v0.22.3
   Compiling num-complex v0.4.6
   Compiling cfg-if v1.0.4
   Compiling pulp-wasm-simd-flag v0.1.1
   Compiling reborrow v0.5.5
   Compiling dyn-stack-macros v0.1.3
   Compiling seq-macro v0.3.6
   Compiling dyn-stack v0.13.2
   Compiling once_cell v1.21.4
   Compiling syn v1.0.109
   Compiling nano-gemm-core v0.2.1
   Compiling libc v0.2.189
   Compiling syn v2.0.119
   Compiling syn v3.0.5
   Compiling interpol v0.2.1
   Compiling nano-gemm-c64 v0.2.1
   Compiling nano-gemm-f32 v0.2.1
   Compiling nano-gemm-f64 v0.2.1
   Compiling nano-gemm-c32 v0.2.1
   Compiling equivalent v1.0.2
   Compiling foldhash v0.1.5
   Compiling defer v0.2.1
   Compiling hashbrown v0.17.1
   Compiling gemm-common v0.19.0
   Compiling thiserror v2.0.20
   Compiling thiserror-impl v2.0.20
   Compiling hashbrown v0.15.5
   Compiling indexmap v2.14.0
   Compiling private-gemm-x86 v0.1.20
   Compiling equator-macro v0.2.1
   Compiling fixedbitset v0.5.7
   Compiling equator v0.2.2
   Compiling petgraph v0.8.3
   Compiling num_cpus v1.17.0
   Compiling gemm-c32 v0.19.0
   Compiling gemm-c64 v0.19.0
   Compiling gemm-f32 v0.19.0
   Compiling gemm-f64 v0.19.0
   Compiling qd v0.8.0
   Compiling num-integer v0.1.47
   Compiling generativity v1.2.1
   Compiling zmij v1.0.23
   Compiling equator-macro v0.6.0
   Compiling serde_core v1.0.229
   Compiling equator v0.6.0
   Compiling faer-traits v0.24.0
   Compiling gemm v0.19.0
   Compiling quest-language v0.1.0 (/var/home/erich/Projects/quest-rs/crates/quest-language)
   Compiling nano-gemm v0.2.2
   Compiling serde_json v1.0.151
   Compiling faer v0.24.4
   Compiling quest-qasm v0.1.0 (/var/home/erich/Projects/quest-rs/crates/quest-qasm)
   Compiling num-rational v0.4.2
   Compiling num-bigint v0.5.1
   Compiling itoa v1.0.18
   Compiling memchr v2.8.3
   Compiling quest-circuit v0.1.0 (/var/home/erich/Projects/quest-rs/crates/quest-circuit)
   Compiling quest-roadmap-baseline v0.0.0 (/var/home/erich/Projects/quest-rs/.superpowers/worktrees/optimization-roadmap/.superpowers/sdd/2026-09-28-optimization-roadmap-implementation/compiler-baseline-attempt1)
    Finished `release` profile [optimized] target(s) in 34.73s
