• Validating lock
✓ Validating lock in 6.29ms
  evaluating file '«nix-internal»/derivation-internal.nix'
• Configuring shell
• Configuring cachix
✓ Configuring cachix in 1.97ms
• Evaluating shell
✓ Evaluating shell in 4.21ms (cached)
✓ Configuring shell in 8.16ms
• Loading tasks
• Evaluating devenv.config.task.config
✓ Evaluating devenv.config.task.config in 276µs (cached)
✓ Loading tasks in 1.02ms
• Running tasks
• Running devenv:files:cleanup
✓ Running devenv:files:cleanup in 10.1ms
• Running devenv:enterShell
✓ Running devenv:enterShell in 7.37ms
• Running devenv:enterTest
✓ Running devenv:enterTest in 470ns (no command)
✓ Running tasks in 17.6ms
