• Validating lock
✓ Validating lock in 6.02ms
  evaluating file '«nix-internal»/derivation-internal.nix'
• Configuring shell
• Configuring cachix
✓ Configuring cachix in 1.82ms
• Evaluating shell
✓ Evaluating shell in 3.78ms (cached)
✓ Configuring shell in 7.84ms
• Loading tasks
• Evaluating devenv.config.task.config
✓ Evaluating devenv.config.task.config in 242µs (cached)
✓ Loading tasks in 848µs
• Running tasks
• Running devenv:files:cleanup
✓ Running devenv:files:cleanup in 7.24ms
• Running devenv:enterShell
✓ Running devenv:enterShell in 7.20ms
• Running devenv:enterTest
✓ Running devenv:enterTest in 300ns (no command)
✓ Running tasks in 14.5ms
    Finished `test` profile [unoptimized + debuginfo] target(s) in 0.07s
────────────
 Nextest run ID 3c855180-b814-474d-b52d-e81c3158690d with nextest profile: default
    Starting 249 tests across 31 binaries
        PASS [   0.003s] (  1/249) quest-circuit::adapters_contract bindings_share_frozen_operands_without_merging_occurrences
        PASS [   0.003s] (  2/249) quest-circuit::adapters_contract bound_plan_checks_native_indices_without_an_empty_intermediate_stage
        PASS [   0.003s] (  3/249) quest-circuit::adapters_contract checked_gate_adapter_uses_registry_arity_and_finite_parameters
        PASS [   0.005s] (  4/249) quest-circuit::artifact_contract artifact_admission_bounds_deserialization_and_aggregate_matrix_reconstruction
        PASS [   0.007s] (  5/249) quest-circuit::artifact_contract artifact_load_rechecks_ir_and_capture_evidence_even_with_valid_digest
        PASS [   0.005s] (  6/249) quest-circuit::artifact_contract artifact_unknown_fields_are_incompatible_even_with_recomputed_digest
        PASS [   0.162s] (  7/249) quest-circuit::artifact_contract finite_synthesis_evidence_survives_normal_import_and_compiled_export
        PASS [   0.168s] (  8/249) quest-circuit::artifact_contract historical_local_evidence_never_grants_current_executable_equivalence
        PASS [   0.007s] (  9/249) quest-circuit::artifact_contract macro_and_builder_exact_captures_roundtrip_and_bad_envelopes_fail
        PASS [   0.007s] ( 10/249) quest-circuit::artifact_contract matrix_channel_oracle_and_finite_provenance_roundtrip
        PASS [   0.005s] ( 11/249) quest-circuit::artifact_contract source_and_compiled_exports_remain_distinct_and_load_retains_optimized_ssa
        PASS [   0.163s] ( 12/249) quest-circuit::artifact_contract synthesis_artifact_retains_and_rechecks_certificate_evidence
        PASS [   0.004s] ( 13/249) quest-circuit::beam_approx_contract approximate_mitm_admits_request_limits_before_any_worker_call
        PASS [   0.010s] ( 14/249) quest-circuit::beam_approx_contract approximate_mitm_classifies_certified_overlimit_output_as_worker_rejection
        PASS [   0.007s] ( 15/249) quest-circuit::beam_approx_contract approximate_mitm_large_output_ceiling_reserves_only_reachable_depth
        PASS [   0.007s] ( 16/249) quest-circuit::beam_approx_contract approximate_mitm_lifts_full_phase_through_negative_control_after_effect_fence
        PASS [   0.009s] ( 17/249) quest-circuit::beam_approx_contract approximate_mitm_rejects_forged_worker_and_preserves_terminal_status
        PASS [   0.012s] ( 18/249) quest-circuit::beam_approx_contract approximate_mitm_retains_other_typed_terminal_outcomes_without_publication
        PASS [   0.022s] ( 19/249) quest-circuit::beam_contract approximation_across_rounds_spends_one_exact_budget_against_original
        PASS [   0.005s] ( 20/249) quest-circuit::beam_contract beam_admits_replayed_longer_linear_candidate_before_scoring
        PASS [   0.010s] ( 21/249) quest-circuit::beam_contract beam_keeps_parent_certified_approx_mitm_region_and_rational_budget
        PASS [   0.010s] ( 22/249) quest-circuit::beam_contract beam_keeps_parent_certified_exact_mitm_region
        PASS [   0.004s] ( 23/249) quest-circuit::beam_contract beam_reports_round_and_candidate_caps_without_losing_best
        PASS [   0.004s] ( 24/249) quest-circuit::beam_contract bound_entry_rewrites_discrete_clifford_window
        PASS [   0.005s] ( 25/249) quest-circuit::beam_contract bound_entry_uses_exact_phase_targets
        PASS [   0.004s] ( 26/249) quest-circuit::beam_contract bound_work_exhaustion_keeps_original_snapshot
        PASS [   0.007s] ( 27/249) quest-circuit::beam_contract bound_worker_search_uses_discrete_source_and_preserves_bound_authority
        PASS [   0.007s] ( 28/249) quest-circuit::beam_contract budget_after_zx_worker_proof_returns_a_complete_prior_publication
        PASS [   0.004s] ( 29/249) quest-circuit::beam_contract deterministic_beam_publishes_verified_exact_improvement
        PASS [   0.007s] ( 30/249) quest-circuit::beam_contract forged_worker_envelope_is_a_typed_error
        PASS [   0.004s] ( 31/249) quest-circuit::beam_contract ideal_source_remains_original_binding_authority
        PASS [   0.010s] ( 32/249) quest-circuit::beam_contract mitm_shortlist_exhaustion_is_incomplete_even_with_original_best
        PASS [   0.011s] ( 33/249) quest-circuit::beam_contract pure_phase_window_reaches_exact_mitm_after_zx
        PASS [   0.008s] ( 34/249) quest-circuit::beam_contract rational_pi_rotation_does_not_spend_exact_mitm_slot_before_synthesis
        PASS [   0.008s] ( 35/249) quest-circuit::beam_contract synthesis_keeps_local_certificate_and_exact_cumulative_allowance
        PASS [   0.004s] ( 36/249) quest-circuit::beam_contract tied_rewrites_deduplicate_and_search_terminates_deterministically
        PASS [   0.007s] ( 37/249) quest-circuit::beam_contract worker_search_retains_exact_certificate_and_original_authority
        PASS [   0.006s] ( 38/249) quest-circuit::beam_mitm_contract exact_mitm_candidate_keeps_effect_fence_and_certified_longer_region
        PASS [   0.003s] ( 39/249) quest-circuit::beam_mitm_contract exact_mitm_charges_source_phase_replay_before_visiting_window
        PASS [   0.004s] ( 40/249) quest-circuit::beam_mitm_contract exact_mitm_charges_wide_operand_scan_before_visiting_window
        PASS [   0.006s] ( 41/249) quest-circuit::beam_mitm_contract exact_mitm_large_output_ceiling_reserves_only_reachable_depth
        PASS [   0.006s] ( 42/249) quest-circuit::beam_mitm_contract exact_mitm_preserves_signed_controls_and_preflights_work
        PASS [   0.014s] ( 43/249) quest-circuit::beam_mitm_contract exact_mitm_preserves_typed_terminal_status_and_original_program
        PASS [   0.006s] ( 44/249) quest-circuit::beam_mitm_contract exact_mitm_rejects_a_certified_worker_result_beyond_requested_depth
        PASS [   0.006s] ( 45/249) quest-circuit::beam_mitm_contract exact_mitm_rejects_a_worker_candidate_without_parent_certificate
        PASS [   0.003s] ( 46/249) quest-circuit::beam_mitm_contract exact_mitm_rejects_malformed_limits_even_without_an_eligible_window
        PASS [   0.006s] ( 47/249) quest-circuit::beam_mitm_contract exact_mitm_reports_post_request_output_cap_separately_from_preflight
        PASS [   0.007s] ( 48/249) quest-circuit::beam_mitm_contract exact_mitm_retains_symbolic_binding_obligations_across_a_fenced_region
        PASS [   0.107s] ( 49/249) quest-circuit::beam_timeout_contract worker_timeout_discards_request_and_preserves_prior_exact_improvement
        SLOW [> 60.000s] (───────) quest-circuit::compile_fail invalid_dsl_and_semantic_capabilities_are_rejected
        PASS [  70.703s] ( 50/249) quest-circuit::compile_fail invalid_dsl_and_semantic_capabilities_are_rejected
        PASS [   0.004s] ( 51/249) quest-circuit::core_contract arbitrary_rational_angles_validate_and_normalize_raw_ratios
        PASS [   0.004s] ( 52/249) quest-circuit::core_contract channel_admission_counts_existing_payloads_and_residual_scratch
        PASS [   0.004s] ( 53/249) quest-circuit::core_contract controlled_full_turn_rotation_keeps_relative_phase
        PASS [   0.004s] ( 54/249) quest-circuit::core_contract exact_cancellation_stops_at_measurement
        PASS [   0.004s] ( 55/249) quest-circuit::core_contract missing_nonfinite_and_duplicate_bindings_are_rejected
        PASS [   0.004s] ( 56/249) quest-circuit::core_contract rejects_foreign_operands_without_consuming_an_occurrence
        PASS [   0.004s] ( 57/249) quest-circuit::core_contract stochastic_and_classical_hazards_preserve_order
        PASS [   0.004s] ( 58/249) quest-circuit::core_contract upgraded_bigint_rationals_keep_large_ratio_and_subnormal_conversion
        PASS [   0.003s] ( 59/249) quest-circuit::definitions_contract adjoint_reverses_explicit_edges_without_serializing_independent_gates
        PASS [   0.004s] ( 60/249) quest-circuit::definitions_contract definition_expansion_preserves_explicit_body_dependencies
        PASS [   0.003s] ( 61/249) quest-circuit::definitions_contract failed_definition_expansion_does_not_partially_append
        PASS [   0.003s] ( 62/249) quest-circuit::definitions_contract shared_definitions_expand_with_fresh_occurrences_and_ordered_arguments
        PASS [   0.003s] ( 63/249) quest-circuit::diagnostics source_renderer_labels_original_text_and_rejects_invalid_utf8_ranges
        PASS [   0.004s] ( 64/249) quest-circuit::differential channels_are_effectful_and_completeness_is_checked
        PASS [   0.004s] ( 65/249) quest-circuit::differential controlling_a_global_phase_changes_only_the_active_branch
        PASS [   0.004s] ( 66/249) quest-circuit::differential numerical_approximate_unitarity_does_not_grant_exact_capability
        PASS [   0.177s] ( 67/249) quest-circuit::differential randomized_exact_pass_and_fusion_preserve_complex_state_including_phase
        PASS [   0.005s] ( 68/249) quest-circuit::differential union_fusion_preserves_ordered_operands_and_signed_controls
        PASS [   0.004s] ( 69/249) quest-circuit::dispatch_recipe gate_recipe_preserves_u_order_and_signed_phase_cost
        PASS [   0.004s] ( 70/249) quest-circuit::dispatch_recipe matrix_recipe_embeds_ordered_signed_controls_and_both_variants
        PASS [   0.003s] ( 71/249) quest-circuit::dispatch_recipe matrix_recipe_rejects_shifted_dimension_overflow
        PASS [   0.004s] ( 72/249) quest-circuit::dispatch_recipe nested_adjoint_oracles_share_payload_per_full_signed_profile
        PASS [   0.004s] ( 73/249) quest-circuit::dispatch_recipe preparation_shares_storage_and_ordered_profile_but_counts_occurrences
        PASS [   0.004s] ( 74/249) quest-circuit::dispatch_recipe scalar_numerical_promotes_to_one_native_qubit_and_prepares_adjoint
        PASS [   0.003s] ( 75/249) quest-circuit::generator_error_contract rotation_generation_preserves_process_classification_and_native_failures
        PASS [   0.004s] ( 76/249) quest-circuit::linear_contract candidate_generation_is_independent_of_local_shortening
        PASS [   0.003s] ( 77/249) quest-circuit::linear_contract cnot_cancellations_and_preflight_bounds_are_checked
        PASS [   0.003s] ( 78/249) quest-circuit::linear_contract gaussian_and_pmh_preserve_independent_basis_permutations_and_order
        PASS [   0.003s] ( 79/249) quest-circuit::linear_contract program_linear_windows_preserve_barriers_and_explicit_dependencies
        PASS [   0.017s] ( 80/249) quest-circuit::linear_contract seeded_binary_matrices_verify_both_algorithms_through_sixty_four_wires
        PASS [   0.004s] ( 81/249) quest-circuit::linear_contract whole_program_scan_and_output_copy_are_in_the_pass_budget
        PASS [   0.005s] ( 82/249) quest-circuit::macro_contract bell_macro_uses_the_same_builder_semantics
        PASS [   0.008s] ( 83/249) quest-circuit::macro_contract full_macro_gate_inventory_matches_builder
        PASS [   0.005s] ( 84/249) quest-circuit::macro_contract interpolation_evaluates_once_in_source_order_and_modifiers_keep_phase
        PASS [   0.004s] ( 85/249) quest-circuit::macro_contract macro_operations_retain_original_file_and_keyword_byte_ranges
        PASS [   0.004s] ( 86/249) quest-circuit::macro_contract nonfinite_interpolation_is_rejected_at_shared_admission
        PASS [   0.004s] ( 87/249) quest-circuit::matrix_contract faer_product_matches_independent_scalar_complex_fixture
        PASS [   0.003s] ( 88/249) quest-circuit::matrix_contract logical_views_are_copied_including_transpose_and_conjugation
        PASS [   0.004s] ( 89/249) quest-circuit::matrix_contract matrix_admission_checks_finiteness_shape_and_budget
        PASS [   0.004s] ( 90/249) quest-circuit::matrix_contract openqasm31_u_adjoint_keeps_the_conjugated_specification_phase
        PASS [   0.004s] ( 91/249) quest-circuit::matrix_contract openqasm31_u_has_specification_phase_and_two_pi_periodicity
        PASS [   0.003s] ( 92/249) quest-circuit::matrix_contract padding_is_counted_and_noncontiguous_views_keep_logical_coordinates
        PASS [   0.004s] ( 93/249) quest-circuit::matrix_contract registry_u_decomposition_reconstructs_the_full_specification_matrix
        PASS [   0.003s] ( 94/249) quest-circuit::matrix_contract u_realization_keeps_finite_large_phases_without_overflowing_their_sum
        PASS [   0.004s] ( 95/249) quest-circuit::optimization_contract cycles_and_classical_read_write_hazards_are_checked
        PASS [   0.004s] ( 96/249) quest-circuit::optimization_contract dependency_cancellation_crosses_proven_commuting_gates_only
        PASS [   0.020s] ( 97/249) quest-circuit::optimization_contract exact_merge_reports_retain_only_immediate_rewrite_inputs
        PASS [   0.004s] ( 98/249) quest-circuit::optimization_contract exact_rotation_merging_is_phase_correct_and_idempotent
        PASS [   0.004s] ( 99/249) quest-circuit::optimization_contract fusion_preserves_multiplication_order_and_provenance
        PASS [   0.004s] (100/249) quest-circuit::optimization_contract fusion_skips_blocks_when_retained_matrices_exhaust_program_budget
        PASS [   0.004s] (101/249) quest-circuit::optimization_contract opaque_float_rotations_are_not_merged
        PASS [   0.009s] (102/249) quest-circuit::optimization_contract rational_merging_preserves_finite_lowering
        PASS [   0.004s] (103/249) quest-circuit::optimization_contract reports_dependency_depth_before_and_after_exact_rewrites_and_fusion
        PASS [   0.004s] (104/249) quest-circuit::optimization_contract symbolic_merging_preserves_all_finite_bindings
        PASS [   0.004s] (105/249) quest-circuit::optimizer_contract bound_input_accounts_for_retained_numerical_payload_before_publication
        PASS [   0.004s] (106/249) quest-circuit::optimizer_contract changed_opaque_communication_is_unscorable
        PASS [   0.004s] (107/249) quest-circuit::optimizer_contract clifford_profile_orders_lexicographically
        PASS [   0.004s] (108/249) quest-circuit::optimizer_contract concurrent_ledger_clones_admit_only_one_retained_allowance
        PASS [   0.004s] (109/249) quest-circuit::optimizer_contract consuming_entrypoints_preserve_input_kind_and_expose_no_search
        PASS [   0.003s] (110/249) quest-circuit::optimizer_contract deployment_rejects_inconsistent_local_state_and_density_sizes
        PASS [   0.004s] (111/249) quest-circuit::optimizer_contract distributed_opaque_trace_uses_operation_content_not_fresh_occurrence_ids
        PASS [   0.004s] (112/249) quest-circuit::optimizer_contract embedded_fragment_cost_uses_actual_wider_deployment
        PASS [   0.004s] (113/249) quest-circuit::optimizer_contract failed_opaque_trace_spends_bounded_work_in_shared_ledger
        PASS [   0.004s] (114/249) quest-circuit::optimizer_contract ideal_binding_reserves_symbolic_replay_work_before_bind
        PASS [   0.004s] (115/249) quest-circuit::optimizer_contract mandatory_order_guard_rejects_deleted_endpoint_and_contraction_cycle
        PASS [   0.004s] (116/249) quest-circuit::optimizer_contract native_v1_score_is_exact_and_density_multiplier_is_single_sided
        PASS [   0.004s] (117/249) quest-circuit::optimizer_contract options_reject_invalid_global_epsilon_and_hard_limit_excess
        PASS [   0.005s] (118/249) quest-circuit::optimizer_contract ordinary_128_angle_ideal_program_fits_default_shared_work_limit
        PASS [   0.004s] (119/249) quest-circuit::optimizer_contract plan_cost_derives_u_signed_flips_and_density_scalar_noop
        PASS [   0.004s] (120/249) quest-circuit::optimizer_contract recipe_inventory_counts_density_numerical_pass_once
        PASS [   0.004s] (121/249) quest-circuit::optimizer_contract required_global_rejects_uncertified_numerical_composition
        PASS [   0.004s] (122/249) quest-circuit::optimizer_contract shared_ledger_admits_categories_under_one_limit_and_releases_bytes
        PASS [   0.005s] (123/249) quest-circuit::optimizer_contract shared_nested_oracle_trace_stops_at_work_limit_before_expansion
        PASS [   0.004s] (124/249) quest-circuit::optimizer_contract structured_input_accounts_for_retained_source_before_publication
        PASS [   0.004s] (125/249) quest-circuit::optimizer_contract structured_input_rejects_target_width_mismatch
        PASS [   0.004s] (126/249) quest-circuit::optimizer_contract warmed_ideal_clones_keep_the_same_work_admission_limit
        PASS [   0.004s] (127/249) quest-circuit::oracle_contract adjoint_reverses_operations_and_controls_global_phase
        PASS [   0.004s] (128/249) quest-circuit::oracle_contract capture_arity_is_checked_before_a_verified_plan_exists
        PASS [   0.005s] (129/249) quest-circuit::oracle_contract inverse_of_a_gate_containing_a_numerical_oracle_fails_before_dispatch
        PASS [   0.005s] (130/249) quest-circuit::oracle_contract negative_runtime_power_of_oracle_never_dispatches
        PASS [   0.005s] (131/249) quest-circuit::oracle_contract nested_call_adjoint_reverses_oracle_order_and_preserves_controls
        PASS [   0.004s] (132/249) quest-circuit::oracle_contract numerical_adjoint_is_conjugate_transpose_without_exact_admission
        PASS [   0.004s] (133/249) quest-circuit::oracle_contract portable_oracle_export_retains_global_phase_and_target_order
        PASS [   0.004s] (134/249) quest-circuit::oracle_contract retained_calls_share_storage_but_keep_distinct_occurrences
        PASS [   0.004s] (135/249) quest-circuit::oracle_contract storage_accounting_deduplicates_shared_bodies_without_deduplicating_queries
        PASS [   0.004s] (136/249) quest-circuit::oracle_contract structured_oracle_captures_once_and_preserves_calls
        PASS [   0.004s] (137/249) quest-circuit::parity_contract bound_parity_keeps_rz_two_pi_scalar_and_signed_zero_source
        PASS [   0.005s] (138/249) quest-circuit::parity_contract bound_parity_precharges_original_binding_and_independent_affine_replay
        PASS [   0.004s] (139/249) quest-circuit::parity_contract bound_symbolic_parity_cancels_only_after_original_binding_and_keeps_source_identity
        PASS [   0.004s] (140/249) quest-circuit::parity_contract bound_symbolic_parity_falls_back_on_new_overflow_and_rejects_foreign_bound_input
        PASS [   0.003s] (141/249) quest-circuit::parity_contract complemented_rz_keeps_the_exact_scalar_phase
        PASS [   0.003s] (142/249) quest-circuit::parity_contract negative_controls_and_explicit_edges_guard_parity_replacements
        PASS [   0.003s] (143/249) quest-circuit::parity_contract parity_candidate_can_be_longer_while_the_existing_pass_retains_input
        PASS [   0.004s] (144/249) quest-circuit::parity_contract program_candidate_can_start_after_an_earlier_affine_window
        PASS [   0.004s] (145/249) quest-circuit::parity_contract program_candidate_expands_a_window_after_a_fence_with_fresh_ids
        PASS [   0.004s] (146/249) quest-circuit::parity_contract program_folding_retains_rz_scalar_phase_and_stops_at_effects_and_opaque_angles
        PASS [   0.003s] (147/249) quest-circuit::parity_contract repeated_parity_phase_and_affine_x_network_fold_exactly
        PASS [   0.214s] (148/249) quest-circuit::parity_contract seeded_affine_phase_windows_preserve_every_basis_column_and_scalar_phase
        PASS [   0.004s] (149/249) quest-circuit::parity_contract shared_pivot_reuses_symmetric_difference_and_restores_the_wire
        PASS [   0.022s] (150/249) quest-circuit::provenance_contract composed_passes_budget_retained_history_even_with_one_surviving_operation
        PASS [   0.004s] (151/249) quest-circuit::provenance_contract definition_history_budget_rejection_keeps_the_builder_transactional
        PASS [   0.005s] (152/249) quest-circuit::provenance_contract diverging_snapshot_edits_cannot_exchange_history_roots
        PASS [   0.004s] (153/249) quest-circuit::provenance_contract empty_replacements_retain_distinct_rewrite_events
        PASS [   0.008s] (154/249) quest-circuit::provenance_contract exact_rewrite_work_and_history_storage_budgets_reject_without_publishing
        PASS [   0.005s] (155/249) quest-circuit::provenance_contract exact_then_fusion_preserves_history_and_current_dependency_endpoints
        PASS [   0.559s] (156/249) quest-circuit::provenance_contract long_merge_history_is_linear_and_expands_every_source_without_recursion
        PASS [   0.005s] (157/249) quest-circuit::provenance_contract parity_outputs_share_history_and_later_fusion_deduplicates_sources
        PASS [   0.004s] (158/249) quest-circuit::structured_contract capture_admission_rejects_missing_values
        PASS [   0.004s] (159/249) quest-circuit::structured_contract parsed_language_error_owns_renderable_source
        PASS [   0.004s] (160/249) quest-circuit::structured_contract structured_stages_retain_source_and_verified_loop_arguments
        PASS [   0.004s] (161/249) quest-circuit::structured_macro captures_do_not_collide_with_macro_local_names
        PASS [   0.007s] (162/249) quest-circuit::structured_macro compiler_tracked_file_and_bundled_includes_share_admission
        PASS [   0.004s] (163/249) quest-circuit::structured_macro macro_float_pi_and_integer_division_remain_language_values
        PASS [   0.004s] (164/249) quest-circuit::structured_macro macro_uses_shared_types_declarations_and_loop_ssa
        PASS [   0.004s] (165/249) quest-circuit::structured_optimization branching_join_blocks_cross_edge_cancellation
        PASS [   0.004s] (166/249) quest-circuit::structured_optimization classical_constants_enable_quantum_windows_without_crossing_trapping_work
        PASS [   0.005s] (167/249) quest-circuit::structured_optimization dynamic_indices_reference_parameters_and_effects_guard_windows
        PASS [   0.004s] (168/249) quest-circuit::structured_optimization exact_quantum_windows_cancel_across_constant_indices_and_keep_loop_cfg
        PASS [   0.004s] (169/249) quest-circuit::structured_optimization exclusive_scalar_quantum_parameter_body_can_cancel_inverse_gates
        PASS [   0.004s] (170/249) quest-circuit::structured_optimization exclusive_straight_cfg_chain_cancels_inverse_gates_and_preserves_vm
        PASS [   0.004s] (171/249) quest-circuit::structured_optimization float_parameters_only_allow_structural_inverse_and_never_ideal_pi_folding
        PASS [   0.005s] (172/249) quest-circuit::structured_optimization loop_backedge_blocks_cross_iteration_inverse_cancellation
        PASS [   0.004s] (173/249) quest-circuit::structured_optimization macro_captures_and_original_export_sources_survive_quantum_replacement
        PASS [   0.005s] (174/249) quest-circuit::structured_optimization parity_scalar_omega_is_encoded_as_a_proved_exact_clifford_word
        PASS [   0.004s] (175/249) quest-circuit::structured_optimization posttransform_compile_and_work_limits_are_enforced
        PASS [   0.008s] (176/249) quest-circuit::structured_optimization vm_executed_loop_windows_and_signed_controls_have_exact_full_matrix_equality
        PASS [   0.005s] (177/249) quest-circuit::structured_terminal exhausted_structured_transaction_keeps_original_snapshot_and_bank
        PASS [   0.005s] (178/249) quest-circuit::structured_terminal global_approximation_skips_uncertified_fusion_and_zero_wire_windows
        PASS [   0.005s] (179/249) quest-circuit::structured_terminal mixed_parameter_bodies_fuse_and_dynamic_or_trapping_windows_stay_separate
        PASS [   0.005s] (180/249) quest-circuit::structured_terminal semantic_storage_exhaustion_keeps_the_original_publication
        PASS [   0.006s] (181/249) quest-circuit::structured_terminal structured_pipeline_compares_branch_blocks_without_frequency_assumptions
        PASS [   0.005s] (182/249) quest-circuit::structured_terminal structured_pipeline_declines_unknown_mpi_communication
        PASS [   0.004s] (183/249) quest-circuit::structured_terminal structured_pipeline_exhaustion_retains_original_publication
        PASS [   0.004s] (184/249) quest-circuit::structured_terminal structured_pipeline_rejects_wrong_deployment_before_resource_fallback
        PASS [   0.005s] (185/249) quest-circuit::structured_terminal structured_pipeline_releases_scratch_before_terminal_comparison
        PASS [   0.005s] (186/249) quest-circuit::structured_terminal structured_pipeline_runs_exact_cleanup_before_terminal_fusion
        PASS [   0.005s] (187/249) quest-circuit::structured_terminal structured_terminal_publishes_ssa_and_oracles_together
        PASS [   0.005s] (188/249) quest-circuit::structured_terminal synthetic_capture_is_fresh_beside_existing_oracle_and_scalar_captures
        PASS [   0.005s] (189/249) quest-circuit::structured_terminal user_gate_bodies_stay_symbolic_for_inverse_and_negative_power
        PASS [   0.004s] (190/249) quest-circuit::symbolic_contract affine_constant_binds_without_rounding_terms_separately
        PASS [   0.003s] (191/249) quest-circuit::symbolic_contract binding_with_unrelated_declared_parameter_preserves_angle_target
        PASS [   0.004s] (192/249) quest-circuit::symbolic_contract bound_affine_angle_retains_exact_target_after_parameter_substitution
        PASS [   0.003s] (193/249) quest-circuit::symbolic_contract bound_parameter_leaf_preserves_negative_zero_bits
        PASS [   0.004s] (194/249) quest-circuit::symbolic_contract cancelled_foreign_parameter_is_still_rejected
        PASS [   0.005s] (195/249) quest-circuit::symbolic_contract cancelled_pi_leaves_keep_original_finite_conversion_obligations
        PASS [   0.003s] (196/249) quest-circuit::symbolic_contract compound_exact_definition_rejects_opaque_argument
        PASS [   0.003s] (197/249) quest-circuit::symbolic_contract definition_parameter_substitution_preserves_opaque_signed_zero
        PASS [   0.004s] (198/249) quest-circuit::symbolic_contract direct_affine_leaf_and_derived_scaling_keep_original_conversion_obligations
        PASS [   0.004s] (199/249) quest-circuit::symbolic_contract finite_exact_zero_merge_can_be_removed
        PASS [   0.004s] (200/249) quest-circuit::symbolic_contract ideal_binding_work_forecast_is_stable_after_shared_angle_conversion
        PASS [   0.003s] (201/249) quest-circuit::symbolic_contract inverse_parameter_leaf_pair_is_removed_with_retained_bindings
        PASS [   0.004s] (202/249) quest-circuit::symbolic_contract parity_rewrite_preserves_unbindable_pi_leaf
        PASS [   0.004s] (203/249) quest-circuit::terminal_contract all_pair_precedence_prevents_nontransitive_commutation
        PASS [   0.004s] (204/249) quest-circuit::terminal_contract deterministic_exhaustion_returns_original_valid_snapshot
        PASS [   0.005s] (205/249) quest-circuit::terminal_contract fusion_preserves_ordered_targets_signed_controls_and_relative_global_phase
        PASS [   0.004s] (206/249) quest-circuit::terminal_contract mandatory_edges_remain_ordered_and_prevent_contraction
        PASS [   0.004s] (207/249) quest-circuit::terminal_contract matrix_limit_includes_external_controls
        PASS [   0.004s] (208/249) quest-circuit::terminal_contract negative_control_cross_target_is_not_a_commutation_proof
        PASS [   0.004s] (209/249) quest-circuit::terminal_contract only_strict_improvement_over_identical_terminal_baseline_is_published
        PASS [   0.004s] (210/249) quest-circuit::terminal_contract opaque_matrices_are_schedule_and_fusion_boundaries
        PASS [   0.004s] (211/249) quest-circuit::terminal_contract reuse_and_preparation_cost_can_reject_a_shorter_matrix_program
        PASS [   0.004s] (212/249) quest-circuit::terminal_contract scheduling_is_stable_and_favors_compatible_ready_gates
        PASS [   0.004s] (213/249) quest-circuit::terminal_contract terminal_fusion_improves_native_score_and_marks_rounding
        PASS [   0.004s] (214/249) quest-circuit::terminal_contract unknown_mpi_cost_cannot_authorize_changed_dispatches
        PASS [   0.005s] (215/249) quest-circuit::tutorials classical_optimization_reports_changes_and_retains_export_authority
        PASS [   0.005s] (216/249) quest-circuit::tutorials compiler_tracked_source_uses_the_same_structured_pipeline
        PASS [   0.004s] (217/249) quest-circuit::tutorials ideal_builder_separates_exact_rewrites_binding_and_numerical_fusion
        PASS [   0.009s] (218/249) quest-circuit::tutorials import_export_preserves_explicit_includes_and_owned_sources
        PASS [   0.004s] (219/249) quest-circuit::tutorials numeric_widths_and_integer_division_are_explicit
        PASS [   0.004s] (220/249) quest-circuit::tutorials owned_diagnostic_retains_source_and_typed_cause
        PASS [   0.004s] (221/249) quest-circuit::tutorials structured_macro_builds_bell_program
        PASS [   0.005s] (222/249) quest-circuit::tutorials structured_quantum_optimization_keeps_syntax_and_reports_inverse_pairs
        PASS [   0.004s] (223/249) quest-circuit::tutorials typed_builder_keeps_classical_categories_and_loop_values
        PASS [   0.005s] (224/249) quest-circuit::unified_program builder_array_reference_call_preserves_mutation_and_returns_value
        PASS [   0.005s] (225/249) quest-circuit::unified_program coherent_extraction_preserves_phase_controls_and_rejects_effects
        PASS [   0.005s] (226/249) quest-circuit::unified_program exact_captures_are_typed_evaluated_once_and_kept_distinct_from_floats
        PASS [   0.157s] (227/249) quest-circuit::unified_program explicit_native_synthesis_uses_exact_capture_target_and_preserves_cancellation
        PASS [   0.005s] (228/249) quest-circuit::unified_program finite_import_preserves_measurement_feedback_and_exact_target
        PASS [   0.005s] (229/249) quest-circuit::unified_program immutable_array_binding_checks_shape_and_preserves_dynamic_bounds_traps
        PASS [   0.006s] (230/249) quest-circuit::unified_program immutable_input_specialization_is_typed_explicit_and_reuses_static_dispatch
        PASS [   0.005s] (231/249) quest-circuit::unified_program payload_register_shape_is_rejected_before_any_executable_effects
        PASS [   0.005s] (232/249) quest-circuit::unified_program prepared_capture_identity_distinguishes_signed_zero
        PASS [   0.005s] (233/249) quest-circuit::unified_program qasm_zero_division_stays_a_runtime_trap_after_prior_effects
        PASS [   0.004s] (234/249) quest-circuit::unified_program ranked_array_admission_rejects_readonly_writes_and_invalid_dimensions
        PASS [   0.004s] (235/249) quest-circuit::unified_program ranked_array_slices_preserve_alias_checks_and_array_return_values
        PASS [   0.006s] (236/249) quest-circuit::unified_program ranked_builder_arrays_preserve_io_shapes_and_mixed_reference_effects
        PASS [   0.005s] (237/249) quest-circuit::unified_program static_recipes_preserve_runtime_inputs_and_checked_captures
        PASS [   0.005s] (238/249) quest-circuit::unified_program typed_builder_embeds_finite_exact_feedback_in_common_program
        PASS [   0.005s] (239/249) quest-circuit::unified_program typed_builder_supports_effects_definitions_outputs_and_modifiers
        PASS [   0.005s] (240/249) quest-circuit::unified_program typed_effectful_procedure_accepts_quantum_and_classical_reference_parameters
        PASS [   0.005s] (241/249) quest-circuit::unified_program typed_mixed_signature_preserves_reference_alias_effects_and_scalar_types
        PASS [   0.004s] (242/249) quest-circuit::unified_program typed_mixed_signature_rejects_readonly_write_and_foreign_arguments
        PASS [   0.004s] (243/249) quest-circuit::unified_program typed_procedure_quantum_shape_and_unitary_context_are_checked
        PASS [   0.004s] (244/249) quest-circuit::worker_contract explicit_synthesis_validates_epsilon_even_without_any_rotation
        PASS [   0.023s] (245/249) quest-circuit::worker_contract numerical_oracle_calls_keep_local_certificates_without_a_global_bound
        PASS [   0.004s] (246/249) quest-circuit::worker_contract unchanged_worker_output_obeys_aggregate_provenance_budget
        PASS [   0.010s] (247/249) quest-circuit::worker_contract zx_candidate_accepts_a_longer_certified_region_with_fresh_identities
        PASS [   0.004s] (248/249) quest-circuit::worker_contract zx_candidate_propagates_worker_error_after_an_effect_fence
        PASS [   0.007s] (249/249) quest-circuit::worker_contract zx_expanded_candidate_uses_its_distinct_request_and_keeps_growth_for_scoring
────────────
     Summary [  73.634s] 249 tests run: 249 passed (1 slow), 0 skipped
