     Locking 98 packages to highest Rust 1.100.0-nightly compatible versions
   Compiling bitflags v2.13.1
   Compiling serde_core v1.0.229
   Compiling serde v1.0.229
   Compiling serde_derive v1.0.229
   Compiling raw-cpuid v11.6.0
   Compiling rustix v1.1.4
   Compiling linux-raw-sys v0.12.1
   Compiling pulp v0.22.3
   Compiling serde_json v1.0.151
   Compiling num-rational v0.4.2
   Compiling num-bigint v0.5.1
   Compiling private-gemm-x86 v0.1.20
   Compiling quest-math v0.1.0 (/var/home/erich/Projects/quest-rs/.superpowers/worktrees/optimization-roadmap/crates/quest-math)
   Compiling gemm-common v0.19.0
   Compiling gemm-c32 v0.19.0
   Compiling gemm-f64 v0.19.0
   Compiling gemm-c64 v0.19.0
   Compiling gemm-f32 v0.19.0
   Compiling qd v0.8.0
   Compiling faer-traits v0.24.0
   Compiling gemm v0.19.0
   Compiling quest-optimizer-protocol v0.1.0 (/var/home/erich/Projects/quest-rs/.superpowers/worktrees/optimization-roadmap/crates/quest-optimizer-protocol)
   Compiling quest-mathcore v0.3.1-quest.1 (/var/home/erich/Projects/quest-rs/.superpowers/worktrees/optimization-roadmap/crates/vendor/mathcore)
   Compiling faer v0.24.4
   Compiling quest-symbolic v0.1.0 (/var/home/erich/Projects/quest-rs/.superpowers/worktrees/optimization-roadmap/crates/quest-symbolic)
   Compiling quest-optimizer-client v0.1.0 (/var/home/erich/Projects/quest-rs/.superpowers/worktrees/optimization-roadmap/crates/quest-optimizer-client)
   Compiling quest-circuit v0.1.0 (/var/home/erich/Projects/quest-rs/.superpowers/worktrees/optimization-roadmap/crates/quest-circuit)
   Compiling quest-roadmap-baseline v0.0.0 (/var/home/erich/Projects/quest-rs/.superpowers/worktrees/optimization-roadmap/.superpowers/sdd/2026-09-28-optimization-roadmap-implementation/compiler-workers-attempt1)
    Finished `release` profile [optimized] target(s) in 31.99s
