   Compiling proc-macro2 v1.0.107
   Compiling quote v1.0.47
   Compiling unicode-ident v1.0.24
   Compiling autocfg v1.5.1
   Compiling libc v0.2.189
   Compiling num-traits v0.2.19
   Compiling cfg-if v1.0.4
   Compiling syn v3.0.3
   Compiling syn v2.0.119
   Compiling bytemuck v1.25.2
   Compiling num-complex v0.4.6
   Compiling libm v0.2.16
   Compiling memchr v2.8.3
   Compiling paste v1.0.15
   Compiling version_check v0.9.5
   Compiling pulp v0.22.3
   Compiling reborrow v0.5.5
   Compiling pulp-wasm-simd-flag v0.1.1
   Compiling serde_derive v1.0.229
   Compiling dyn-stack-macros v0.1.3
   Compiling dyn-stack v0.13.2
   Compiling jobserver v0.1.35
   Compiling nano-gemm-codegen v0.2.1
   Compiling find-msvc-tools v0.1.10
   Compiling shlex v2.0.1
   Compiling cc v1.4.2
   Compiling bitflags v2.13.1
   Compiling zmij v1.0.23
   Compiling seq-macro v0.3.6
   Compiling thiserror v2.0.20
   Compiling thiserror-impl v2.0.20
   Compiling serde_core v1.0.229
   Compiling serde_json v1.0.151
   Compiling itoa v1.0.18
   Compiling hashbrown v0.17.1
   Compiling equivalent v1.0.2
   Compiling syn v1.0.109
   Compiling raw-cpuid v11.6.0
   Compiling num-integer v0.1.47
   Compiling serde v1.0.229
   Compiling nano-gemm-core v0.2.1
   Compiling once_cell v1.21.4
   Compiling interpol v0.2.1
   Compiling defer v0.2.1
   Compiling indexmap v2.14.0
   Compiling nano-gemm-f32 v0.2.1
   Compiling private-gemm-x86 v0.1.20
   Compiling nano-gemm-c32 v0.2.1
   Compiling nano-gemm-f64 v0.2.1
   Compiling nano-gemm-c64 v0.2.1
   Compiling equator-macro v0.2.1
   Compiling num_cpus v1.17.0
   Compiling generativity v1.2.1
   Compiling shlex v1.3.0
   Compiling equator v0.2.2
   Compiling gemm-common v0.19.0
   Compiling equator-macro v0.6.0
   Compiling glob v0.3.4
   Compiling equator v0.6.0
   Compiling clang-sys v1.9.1
   Compiling foldhash v0.1.5
   Compiling hashbrown v0.15.5
   Compiling num-bigint v0.5.1
   Compiling nano-gemm v0.2.2
   Compiling num-rational v0.4.2
   Compiling thiserror v1.0.69
   Compiling fixedbitset v0.5.7
   Compiling regex-syntax v0.8.11
   Compiling minimal-lexical v0.2.1
   Compiling nom v7.1.3
   Compiling gemm-f64 v0.19.0
   Compiling regex-automata v0.4.18
   Compiling gemm-f32 v0.19.0
   Compiling gemm-c64 v0.19.0
   Compiling gemm-c32 v0.19.0
   Compiling qd v0.8.0
   Compiling thiserror-impl v1.0.69
   Compiling libloading v0.8.9
   Compiling shell-words v1.1.1
   Compiling bindgen v0.72.1
   Compiling pkg-config v0.3.34
   Compiling either v1.18.0
   Compiling itertools v0.13.0
   Compiling build-probe-mpi v0.1.6
   Compiling faer-traits v0.24.0
   Compiling gemm v0.19.0
   Compiling regex v1.13.1
   Compiling cexpr v0.6.0
   Compiling link-cplusplus v1.0.12
   Compiling rustc-hash v2.1.3
   Compiling typenum v1.20.1
   Compiling scratch v1.0.9
   Compiling termcolor v1.4.1
   Compiling faer v0.24.4
   Compiling hybrid-array v0.4.15
   Compiling cmake-file-api v0.1.2
   Compiling cmake v0.1.58
   Compiling unicode-width v0.2.2
   Compiling cxxbridge-flags v1.0.198
   Compiling codespan-reporting v0.13.1
   Compiling cxx v1.0.198
   Compiling quest-build v0.1.0 (/path/to/validation/architecture-synthesis/source/crates/quest-build)
   Compiling mpi-sys v0.2.4
   Compiling quest-math v0.1.0 (/path/to/validation/architecture-synthesis/source/crates/quest-math)
   Compiling winnow v1.0.4
   Compiling rustix v1.1.4
   Compiling zerocopy v0.8.57
   Compiling toml_parser v1.1.3+spec-1.1.0
   Compiling petgraph v0.8.3
   Compiling quest-symbolic v0.1.0 (/path/to/validation/architecture-synthesis/source/crates/quest-symbolic)
   Compiling cxx-build v1.0.198
   Compiling crypto-common v0.2.2
   Compiling block-buffer v0.12.1
   Compiling zerocopy-derive v0.8.57
   Compiling strength_reduce v0.2.4
   Compiling toml_datetime v1.1.1+spec-1.1.0
   Compiling linux-raw-sys v0.12.1
   Compiling const-oid v0.10.2
   Compiling digest v0.11.3
   Compiling toml_edit v0.25.13+spec-1.1.0
   Compiling transpose v0.2.3
   Compiling quest-language v0.1.0 (/path/to/validation/architecture-synthesis/source/crates/quest-language)
   Compiling quest-sys v0.2.0 (/path/to/validation/architecture-synthesis/source/crates/quest-sys)
   Compiling quest-synthesis v0.1.0 (/path/to/validation/architecture-synthesis/source/crates/quest-synthesis)
   Compiling quest-optimizer-protocol v0.1.0 (/path/to/validation/architecture-synthesis/source/crates/quest-optimizer-protocol)
   Compiling mpi v0.8.2
   Compiling primal-check v0.3.4
   Compiling aho-corasick v1.1.5
   Compiling cpufeatures v0.3.1
   Compiling custom_derive v0.1.7
   Compiling conv v0.3.3
   Compiling sha2 v0.11.0
   Compiling quest-qasm v0.1.0 (/path/to/validation/architecture-synthesis/source/crates/quest-qasm)
   Compiling rustfft v6.4.1
   Compiling quest-optimizer-client v0.1.0 (/path/to/validation/architecture-synthesis/source/crates/quest-optimizer-client)
   Compiling half v2.7.1
   Compiling proc-macro-crate v3.5.0
   Compiling cxxbridge-macro v1.0.198
   Compiling alloca v0.4.0
   Compiling maryada v0.2.1
   Compiling foldhash v0.2.0
   Compiling anstyle v1.0.14
   Compiling ciborium-io v0.2.2
   Compiling clap_lex v1.1.0
   Compiling smallvec v1.16.0
   Compiling rustversion v1.0.23
   Compiling target-tuple v1.0.2
   Compiling clap_builder v4.6.6
   Compiling ciborium-ll v0.2.2
   Compiling quest-macros v0.1.0 (/path/to/validation/architecture-synthesis/source/crates/quest-macros)
   Compiling quest-numerics v0.1.0 (/path/to/validation/architecture-synthesis/source/crates/quest-numerics)
   Compiling quest-compile v0.1.0 (/path/to/validation/architecture-synthesis/source/crates/quest-compile)
   Compiling quest-rs v0.1.0 (/path/to/validation/architecture-synthesis/source/crates/quest)
   Compiling serde_spanned v1.1.1
   Compiling toml_writer v1.1.2+spec-1.1.0
   Compiling same-file v1.0.6
   Compiling cast v0.3.0
   Compiling criterion-plot v0.8.2
   Compiling walkdir v2.5.0
   Compiling toml v1.1.5+spec-1.1.0
   Compiling quest-polynomial v0.1.0 (/path/to/validation/architecture-synthesis/source/crates/quest-polynomial)
   Compiling quest-circuit v0.1.0 (/path/to/validation/architecture-synthesis/source/crates/quest-circuit)
   Compiling clap v4.6.6
   Compiling ciborium v0.2.2
warning: quest-sys@0.2.0: Using QuEST 4.3.0 from /nix/store/5gc6ks9k2rvq28qi7qc8i30jijvvcha8-quest-mpi-validation-4.3.0 with /nix/store/0skhb15j2szcq05929gs9m1dbpiydhb7-clang-21.1.8/bin/clang++
error: failed to run custom build command for `quest-sys v0.2.0 (/path/to/validation/architecture-synthesis/source/crates/quest-sys)`

Caused by:
  process didn't exit successfully: `/path/to/validation/architecture-synthesis/source/../target-mpi/debug/build/quest-sys/013973231c493322/out/build_script_build` (exit status: 1)
  --- stdout
  cargo:rerun-if-changed=build.rs
  cargo:rerun-if-changed=src/lib.rs
  cargo:rerun-if-changed=src/mpi.rs
  cargo:rerun-if-changed=src/generated_api.rs
  cargo:rerun-if-env-changed=QUEST_DIR
  cargo:rerun-if-env-changed=QUEST_ROOT
  cargo:rerun-if-env-changed=QuEST_DIR
  cargo:rerun-if-env-changed=QuEST_ROOT
  cargo:rerun-if-env-changed=QUEST_NATIVE_CONFIG
  cargo:rerun-if-env-changed=QUEST_RUNTIME_LIBRARY_PATH
  cargo:rerun-if-env-changed=CMAKE_PREFIX_PATH
  cargo:rerun-if-env-changed=CMAKE
  cargo:rerun-if-env-changed=CMAKE_GENERATOR
  cargo:rerun-if-env-changed=CMAKE_TOOLCHAIN_FILE
  cargo:rerun-if-env-changed=CUDAToolkit_ROOT
  cargo:rerun-if-env-changed=CUDATOOLKIT_ROOT
  cargo:rerun-if-env-changed=CUDA_PATH
  cargo:rerun-if-env-changed=CUQUANTUM_ROOT
  cargo:rerun-if-env-changed=PATH
  cargo:rerun-if-env-changed=CXX
  cargo:rerun-if-env-changed=CXXFLAGS
  cargo:rerun-if-env-changed=CC
  cargo:rerun-if-env-changed=CFLAGS
  cargo:rerun-if-env-changed=LD_LIBRARY_PATH
  cargo:rerun-if-env-changed=LD_PRELOAD
  cargo:rerun-if-env-changed=LD_AUDIT
  cargo:rerun-if-env-changed=SDKROOT
  cargo:rerun-if-env-changed=DYLD_LIBRARY_PATH
  cargo:rerun-if-env-changed=DYLD_FALLBACK_LIBRARY_PATH
  cargo:rerun-if-env-changed=DYLD_INSERT_LIBRARIES
  cargo:rerun-if-env-changed=CXX_x86_64-unknown-linux-gnu
  cargo:rerun-if-env-changed=CXX_x86_64_unknown_linux_gnu
  cargo:rerun-if-env-changed=HOST_CXX
  cargo:rerun-if-env-changed=TARGET_CXX
  cargo:rerun-if-env-changed=CXXFLAGS_x86_64-unknown-linux-gnu
  cargo:rerun-if-env-changed=CXXFLAGS_x86_64_unknown_linux_gnu
  cargo:rerun-if-env-changed=HOST_CXXFLAGS
  cargo:rerun-if-env-changed=TARGET_CXXFLAGS
  cargo:rerun-if-env-changed=CXXFLAGS
  cargo:rerun-if-env-changed=CXXSTDLIB_x86_64-unknown-linux-gnu
  cargo:rerun-if-env-changed=CXXSTDLIB_x86_64_unknown_linux_gnu
  cargo:rerun-if-env-changed=HOST_CXXSTDLIB
  cargo:rerun-if-env-changed=TARGET_CXXSTDLIB
  cargo:rerun-if-env-changed=CXXSTDLIB
  cargo:rerun-if-env-changed=CMAKE_TOOLCHAIN_FILE_x86_64-unknown-linux-gnu
  cargo:rerun-if-env-changed=CMAKE_TOOLCHAIN_FILE_x86_64_unknown_linux_gnu
  cargo:rerun-if-env-changed=HOST_CMAKE_TOOLCHAIN_FILE
  cargo:rerun-if-env-changed=TARGET_CMAKE_TOOLCHAIN_FILE
  cargo:rerun-if-env-changed=CMAKE_TOOLCHAIN_FILE
  cargo:rerun-if-env-changed=CMAKE_PREFIX_PATH_x86_64-unknown-linux-gnu
  cargo:rerun-if-env-changed=CMAKE_PREFIX_PATH_x86_64_unknown_linux_gnu
  cargo:rerun-if-env-changed=HOST_CMAKE_PREFIX_PATH
  cargo:rerun-if-env-changed=TARGET_CMAKE_PREFIX_PATH
  cargo:rerun-if-env-changed=CPATH
  cargo:rerun-if-env-changed=CPLUS_INCLUDE_PATH
  cargo:rerun-if-env-changed=C_INCLUDE_PATH
  cargo:rerun-if-env-changed=OBJC_INCLUDE_PATH
  cargo:rerun-if-env-changed=GCC_EXEC_PREFIX
  cargo:rerun-if-env-changed=COMPILER_PATH
  cargo:rerun-if-env-changed=LIBRARY_PATH
  cargo:rerun-if-env-changed=CRATE_CC_NO_DEFAULTS
  cargo:rerun-if-env-changed=SDKROOT
  CMAKE_TOOLCHAIN_FILE_x86_64-unknown-linux-gnu = None
  CMAKE_TOOLCHAIN_FILE_x86_64_unknown_linux_gnu = None
  HOST_CMAKE_TOOLCHAIN_FILE = None
  CMAKE_TOOLCHAIN_FILE = None
  CMAKE_GENERATOR_x86_64-unknown-linux-gnu = None
  CMAKE_GENERATOR_x86_64_unknown_linux_gnu = None
  HOST_CMAKE_GENERATOR = None
  CMAKE_GENERATOR = None
  CMAKE_PREFIX_PATH_x86_64-unknown-linux-gnu = None
  CMAKE_PREFIX_PATH_x86_64_unknown_linux_gnu = None
  HOST_CMAKE_PREFIX_PATH = None
  CMAKE_PREFIX_PATH = Some("/nix/store/i5wli517wjps6ndji4s2rzq653qayqsy-openmpi-5.0.10-dev")
  CMAKE_x86_64-unknown-linux-gnu = None
  CMAKE_x86_64_unknown_linux_gnu = None
  HOST_CMAKE = None
  CMAKE = None
  -- The CXX compiler identification is Clang 21.1.8
  -- Detecting CXX compiler ABI info
  -- Detecting CXX compiler ABI info - done
  -- Check for working CXX compiler: /nix/store/0skhb15j2szcq05929gs9m1dbpiydhb7-clang-21.1.8/bin/clang++ - skipped
  -- Detecting CXX compile features
  -- Detecting CXX compile features - done
  -- Found MPI_CXX: /nix/store/x5afc4dcy2qg43fa1ww84rk00gvx2zfk-openmpi-5.0.10/lib/libmpi.so (found version "3.1")
  -- Found MPI: TRUE (found version "3.1") found components: CXX
  -- Configuring done (0.9s)
  -- Generating done (0.0s)
  -- Build files have been written to: /path/to/validation/architecture-synthesis/target-mpi/debug/build/quest-sys/4724bb9cd9991e9d/out/quest-native/build
  [ 50%] Building CXX object CMakeFiles/quest_bridge.dir/abi.cpp.o
  [100%] Linking CXX static library libquest_bridge.a
  [100%] Built target quest_bridge
  cargo:root=/path/to/validation/architecture-synthesis/source/../target-mpi/debug/build/quest-sys/4724bb9cd9991e9d/out/quest-native
  cargo:rerun-if-env-changed=CXX_x86_64-unknown-linux-gnu
  cargo:rerun-if-env-changed=CXX_x86_64_unknown_linux_gnu
  cargo:rerun-if-env-changed=HOST_CXX
  cargo:rerun-if-env-changed=TARGET_CXX
  cargo:rerun-if-env-changed=CXXFLAGS_x86_64-unknown-linux-gnu
  cargo:rerun-if-env-changed=CXXFLAGS_x86_64_unknown_linux_gnu
  cargo:rerun-if-env-changed=HOST_CXXFLAGS
  cargo:rerun-if-env-changed=TARGET_CXXFLAGS
  cargo:rerun-if-env-changed=CXXFLAGS
  cargo:rerun-if-env-changed=CXXSTDLIB_x86_64-unknown-linux-gnu
  cargo:rerun-if-env-changed=CXXSTDLIB_x86_64_unknown_linux_gnu
  cargo:rerun-if-env-changed=HOST_CXXSTDLIB
  cargo:rerun-if-env-changed=TARGET_CXXSTDLIB
  cargo:rerun-if-env-changed=CXXSTDLIB
  cargo:rerun-if-env-changed=CMAKE_TOOLCHAIN_FILE_x86_64-unknown-linux-gnu
  cargo:rerun-if-env-changed=CMAKE_TOOLCHAIN_FILE_x86_64_unknown_linux_gnu
  cargo:rerun-if-env-changed=HOST_CMAKE_TOOLCHAIN_FILE
  cargo:rerun-if-env-changed=TARGET_CMAKE_TOOLCHAIN_FILE
  cargo:rerun-if-env-changed=CMAKE_TOOLCHAIN_FILE
  cargo:rerun-if-env-changed=CMAKE_PREFIX_PATH_x86_64-unknown-linux-gnu
  cargo:rerun-if-env-changed=CMAKE_PREFIX_PATH_x86_64_unknown_linux_gnu
  cargo:rerun-if-env-changed=HOST_CMAKE_PREFIX_PATH
  cargo:rerun-if-env-changed=TARGET_CMAKE_PREFIX_PATH
  cargo:rerun-if-env-changed=CPATH
  cargo:rerun-if-env-changed=CPLUS_INCLUDE_PATH
  cargo:rerun-if-env-changed=C_INCLUDE_PATH
  cargo:rerun-if-env-changed=OBJC_INCLUDE_PATH
  cargo:rerun-if-env-changed=GCC_EXEC_PREFIX
  cargo:rerun-if-env-changed=COMPILER_PATH
  cargo:rerun-if-env-changed=LIBRARY_PATH
  cargo:rerun-if-env-changed=CRATE_CC_NO_DEFAULTS
  cargo:rerun-if-env-changed=SDKROOT
  cargo:rerun-if-changed=/nix/store/5gc6ks9k2rvq28qi7qc8i30jijvvcha8-quest-mpi-validation-4.3.0/include
  cargo:rerun-if-changed=/nix/store/5gc6ks9k2rvq28qi7qc8i30jijvvcha8-quest-mpi-validation-4.3.0/include/quest
  cargo:rerun-if-changed=/nix/store/5gc6ks9k2rvq28qi7qc8i30jijvvcha8-quest-mpi-validation-4.3.0/include/quest/include
  cargo:rerun-if-changed=/nix/store/5gc6ks9k2rvq28qi7qc8i30jijvvcha8-quest-mpi-validation-4.3.0/include/quest/include/calculations.h
  cargo:rerun-if-changed=/nix/store/5gc6ks9k2rvq28qi7qc8i30jijvvcha8-quest-mpi-validation-4.3.0/include/quest/include/channels.h
  cargo:rerun-if-changed=/nix/store/5gc6ks9k2rvq28qi7qc8i30jijvvcha8-quest-mpi-validation-4.3.0/include/quest/include/config.h
  cargo:rerun-if-changed=/nix/store/5gc6ks9k2rvq28qi7qc8i30jijvvcha8-quest-mpi-validation-4.3.0/include/quest/include/debug.h
  cargo:rerun-if-changed=/nix/store/5gc6ks9k2rvq28qi7qc8i30jijvvcha8-quest-mpi-validation-4.3.0/include/quest/include/decoherence.h
  cargo:rerun-if-changed=/nix/store/5gc6ks9k2rvq28qi7qc8i30jijvvcha8-quest-mpi-validation-4.3.0/include/quest/include/deprecated.h
  cargo:rerun-if-changed=/nix/store/5gc6ks9k2rvq28qi7qc8i30jijvvcha8-quest-mpi-validation-4.3.0/include/quest/include/environment.h
  cargo:rerun-if-changed=/nix/store/5gc6ks9k2rvq28qi7qc8i30jijvvcha8-quest-mpi-validation-4.3.0/include/quest/include/experimental.h
  cargo:rerun-if-changed=/nix/store/5gc6ks9k2rvq28qi7qc8i30jijvvcha8-quest-mpi-validation-4.3.0/include/quest/include/initialisations.h
  cargo:rerun-if-changed=/nix/store/5gc6ks9k2rvq28qi7qc8i30jijvvcha8-quest-mpi-validation-4.3.0/include/quest/include/matrices.h
  cargo:rerun-if-changed=/nix/store/5gc6ks9k2rvq28qi7qc8i30jijvvcha8-quest-mpi-validation-4.3.0/include/quest/include/modes.h
  cargo:rerun-if-changed=/nix/store/5gc6ks9k2rvq28qi7qc8i30jijvvcha8-quest-mpi-validation-4.3.0/include/quest/include/multiplication.h
  cargo:rerun-if-changed=/nix/store/5gc6ks9k2rvq28qi7qc8i30jijvvcha8-quest-mpi-validation-4.3.0/include/quest/include/operations.h
  cargo:rerun-if-changed=/nix/store/5gc6ks9k2rvq28qi7qc8i30jijvvcha8-quest-mpi-validation-4.3.0/include/quest/include/paulis.h
  cargo:rerun-if-changed=/nix/store/5gc6ks9k2rvq28qi7qc8i30jijvvcha8-quest-mpi-validation-4.3.0/include/quest/include/precision.h
  cargo:rerun-if-changed=/nix/store/5gc6ks9k2rvq28qi7qc8i30jijvvcha8-quest-mpi-validation-4.3.0/include/quest/include/qureg.h
  cargo:rerun-if-changed=/nix/store/5gc6ks9k2rvq28qi7qc8i30jijvvcha8-quest-mpi-validation-4.3.0/include/quest/include/trotterisation.h
  cargo:rerun-if-changed=/nix/store/5gc6ks9k2rvq28qi7qc8i30jijvvcha8-quest-mpi-validation-4.3.0/include/quest/include/types.h
  cargo:rerun-if-changed=/nix/store/5gc6ks9k2rvq28qi7qc8i30jijvvcha8-quest-mpi-validation-4.3.0/include/quest/include/wrappers.h
  cargo:rerun-if-changed=/nix/store/5gc6ks9k2rvq28qi7qc8i30jijvvcha8-quest-mpi-validation-4.3.0/include/quest.h
  cargo:rerun-if-changed=/nix/store/5gc6ks9k2rvq28qi7qc8i30jijvvcha8-quest-mpi-validation-4.3.0/lib/cmake/QuEST/QuESTConfig.cmake
  cargo:rerun-if-changed=/nix/store/5gc6ks9k2rvq28qi7qc8i30jijvvcha8-quest-mpi-validation-4.3.0/lib/cmake/QuEST/QuESTConfigDependencies.cmake
  cargo:rerun-if-changed=/nix/store/5gc6ks9k2rvq28qi7qc8i30jijvvcha8-quest-mpi-validation-4.3.0/lib/cmake/QuEST/QuESTConfigVersion.cmake
  cargo:rerun-if-changed=/nix/store/5gc6ks9k2rvq28qi7qc8i30jijvvcha8-quest-mpi-validation-4.3.0/lib/cmake/QuEST/QuESTTargets-release.cmake
  cargo:rerun-if-changed=/nix/store/5gc6ks9k2rvq28qi7qc8i30jijvvcha8-quest-mpi-validation-4.3.0/lib/cmake/QuEST/QuESTTargets.cmake
  cargo:rerun-if-changed=/nix/store/5gc6ks9k2rvq28qi7qc8i30jijvvcha8-quest-mpi-validation-4.3.0/lib/libQuEST.so.4.3.0
  cargo:rerun-if-changed=/nix/store/c3bm9h7k398cmg00d4rss6hcxkl2zbl2-cmake-4.4.2/share/cmake-4.4/Modules/CMakeCXXCompiler.cmake.in
  cargo:rerun-if-changed=/nix/store/c3bm9h7k398cmg00d4rss6hcxkl2zbl2-cmake-4.4.2/share/cmake-4.4/Modules/CMakeCXXCompilerABI.cpp
  cargo:rerun-if-changed=/nix/store/c3bm9h7k398cmg00d4rss6hcxkl2zbl2-cmake-4.4.2/share/cmake-4.4/Modules/CMakeCXXInformation.cmake
  cargo:rerun-if-changed=/nix/store/c3bm9h7k398cmg00d4rss6hcxkl2zbl2-cmake-4.4.2/share/cmake-4.4/Modules/CMakeCommonLanguageInclude.cmake
  cargo:rerun-if-changed=/nix/store/c3bm9h7k398cmg00d4rss6hcxkl2zbl2-cmake-4.4.2/share/cmake-4.4/Modules/CMakeCompilerIdDetection.cmake
  cargo:rerun-if-changed=/nix/store/c3bm9h7k398cmg00d4rss6hcxkl2zbl2-cmake-4.4.2/share/cmake-4.4/Modules/CMakeDetermineCXXCompiler.cmake
  cargo:rerun-if-changed=/nix/store/c3bm9h7k398cmg00d4rss6hcxkl2zbl2-cmake-4.4.2/share/cmake-4.4/Modules/CMakeDetermineCompiler.cmake
  cargo:rerun-if-changed=/nix/store/c3bm9h7k398cmg00d4rss6hcxkl2zbl2-cmake-4.4.2/share/cmake-4.4/Modules/CMakeDetermineCompilerABI.cmake
  cargo:rerun-if-changed=/nix/store/c3bm9h7k398cmg00d4rss6hcxkl2zbl2-cmake-4.4.2/share/cmake-4.4/Modules/CMakeDetermineCompilerId.cmake
  cargo:rerun-if-changed=/nix/store/c3bm9h7k398cmg00d4rss6hcxkl2zbl2-cmake-4.4.2/share/cmake-4.4/Modules/CMakeDetermineCompilerSupport.cmake
  cargo:rerun-if-changed=/nix/store/c3bm9h7k398cmg00d4rss6hcxkl2zbl2-cmake-4.4.2/share/cmake-4.4/Modules/CMakeDetermineSystem.cmake
  cargo:rerun-if-changed=/nix/store/c3bm9h7k398cmg00d4rss6hcxkl2zbl2-cmake-4.4.2/share/cmake-4.4/Modules/CMakeFindBinUtils.cmake
  cargo:rerun-if-changed=/nix/store/c3bm9h7k398cmg00d4rss6hcxkl2zbl2-cmake-4.4.2/share/cmake-4.4/Modules/CMakeFindDependencyMacro.cmake
  cargo:rerun-if-changed=/nix/store/c3bm9h7k398cmg00d4rss6hcxkl2zbl2-cmake-4.4.2/share/cmake-4.4/Modules/CMakeGenericSystem.cmake
  cargo:rerun-if-changed=/nix/store/c3bm9h7k398cmg00d4rss6hcxkl2zbl2-cmake-4.4.2/share/cmake-4.4/Modules/CMakeInitializeConfigs.cmake
  cargo:rerun-if-changed=/nix/store/c3bm9h7k398cmg00d4rss6hcxkl2zbl2-cmake-4.4.2/share/cmake-4.4/Modules/CMakeLanguageInformation.cmake
  cargo:rerun-if-changed=/nix/store/c3bm9h7k398cmg00d4rss6hcxkl2zbl2-cmake-4.4.2/share/cmake-4.4/Modules/CMakeParseImplicitIncludeInfo.cmake
  cargo:rerun-if-changed=/nix/store/c3bm9h7k398cmg00d4rss6hcxkl2zbl2-cmake-4.4.2/share/cmake-4.4/Modules/CMakeParseImplicitLinkInfo.cmake
  cargo:rerun-if-changed=/nix/store/c3bm9h7k398cmg00d4rss6hcxkl2zbl2-cmake-4.4.2/share/cmake-4.4/Modules/CMakeParseLibraryArchitecture.cmake
  cargo:rerun-if-changed=/nix/store/c3bm9h7k398cmg00d4rss6hcxkl2zbl2-cmake-4.4.2/share/cmake-4.4/Modules/CMakeSystem.cmake.in
  cargo:rerun-if-changed=/nix/store/c3bm9h7k398cmg00d4rss6hcxkl2zbl2-cmake-4.4.2/share/cmake-4.4/Modules/CMakeSystemSpecificInformation.cmake
  cargo:rerun-if-changed=/nix/store/c3bm9h7k398cmg00d4rss6hcxkl2zbl2-cmake-4.4.2/share/cmake-4.4/Modules/CMakeSystemSpecificInitialize.cmake
  cargo:rerun-if-changed=/nix/store/c3bm9h7k398cmg00d4rss6hcxkl2zbl2-cmake-4.4.2/share/cmake-4.4/Modules/CMakeTestCXXCompiler.cmake
  cargo:rerun-if-changed=/nix/store/c3bm9h7k398cmg00d4rss6hcxkl2zbl2-cmake-4.4.2/share/cmake-4.4/Modules/CMakeTestCompilerCommon.cmake
  cargo:rerun-if-changed=/nix/store/c3bm9h7k398cmg00d4rss6hcxkl2zbl2-cmake-4.4.2/share/cmake-4.4/Modules/CMakeUnixFindMake.cmake
  cargo:rerun-if-changed=/nix/store/c3bm9h7k398cmg00d4rss6hcxkl2zbl2-cmake-4.4.2/share/cmake-4.4/Modules/Compiler/ADSP-DetermineCompiler.cmake
  cargo:rerun-if-changed=/nix/store/c3bm9h7k398cmg00d4rss6hcxkl2zbl2-cmake-4.4.2/share/cmake-4.4/Modules/Compiler/ARMCC-DetermineCompiler.cmake
  cargo:rerun-if-changed=/nix/store/c3bm9h7k398cmg00d4rss6hcxkl2zbl2-cmake-4.4.2/share/cmake-4.4/Modules/Compiler/ARMClang-DetermineCompiler.cmake
  cargo:rerun-if-changed=/nix/store/c3bm9h7k398cmg00d4rss6hcxkl2zbl2-cmake-4.4.2/share/cmake-4.4/Modules/Compiler/AppleClang-DetermineCompiler.cmake
  cargo:rerun-if-changed=/nix/store/c3bm9h7k398cmg00d4rss6hcxkl2zbl2-cmake-4.4.2/share/cmake-4.4/Modules/Compiler/Borland-DetermineCompiler.cmake
  cargo:rerun-if-changed=/nix/store/c3bm9h7k398cmg00d4rss6hcxkl2zbl2-cmake-4.4.2/share/cmake-4.4/Modules/Compiler/CMakeCommonCompilerMacros.cmake
  cargo:rerun-if-changed=/nix/store/c3bm9h7k398cmg00d4rss6hcxkl2zbl2-cmake-4.4.2/share/cmake-4.4/Modules/Compiler/Clang-CXX.cmake
  cargo:rerun-if-changed=/nix/store/c3bm9h7k398cmg00d4rss6hcxkl2zbl2-cmake-4.4.2/share/cmake-4.4/Modules/Compiler/Clang-DetermineCompiler.cmake
  cargo:rerun-if-changed=/nix/store/c3bm9h7k398cmg00d4rss6hcxkl2zbl2-cmake-4.4.2/share/cmake-4.4/Modules/Compiler/Clang-DetermineCompilerInternal.cmake
  cargo:rerun-if-changed=/nix/store/c3bm9h7k398cmg00d4rss6hcxkl2zbl2-cmake-4.4.2/share/cmake-4.4/Modules/Compiler/Clang-FindBinUtils.cmake
  cargo:rerun-if-changed=/nix/store/c3bm9h7k398cmg00d4rss6hcxkl2zbl2-cmake-4.4.2/share/cmake-4.4/Modules/Compiler/Clang.cmake
  cargo:rerun-if-changed=/nix/store/c3bm9h7k398cmg00d4rss6hcxkl2zbl2-cmake-4.4.2/share/cmake-4.4/Modules/Compiler/Compaq-CXX-DetermineCompiler.cmake
  cargo:rerun-if-changed=/nix/store/c3bm9h7k398cmg00d4rss6hcxkl2zbl2-cmake-4.4.2/share/cmake-4.4/Modules/Compiler/Cray-DetermineCompiler.cmake
  cargo:rerun-if-changed=/nix/store/c3bm9h7k398cmg00d4rss6hcxkl2zbl2-cmake-4.4.2/share/cmake-4.4/Modules/Compiler/CrayClang-DetermineCompiler.cmake
  cargo:rerun-if-changed=/nix/store/c3bm9h7k398cmg00d4rss6hcxkl2zbl2-cmake-4.4.2/share/cmake-4.4/Modules/Compiler/Diab-DetermineCompiler.cmake
  cargo:rerun-if-changed=/nix/store/c3bm9h7k398cmg00d4rss6hcxkl2zbl2-cmake-4.4.2/share/cmake-4.4/Modules/Compiler/Embarcadero-DetermineCompiler.cmake
  cargo:rerun-if-changed=/nix/store/c3bm9h7k398cmg00d4rss6hcxkl2zbl2-cmake-4.4.2/share/cmake-4.4/Modules/Compiler/Fujitsu-DetermineCompiler.cmake
  cargo:rerun-if-changed=/nix/store/c3bm9h7k398cmg00d4rss6hcxkl2zbl2-cmake-4.4.2/share/cmake-4.4/Modules/Compiler/FujitsuClang-DetermineCompiler.cmake
  cargo:rerun-if-changed=/nix/store/c3bm9h7k398cmg00d4rss6hcxkl2zbl2-cmake-4.4.2/share/cmake-4.4/Modules/Compiler/GHS-DetermineCompiler.cmake
  cargo:rerun-if-changed=/nix/store/c3bm9h7k398cmg00d4rss6hcxkl2zbl2-cmake-4.4.2/share/cmake-4.4/Modules/Compiler/GNU-CXX-DetermineCompiler.cmake
  cargo:rerun-if-changed=/nix/store/c3bm9h7k398cmg00d4rss6hcxkl2zbl2-cmake-4.4.2/share/cmake-4.4/Modules/Compiler/GNU.cmake
  cargo:rerun-if-changed=/nix/store/c3bm9h7k398cmg00d4rss6hcxkl2zbl2-cmake-4.4.2/share/cmake-4.4/Modules/Compiler/HP-CXX-DetermineCompiler.cmake
  cargo:rerun-if-changed=/nix/store/c3bm9h7k398cmg00d4rss6hcxkl2zbl2-cmake-4.4.2/share/cmake-4.4/Modules/Compiler/IAR-DetermineCompiler.cmake
  cargo:rerun-if-changed=/nix/store/c3bm9h7k398cmg00d4rss6hcxkl2zbl2-cmake-4.4.2/share/cmake-4.4/Modules/Compiler/IBMCPP-CXX-DetermineVersionInternal.cmake
  cargo:rerun-if-changed=/nix/store/c3bm9h7k398cmg00d4rss6hcxkl2zbl2-cmake-4.4.2/share/cmake-4.4/Modules/Compiler/IBMClang-CXX-DetermineCompiler.cmake
  cargo:rerun-if-changed=/nix/store/c3bm9h7k398cmg00d4rss6hcxkl2zbl2-cmake-4.4.2/share/cmake-4.4/Modules/Compiler/Intel-DetermineCompiler.cmake
  cargo:rerun-if-changed=/nix/store/c3bm9h7k398cmg00d4rss6hcxkl2zbl2-cmake-4.4.2/share/cmake-4.4/Modules/Compiler/IntelLLVM-DetermineCompiler.cmake
  cargo:rerun-if-changed=/nix/store/c3bm9h7k398cmg00d4rss6hcxkl2zbl2-cmake-4.4.2/share/cmake-4.4/Modules/Compiler/LCC-CXX-DetermineCompiler.cmake
  cargo:rerun-if-changed=/nix/store/c3bm9h7k398cmg00d4rss6hcxkl2zbl2-cmake-4.4.2/share/cmake-4.4/Modules/Compiler/MSVC-DetermineCompiler.cmake
  cargo:rerun-if-changed=/nix/store/c3bm9h7k398cmg00d4rss6hcxkl2zbl2-cmake-4.4.2/share/cmake-4.4/Modules/Compiler/NVHPC-DetermineCompiler.cmake
  cargo:rerun-if-changed=/nix/store/c3bm9h7k398cmg00d4rss6hcxkl2zbl2-cmake-4.4.2/share/cmake-4.4/Modules/Compiler/NVIDIA-DetermineCompiler.cmake
  cargo:rerun-if-changed=/nix/store/c3bm9h7k398cmg00d4rss6hcxkl2zbl2-cmake-4.4.2/share/cmake-4.4/Modules/Compiler/OpenWatcom-DetermineCompiler.cmake
  cargo:rerun-if-changed=/nix/store/c3bm9h7k398cmg00d4rss6hcxkl2zbl2-cmake-4.4.2/share/cmake-4.4/Modules/Compiler/OrangeC-DetermineCompiler.cmake
  cargo:rerun-if-changed=/nix/store/c3bm9h7k398cmg00d4rss6hcxkl2zbl2-cmake-4.4.2/share/cmake-4.4/Modules/Compiler/PGI-DetermineCompiler.cmake
  cargo:rerun-if-changed=/nix/store/c3bm9h7k398cmg00d4rss6hcxkl2zbl2-cmake-4.4.2/share/cmake-4.4/Modules/Compiler/PathScale-DetermineCompiler.cmake
  cargo:rerun-if-changed=/nix/store/c3bm9h7k398cmg00d4rss6hcxkl2zbl2-cmake-4.4.2/share/cmake-4.4/Modules/Compiler/PellesC-DetermineCompiler.cmake
  cargo:rerun-if-changed=/nix/store/c3bm9h7k398cmg00d4rss6hcxkl2zbl2-cmake-4.4.2/share/cmake-4.4/Modules/Compiler/Renesas-DetermineCompiler.cmake
  cargo:rerun-if-changed=/nix/store/c3bm9h7k398cmg00d4rss6hcxkl2zbl2-cmake-4.4.2/share/cmake-4.4/Modules/Compiler/SCO-DetermineCompiler.cmake
  cargo:rerun-if-changed=/nix/store/c3bm9h7k398cmg00d4rss6hcxkl2zbl2-cmake-4.4.2/share/cmake-4.4/Modules/Compiler/SunPro-CXX-DetermineCompiler.cmake
  cargo:rerun-if-changed=/nix/store/c3bm9h7k398cmg00d4rss6hcxkl2zbl2-cmake-4.4.2/share/cmake-4.4/Modules/Compiler/TI-DetermineCompiler.cmake
  cargo:rerun-if-changed=/nix/store/c3bm9h7k398cmg00d4rss6hcxkl2zbl2-cmake-4.4.2/share/cmake-4.4/Modules/Compiler/TIClang-DetermineCompiler.cmake
  cargo:rerun-if-changed=/nix/store/c3bm9h7k398cmg00d4rss6hcxkl2zbl2-cmake-4.4.2/share/cmake-4.4/Modules/Compiler/Tasking-DetermineCompiler.cmake
  cargo:rerun-if-changed=/nix/store/c3bm9h7k398cmg00d4rss6hcxkl2zbl2-cmake-4.4.2/share/cmake-4.4/Modules/Compiler/VisualAge-CXX-DetermineCompiler.cmake
  cargo:rerun-if-changed=/nix/store/c3bm9h7k398cmg00d4rss6hcxkl2zbl2-cmake-4.4.2/share/cmake-4.4/Modules/Compiler/Watcom-DetermineCompiler.cmake
  cargo:rerun-if-changed=/nix/store/c3bm9h7k398cmg00d4rss6hcxkl2zbl2-cmake-4.4.2/share/cmake-4.4/Modules/Compiler/XL-CXX-DetermineCompiler.cmake
  cargo:rerun-if-changed=/nix/store/c3bm9h7k398cmg00d4rss6hcxkl2zbl2-cmake-4.4.2/share/cmake-4.4/Modules/Compiler/XLClang-CXX-DetermineCompiler.cmake
  cargo:rerun-if-changed=/nix/store/c3bm9h7k398cmg00d4rss6hcxkl2zbl2-cmake-4.4.2/share/cmake-4.4/Modules/Compiler/zOS-CXX-DetermineCompiler.cmake
  cargo:rerun-if-changed=/nix/store/c3bm9h7k398cmg00d4rss6hcxkl2zbl2-cmake-4.4.2/share/cmake-4.4/Modules/FindMPI.cmake
  cargo:rerun-if-changed=/nix/store/c3bm9h7k398cmg00d4rss6hcxkl2zbl2-cmake-4.4.2/share/cmake-4.4/Modules/FindPackageHandleStandardArgs.cmake
  cargo:rerun-if-changed=/nix/store/c3bm9h7k398cmg00d4rss6hcxkl2zbl2-cmake-4.4.2/share/cmake-4.4/Modules/FindPackageMessage.cmake
  cargo:rerun-if-changed=/nix/store/c3bm9h7k398cmg00d4rss6hcxkl2zbl2-cmake-4.4.2/share/cmake-4.4/Modules/FindPkgConfig.cmake
  cargo:rerun-if-changed=/nix/store/c3bm9h7k398cmg00d4rss6hcxkl2zbl2-cmake-4.4.2/share/cmake-4.4/Modules/Internal/CMakeCXXLinkerInformation.cmake
  cargo:rerun-if-changed=/nix/store/c3bm9h7k398cmg00d4rss6hcxkl2zbl2-cmake-4.4.2/share/cmake-4.4/Modules/Internal/CMakeCommonLinkerInformation.cmake
  cargo:rerun-if-changed=/nix/store/c3bm9h7k398cmg00d4rss6hcxkl2zbl2-cmake-4.4.2/share/cmake-4.4/Modules/Internal/CMakeDetermineLinkerId.cmake
  cargo:rerun-if-changed=/nix/store/c3bm9h7k398cmg00d4rss6hcxkl2zbl2-cmake-4.4.2/share/cmake-4.4/Modules/Internal/CMakeInspectCXXLinker.cmake
  cargo:rerun-if-changed=/nix/store/c3bm9h7k398cmg00d4rss6hcxkl2zbl2-cmake-4.4.2/share/cmake-4.4/Modules/Internal/FeatureTesting.cmake
  cargo:rerun-if-changed=/nix/store/c3bm9h7k398cmg00d4rss6hcxkl2zbl2-cmake-4.4.2/share/cmake-4.4/Modules/Linker/GNU-CXX.cmake
  cargo:rerun-if-changed=/nix/store/c3bm9h7k398cmg00d4rss6hcxkl2zbl2-cmake-4.4.2/share/cmake-4.4/Modules/Linker/GNU.cmake
  cargo:rerun-if-changed=/nix/store/c3bm9h7k398cmg00d4rss6hcxkl2zbl2-cmake-4.4.2/share/cmake-4.4/Modules/Platform/Linker/GNU.cmake
  cargo:rerun-if-changed=/nix/store/c3bm9h7k398cmg00d4rss6hcxkl2zbl2-cmake-4.4.2/share/cmake-4.4/Modules/Platform/Linker/Linux-GNU-CXX.cmake
  cargo:rerun-if-changed=/nix/store/c3bm9h7k398cmg00d4rss6hcxkl2zbl2-cmake-4.4.2/share/cmake-4.4/Modules/Platform/Linker/Linux-GNU.cmake
  cargo:rerun-if-changed=/nix/store/c3bm9h7k398cmg00d4rss6hcxkl2zbl2-cmake-4.4.2/share/cmake-4.4/Modules/Platform/Linux-Clang-CXX.cmake
  cargo:rerun-if-changed=/nix/store/c3bm9h7k398cmg00d4rss6hcxkl2zbl2-cmake-4.4.2/share/cmake-4.4/Modules/Platform/Linux-Determine-CXX.cmake
  cargo:rerun-if-changed=/nix/store/c3bm9h7k398cmg00d4rss6hcxkl2zbl2-cmake-4.4.2/share/cmake-4.4/Modules/Platform/Linux-GNU-CXX.cmake
  cargo:rerun-if-changed=/nix/store/c3bm9h7k398cmg00d4rss6hcxkl2zbl2-cmake-4.4.2/share/cmake-4.4/Modules/Platform/Linux-GNU.cmake
  cargo:rerun-if-changed=/nix/store/c3bm9h7k398cmg00d4rss6hcxkl2zbl2-cmake-4.4.2/share/cmake-4.4/Modules/Platform/Linux-Initialize.cmake
  cargo:rerun-if-changed=/nix/store/c3bm9h7k398cmg00d4rss6hcxkl2zbl2-cmake-4.4.2/share/cmake-4.4/Modules/Platform/Linux.cmake
  cargo:rerun-if-changed=/nix/store/c3bm9h7k398cmg00d4rss6hcxkl2zbl2-cmake-4.4.2/share/cmake-4.4/Modules/Platform/UnixPaths.cmake
  cargo:rerun-if-changed=/nix/store/i5wli517wjps6ndji4s2rzq653qayqsy-openmpi-5.0.10-dev/include
  cargo:rerun-if-changed=/nix/store/i5wli517wjps6ndji4s2rzq653qayqsy-openmpi-5.0.10-dev/include/mpi-ext.h
  cargo:rerun-if-changed=/nix/store/i5wli517wjps6ndji4s2rzq653qayqsy-openmpi-5.0.10-dev/include/mpi.h
  cargo:rerun-if-changed=/nix/store/i5wli517wjps6ndji4s2rzq653qayqsy-openmpi-5.0.10-dev/include/mpi_portable_platform.h
  cargo:rerun-if-changed=/nix/store/i5wli517wjps6ndji4s2rzq653qayqsy-openmpi-5.0.10-dev/include/mpif-c-constants-decl.h
  cargo:rerun-if-changed=/nix/store/i5wli517wjps6ndji4s2rzq653qayqsy-openmpi-5.0.10-dev/include/mpif-config.h
  cargo:rerun-if-changed=/nix/store/i5wli517wjps6ndji4s2rzq653qayqsy-openmpi-5.0.10-dev/include/mpif-constants.h
  cargo:rerun-if-changed=/nix/store/i5wli517wjps6ndji4s2rzq653qayqsy-openmpi-5.0.10-dev/include/mpif-ext.h
  cargo:rerun-if-changed=/nix/store/i5wli517wjps6ndji4s2rzq653qayqsy-openmpi-5.0.10-dev/include/mpif-externals.h
  cargo:rerun-if-changed=/nix/store/i5wli517wjps6ndji4s2rzq653qayqsy-openmpi-5.0.10-dev/include/mpif-handles.h
  cargo:rerun-if-changed=/nix/store/i5wli517wjps6ndji4s2rzq653qayqsy-openmpi-5.0.10-dev/include/mpif-io-constants.h
  cargo:rerun-if-changed=/nix/store/i5wli517wjps6ndji4s2rzq653qayqsy-openmpi-5.0.10-dev/include/mpif-io-handles.h
  cargo:rerun-if-changed=/nix/store/i5wli517wjps6ndji4s2rzq653qayqsy-openmpi-5.0.10-dev/include/mpif-sentinels.h
  cargo:rerun-if-changed=/nix/store/i5wli517wjps6ndji4s2rzq653qayqsy-openmpi-5.0.10-dev/include/mpif-sizeof.h
  cargo:rerun-if-changed=/nix/store/i5wli517wjps6ndji4s2rzq653qayqsy-openmpi-5.0.10-dev/include/mpif.h
  cargo:rerun-if-changed=/nix/store/i5wli517wjps6ndji4s2rzq653qayqsy-openmpi-5.0.10-dev/include/mpp
  cargo:rerun-if-changed=/nix/store/i5wli517wjps6ndji4s2rzq653qayqsy-openmpi-5.0.10-dev/include/mpp/shmem.fh
  cargo:rerun-if-changed=/nix/store/i5wli517wjps6ndji4s2rzq653qayqsy-openmpi-5.0.10-dev/include/mpp/shmem.h
  cargo:rerun-if-changed=/nix/store/i5wli517wjps6ndji4s2rzq653qayqsy-openmpi-5.0.10-dev/include/openmpi
  cargo:rerun-if-changed=/nix/store/i5wli517wjps6ndji4s2rzq653qayqsy-openmpi-5.0.10-dev/include/openmpi/mpiext
  cargo:rerun-if-changed=/nix/store/i5wli517wjps6ndji4s2rzq653qayqsy-openmpi-5.0.10-dev/include/openmpi/mpiext/mpiext_affinity_c.h
  cargo:rerun-if-changed=/nix/store/i5wli517wjps6ndji4s2rzq653qayqsy-openmpi-5.0.10-dev/include/openmpi/mpiext/mpiext_cuda_c.h
  cargo:rerun-if-changed=/nix/store/i5wli517wjps6ndji4s2rzq653qayqsy-openmpi-5.0.10-dev/include/openmpi/mpiext/mpiext_ftmpi_c.h
  cargo:rerun-if-changed=/nix/store/i5wli517wjps6ndji4s2rzq653qayqsy-openmpi-5.0.10-dev/include/openmpi/mpiext/mpiext_ftmpi_mpifh.h
  cargo:rerun-if-changed=/nix/store/i5wli517wjps6ndji4s2rzq653qayqsy-openmpi-5.0.10-dev/include/openmpi/mpiext/mpiext_rocm_c.h
  cargo:rerun-if-changed=/nix/store/i5wli517wjps6ndji4s2rzq653qayqsy-openmpi-5.0.10-dev/include/openmpi/mpiext/mpiext_shortfloat_c.h
  cargo:rerun-if-changed=/nix/store/i5wli517wjps6ndji4s2rzq653qayqsy-openmpi-5.0.10-dev/include/openmpi/mpiext/mpiext_shortfloat_mpifh.h
  cargo:rerun-if-changed=/nix/store/i5wli517wjps6ndji4s2rzq653qayqsy-openmpi-5.0.10-dev/include/openshmem
  cargo:rerun-if-changed=/nix/store/i5wli517wjps6ndji4s2rzq653qayqsy-openmpi-5.0.10-dev/include/openshmem/oshmem
  cargo:rerun-if-changed=/nix/store/i5wli517wjps6ndji4s2rzq653qayqsy-openmpi-5.0.10-dev/include/openshmem/oshmem/constants.h
  cargo:rerun-if-changed=/nix/store/i5wli517wjps6ndji4s2rzq653qayqsy-openmpi-5.0.10-dev/include/openshmem/oshmem/frameworks.h
  cargo:rerun-if-changed=/nix/store/i5wli517wjps6ndji4s2rzq653qayqsy-openmpi-5.0.10-dev/include/openshmem/oshmem/types.h
  cargo:rerun-if-changed=/nix/store/i5wli517wjps6ndji4s2rzq653qayqsy-openmpi-5.0.10-dev/include/openshmem/oshmem/version.h
  cargo:rerun-if-changed=/nix/store/i5wli517wjps6ndji4s2rzq653qayqsy-openmpi-5.0.10-dev/include/openshmem/oshmem_config.h
  cargo:rerun-if-changed=/nix/store/i5wli517wjps6ndji4s2rzq653qayqsy-openmpi-5.0.10-dev/include/pshmem.h
  cargo:rerun-if-changed=/nix/store/i5wli517wjps6ndji4s2rzq653qayqsy-openmpi-5.0.10-dev/include/pshmemx.h
  cargo:rerun-if-changed=/nix/store/i5wli517wjps6ndji4s2rzq653qayqsy-openmpi-5.0.10-dev/include/shmem-compat.h
  cargo:rerun-if-changed=/nix/store/i5wli517wjps6ndji4s2rzq653qayqsy-openmpi-5.0.10-dev/include/shmem.fh
  cargo:rerun-if-changed=/nix/store/i5wli517wjps6ndji4s2rzq653qayqsy-openmpi-5.0.10-dev/include/shmem.h
  cargo:rerun-if-changed=/nix/store/i5wli517wjps6ndji4s2rzq653qayqsy-openmpi-5.0.10-dev/include/shmemx.h
  cargo:rerun-if-changed=/nix/store/x5afc4dcy2qg43fa1ww84rk00gvx2zfk-openmpi-5.0.10/lib/libmpi.so
  cargo:rerun-if-changed=/nix/store/x5afc4dcy2qg43fa1ww84rk00gvx2zfk-openmpi-5.0.10/lib/libmpi.so.40.40.7
  cargo:rerun-if-changed=/path/to/validation/architecture-synthesis/target-mpi/debug/build/quest-sys/4724bb9cd9991e9d/out/quest-native/build/CMakeFiles/4.4.2/CMakeCXXCompiler.cmake
  cargo:rerun-if-changed=/path/to/validation/architecture-synthesis/target-mpi/debug/build/quest-sys/4724bb9cd9991e9d/out/quest-native/build/CMakeFiles/4.4.2/CMakeSystem.cmake
  cargo:rerun-if-changed=src/lib.rs
  cargo:rerun-if-changed=src/generated_api.rs
  cargo:rerun-if-changed=src/mpi.rs
  cargo:CXXBRIDGE_PREFIX=quest-sys
  cargo:CXXBRIDGE_LINKS=QuEST
  cargo:CXXBRIDGE_DIR0=/path/to/validation/architecture-synthesis/source/../target-mpi/debug/build/quest-sys/4724bb9cd9991e9d/out/cxxbridge/include
  cargo:CXXBRIDGE_DIR1=/path/to/validation/architecture-synthesis/source/../target-mpi/debug/build/quest-sys/4724bb9cd9991e9d/out/cxxbridge/crate
  cargo:rerun-if-changed=src/cxx_bindings
  cargo:rerun-if-changed=src/cxx_bindings/quest_bindings.cpp
  cargo:rerun-if-changed=src/cxx_bindings/quest_generated_bindings.cpp
  cargo:rerun-if-changed=src/cxx_bindings/quest_mpi.cpp
  cargo:rerun-if-changed=src/cxx_bindings/include
  cargo:rerun-if-changed=src/cxx_bindings/include/quest_bindings.hpp
  cargo:rerun-if-changed=src/cxx_bindings/include/quest_generated_bindings.hpp
  cargo:rerun-if-changed=src/cxx_bindings/include/quest_mpi.hpp
  cargo:rerun-if-env-changed=QUEST_DIR
  cargo:rerun-if-env-changed=QUEST_ROOT
  cargo:rerun-if-env-changed=QuEST_DIR
  cargo:rerun-if-env-changed=QuEST_ROOT
  cargo:rerun-if-env-changed=QUEST_NATIVE_CONFIG
  cargo:rerun-if-env-changed=QUEST_RUNTIME_LIBRARY_PATH
  cargo:rerun-if-env-changed=CMAKE_PREFIX_PATH
  cargo:rerun-if-env-changed=CMAKE
  cargo:rerun-if-env-changed=CMAKE_GENERATOR
  cargo:rerun-if-env-changed=CMAKE_TOOLCHAIN_FILE
  cargo:rerun-if-env-changed=CUDAToolkit_ROOT
  cargo:rerun-if-env-changed=CUDATOOLKIT_ROOT
  cargo:rerun-if-env-changed=CUDA_PATH
  cargo:rerun-if-env-changed=CUQUANTUM_ROOT
  cargo:rerun-if-env-changed=PATH
  cargo:rerun-if-env-changed=CXX
  cargo:rerun-if-env-changed=CXXFLAGS
  cargo:rerun-if-env-changed=CC
  cargo:rerun-if-env-changed=CFLAGS
  cargo:rerun-if-env-changed=LD_LIBRARY_PATH
  cargo:rerun-if-env-changed=LD_PRELOAD
  cargo:rerun-if-env-changed=LD_AUDIT
  cargo:rerun-if-env-changed=SDKROOT
  cargo:rerun-if-env-changed=DYLD_LIBRARY_PATH
  cargo:rerun-if-env-changed=DYLD_FALLBACK_LIBRARY_PATH
  cargo:rerun-if-env-changed=DYLD_INSERT_LIBRARIES
  cargo:rerun-if-env-changed=CXX_x86_64-unknown-linux-gnu
  cargo:rerun-if-env-changed=CXX_x86_64_unknown_linux_gnu
  cargo:rerun-if-env-changed=HOST_CXX
  cargo:rerun-if-env-changed=TARGET_CXX
  cargo:rerun-if-env-changed=CXXFLAGS_x86_64-unknown-linux-gnu
  cargo:rerun-if-env-changed=CXXFLAGS_x86_64_unknown_linux_gnu
  cargo:rerun-if-env-changed=HOST_CXXFLAGS
  cargo:rerun-if-env-changed=TARGET_CXXFLAGS
  cargo:rerun-if-env-changed=CXXFLAGS
  cargo:rerun-if-env-changed=CXXSTDLIB_x86_64-unknown-linux-gnu
  cargo:rerun-if-env-changed=CXXSTDLIB_x86_64_unknown_linux_gnu
  cargo:rerun-if-env-changed=HOST_CXXSTDLIB
  cargo:rerun-if-env-changed=TARGET_CXXSTDLIB
  cargo:rerun-if-env-changed=CXXSTDLIB
  cargo:rerun-if-env-changed=CMAKE_TOOLCHAIN_FILE_x86_64-unknown-linux-gnu
  cargo:rerun-if-env-changed=CMAKE_TOOLCHAIN_FILE_x86_64_unknown_linux_gnu
  cargo:rerun-if-env-changed=HOST_CMAKE_TOOLCHAIN_FILE
  cargo:rerun-if-env-changed=TARGET_CMAKE_TOOLCHAIN_FILE
  cargo:rerun-if-env-changed=CMAKE_TOOLCHAIN_FILE
  cargo:rerun-if-env-changed=CMAKE_PREFIX_PATH_x86_64-unknown-linux-gnu
  cargo:rerun-if-env-changed=CMAKE_PREFIX_PATH_x86_64_unknown_linux_gnu
  cargo:rerun-if-env-changed=HOST_CMAKE_PREFIX_PATH
  cargo:rerun-if-env-changed=TARGET_CMAKE_PREFIX_PATH
  cargo:rerun-if-env-changed=CPATH
  cargo:rerun-if-env-changed=CPLUS_INCLUDE_PATH
  cargo:rerun-if-env-changed=C_INCLUDE_PATH
  cargo:rerun-if-env-changed=OBJC_INCLUDE_PATH
  cargo:rerun-if-env-changed=GCC_EXEC_PREFIX
  cargo:rerun-if-env-changed=COMPILER_PATH
  cargo:rerun-if-env-changed=LIBRARY_PATH
  cargo:rerun-if-env-changed=CRATE_CC_NO_DEFAULTS
  cargo:rerun-if-env-changed=SDKROOT
  cargo:rerun-if-changed=/path/to/validation/architecture-synthesis/source/../target-mpi/debug/build/quest-sys/4724bb9cd9991e9d/out/cxxbridge/sources/quest-sys/src/generated_api.rs.cc
  cargo:rerun-if-changed=/path/to/validation/architecture-synthesis/source/../target-mpi/debug/build/quest-sys/4724bb9cd9991e9d/out/cxxbridge/sources/quest-sys/src/lib.rs.cc
  cargo:rerun-if-changed=/path/to/validation/architecture-synthesis/source/../target-mpi/debug/build/quest-sys/4724bb9cd9991e9d/out/cxxbridge/sources/quest-sys/src/mpi.rs.cc
  cargo:rerun-if-changed=/path/to/validation/architecture-synthesis/source/crates/quest-sys/src/cxx_bindings/quest_bindings.cpp
  cargo:rerun-if-changed=/path/to/validation/architecture-synthesis/source/crates/quest-sys/src/cxx_bindings/quest_generated_bindings.cpp
  cargo:rerun-if-changed=/path/to/validation/architecture-synthesis/source/crates/quest-sys/src/cxx_bindings/quest_mpi.cpp
  cargo:rerun-if-changed=/path/to/validation/architecture-synthesis/source/../target-mpi/debug/build/quest-sys/4724bb9cd9991e9d/out
  cargo:rerun-if-changed=/path/to/validation/architecture-synthesis/source/../target-mpi/debug/build/quest-sys/4724bb9cd9991e9d/out/cxxbridge/include
  cargo:rerun-if-changed=/path/to/validation/architecture-synthesis/source/../target-mpi/debug/build/quest-sys/4724bb9cd9991e9d/out/cxxbridge/crate
  cargo:rerun-if-changed=/path/to/validation/architecture-synthesis/source/crates/quest-sys/src/cxx_bindings/include
  CMAKE_TOOLCHAIN_FILE_x86_64-unknown-linux-gnu = None
  CMAKE_TOOLCHAIN_FILE_x86_64_unknown_linux_gnu = None
  HOST_CMAKE_TOOLCHAIN_FILE = None
  CMAKE_TOOLCHAIN_FILE = None
  CMAKE_GENERATOR_x86_64-unknown-linux-gnu = None
  CMAKE_GENERATOR_x86_64_unknown_linux_gnu = None
  HOST_CMAKE_GENERATOR = None
  CMAKE_GENERATOR = None
  CMAKE_PREFIX_PATH_x86_64-unknown-linux-gnu = None
  CMAKE_PREFIX_PATH_x86_64_unknown_linux_gnu = None
  HOST_CMAKE_PREFIX_PATH = None
  CMAKE_PREFIX_PATH = Some("/nix/store/i5wli517wjps6ndji4s2rzq653qayqsy-openmpi-5.0.10-dev")
  CMAKE_x86_64-unknown-linux-gnu = None
  CMAKE_x86_64_unknown_linux_gnu = None
  HOST_CMAKE = None
  CMAKE = None
  -- The CXX compiler identification is Clang 21.1.8
  -- Detecting CXX compiler ABI info
  -- Detecting CXX compiler ABI info - done
  -- Check for working CXX compiler: /nix/store/0skhb15j2szcq05929gs9m1dbpiydhb7-clang-21.1.8/bin/clang++ - skipped
  -- Detecting CXX compile features
  -- Detecting CXX compile features - done
  -- Found MPI_CXX: /nix/store/x5afc4dcy2qg43fa1ww84rk00gvx2zfk-openmpi-5.0.10/lib/libmpi.so (found version "3.1")
  -- Found MPI: TRUE (found version "3.1") found components: CXX
  -- Configuring done (0.9s)
  -- Generating done (0.0s)
  -- Build files have been written to: /path/to/validation/architecture-synthesis/target-mpi/debug/build/quest-sys/4724bb9cd9991e9d/out/quest-native/build
  [ 12%] Building CXX object CMakeFiles/quest_bridge.dir/abi.cpp.o
  [ 25%] Building CXX object CMakeFiles/quest_bridge.dir/path/to/validation/architecture-synthesis/target-mpi/debug/build/quest-sys/4724bb9cd9991e9d/out/cxxbridge/sources/quest-sys/src/generated_api.rs.cc.o
  [ 37%] Building CXX object CMakeFiles/quest_bridge.dir/path/to/validation/architecture-synthesis/target-mpi/debug/build/quest-sys/4724bb9cd9991e9d/out/cxxbridge/sources/quest-sys/src/lib.rs.cc.o
  [ 50%] Building CXX object CMakeFiles/quest_bridge.dir/path/to/validation/architecture-synthesis/target-mpi/debug/build/quest-sys/4724bb9cd9991e9d/out/cxxbridge/sources/quest-sys/src/mpi.rs.cc.o
  [ 62%] Building CXX object CMakeFiles/quest_bridge.dir/path/to/validation/architecture-synthesis/source/crates/quest-sys/src/cxx_bindings/quest_bindings.cpp.o
  [ 75%] Building CXX object CMakeFiles/quest_bridge.dir/path/to/validation/architecture-synthesis/source/crates/quest-sys/src/cxx_bindings/quest_generated_bindings.cpp.o
  [ 87%] Building CXX object CMakeFiles/quest_bridge.dir/path/to/validation/architecture-synthesis/source/crates/quest-sys/src/cxx_bindings/quest_mpi.cpp.o
  [100%] Linking CXX static library libquest_bridge.a
  [100%] Built target quest_bridge
  cargo:root=/path/to/validation/architecture-synthesis/source/../target-mpi/debug/build/quest-sys/4724bb9cd9991e9d/out/quest-native
  cargo:rerun-if-env-changed=CXX_x86_64-unknown-linux-gnu
  cargo:rerun-if-env-changed=CXX_x86_64_unknown_linux_gnu
  cargo:rerun-if-env-changed=HOST_CXX
  cargo:rerun-if-env-changed=TARGET_CXX
  cargo:rerun-if-env-changed=CXXFLAGS_x86_64-unknown-linux-gnu
  cargo:rerun-if-env-changed=CXXFLAGS_x86_64_unknown_linux_gnu
  cargo:rerun-if-env-changed=HOST_CXXFLAGS
  cargo:rerun-if-env-changed=TARGET_CXXFLAGS
  cargo:rerun-if-env-changed=CXXFLAGS
  cargo:rerun-if-env-changed=CXXSTDLIB_x86_64-unknown-linux-gnu
  cargo:rerun-if-env-changed=CXXSTDLIB_x86_64_unknown_linux_gnu
  cargo:rerun-if-env-changed=HOST_CXXSTDLIB
  cargo:rerun-if-env-changed=TARGET_CXXSTDLIB
  cargo:rerun-if-env-changed=CXXSTDLIB
  cargo:rerun-if-env-changed=CMAKE_TOOLCHAIN_FILE_x86_64-unknown-linux-gnu
  cargo:rerun-if-env-changed=CMAKE_TOOLCHAIN_FILE_x86_64_unknown_linux_gnu
  cargo:rerun-if-env-changed=HOST_CMAKE_TOOLCHAIN_FILE
  cargo:rerun-if-env-changed=TARGET_CMAKE_TOOLCHAIN_FILE
  cargo:rerun-if-env-changed=CMAKE_TOOLCHAIN_FILE
  cargo:rerun-if-env-changed=CMAKE_PREFIX_PATH_x86_64-unknown-linux-gnu
  cargo:rerun-if-env-changed=CMAKE_PREFIX_PATH_x86_64_unknown_linux_gnu
  cargo:rerun-if-env-changed=HOST_CMAKE_PREFIX_PATH
  cargo:rerun-if-env-changed=TARGET_CMAKE_PREFIX_PATH
  cargo:rerun-if-env-changed=CPATH
  cargo:rerun-if-env-changed=CPLUS_INCLUDE_PATH
  cargo:rerun-if-env-changed=C_INCLUDE_PATH
  cargo:rerun-if-env-changed=OBJC_INCLUDE_PATH
  cargo:rerun-if-env-changed=GCC_EXEC_PREFIX
  cargo:rerun-if-env-changed=COMPILER_PATH
  cargo:rerun-if-env-changed=LIBRARY_PATH
  cargo:rerun-if-env-changed=CRATE_CC_NO_DEFAULTS
  cargo:rerun-if-env-changed=SDKROOT
  cargo:rerun-if-changed=/nix/store/5gc6ks9k2rvq28qi7qc8i30jijvvcha8-quest-mpi-validation-4.3.0/include
  cargo:rerun-if-changed=/nix/store/5gc6ks9k2rvq28qi7qc8i30jijvvcha8-quest-mpi-validation-4.3.0/include/quest
  cargo:rerun-if-changed=/nix/store/5gc6ks9k2rvq28qi7qc8i30jijvvcha8-quest-mpi-validation-4.3.0/include/quest/include
  cargo:rerun-if-changed=/nix/store/5gc6ks9k2rvq28qi7qc8i30jijvvcha8-quest-mpi-validation-4.3.0/include/quest/include/calculations.h
  cargo:rerun-if-changed=/nix/store/5gc6ks9k2rvq28qi7qc8i30jijvvcha8-quest-mpi-validation-4.3.0/include/quest/include/channels.h
  cargo:rerun-if-changed=/nix/store/5gc6ks9k2rvq28qi7qc8i30jijvvcha8-quest-mpi-validation-4.3.0/include/quest/include/config.h
  cargo:rerun-if-changed=/nix/store/5gc6ks9k2rvq28qi7qc8i30jijvvcha8-quest-mpi-validation-4.3.0/include/quest/include/debug.h
  cargo:rerun-if-changed=/nix/store/5gc6ks9k2rvq28qi7qc8i30jijvvcha8-quest-mpi-validation-4.3.0/include/quest/include/decoherence.h
  cargo:rerun-if-changed=/nix/store/5gc6ks9k2rvq28qi7qc8i30jijvvcha8-quest-mpi-validation-4.3.0/include/quest/include/deprecated.h
  cargo:rerun-if-changed=/nix/store/5gc6ks9k2rvq28qi7qc8i30jijvvcha8-quest-mpi-validation-4.3.0/include/quest/include/environment.h
  cargo:rerun-if-changed=/nix/store/5gc6ks9k2rvq28qi7qc8i30jijvvcha8-quest-mpi-validation-4.3.0/include/quest/include/experimental.h
  cargo:rerun-if-changed=/nix/store/5gc6ks9k2rvq28qi7qc8i30jijvvcha8-quest-mpi-validation-4.3.0/include/quest/include/initialisations.h
  cargo:rerun-if-changed=/nix/store/5gc6ks9k2rvq28qi7qc8i30jijvvcha8-quest-mpi-validation-4.3.0/include/quest/include/matrices.h
  cargo:rerun-if-changed=/nix/store/5gc6ks9k2rvq28qi7qc8i30jijvvcha8-quest-mpi-validation-4.3.0/include/quest/include/modes.h
  cargo:rerun-if-changed=/nix/store/5gc6ks9k2rvq28qi7qc8i30jijvvcha8-quest-mpi-validation-4.3.0/include/quest/include/multiplication.h
  cargo:rerun-if-changed=/nix/store/5gc6ks9k2rvq28qi7qc8i30jijvvcha8-quest-mpi-validation-4.3.0/include/quest/include/operations.h
  cargo:rerun-if-changed=/nix/store/5gc6ks9k2rvq28qi7qc8i30jijvvcha8-quest-mpi-validation-4.3.0/include/quest/include/paulis.h
  cargo:rerun-if-changed=/nix/store/5gc6ks9k2rvq28qi7qc8i30jijvvcha8-quest-mpi-validation-4.3.0/include/quest/include/precision.h
  cargo:rerun-if-changed=/nix/store/5gc6ks9k2rvq28qi7qc8i30jijvvcha8-quest-mpi-validation-4.3.0/include/quest/include/qureg.h
  cargo:rerun-if-changed=/nix/store/5gc6ks9k2rvq28qi7qc8i30jijvvcha8-quest-mpi-validation-4.3.0/include/quest/include/trotterisation.h
  cargo:rerun-if-changed=/nix/store/5gc6ks9k2rvq28qi7qc8i30jijvvcha8-quest-mpi-validation-4.3.0/include/quest/include/types.h
  cargo:rerun-if-changed=/nix/store/5gc6ks9k2rvq28qi7qc8i30jijvvcha8-quest-mpi-validation-4.3.0/include/quest/include/wrappers.h
  cargo:rerun-if-changed=/nix/store/5gc6ks9k2rvq28qi7qc8i30jijvvcha8-quest-mpi-validation-4.3.0/include/quest.h
  cargo:rerun-if-changed=/nix/store/5gc6ks9k2rvq28qi7qc8i30jijvvcha8-quest-mpi-validation-4.3.0/lib/cmake/QuEST/QuESTConfig.cmake
  cargo:rerun-if-changed=/nix/store/5gc6ks9k2rvq28qi7qc8i30jijvvcha8-quest-mpi-validation-4.3.0/lib/cmake/QuEST/QuESTConfigDependencies.cmake
  cargo:rerun-if-changed=/nix/store/5gc6ks9k2rvq28qi7qc8i30jijvvcha8-quest-mpi-validation-4.3.0/lib/cmake/QuEST/QuESTConfigVersion.cmake
  cargo:rerun-if-changed=/nix/store/5gc6ks9k2rvq28qi7qc8i30jijvvcha8-quest-mpi-validation-4.3.0/lib/cmake/QuEST/QuESTTargets-release.cmake
  cargo:rerun-if-changed=/nix/store/5gc6ks9k2rvq28qi7qc8i30jijvvcha8-quest-mpi-validation-4.3.0/lib/cmake/QuEST/QuESTTargets.cmake
  cargo:rerun-if-changed=/nix/store/5gc6ks9k2rvq28qi7qc8i30jijvvcha8-quest-mpi-validation-4.3.0/lib/libQuEST.so.4.3.0
  cargo:rerun-if-changed=/nix/store/c3bm9h7k398cmg00d4rss6hcxkl2zbl2-cmake-4.4.2/share/cmake-4.4/Modules/CMakeCXXCompiler.cmake.in
  cargo:rerun-if-changed=/nix/store/c3bm9h7k398cmg00d4rss6hcxkl2zbl2-cmake-4.4.2/share/cmake-4.4/Modules/CMakeCXXCompilerABI.cpp
  cargo:rerun-if-changed=/nix/store/c3bm9h7k398cmg00d4rss6hcxkl2zbl2-cmake-4.4.2/share/cmake-4.4/Modules/CMakeCXXInformation.cmake
  cargo:rerun-if-changed=/nix/store/c3bm9h7k398cmg00d4rss6hcxkl2zbl2-cmake-4.4.2/share/cmake-4.4/Modules/CMakeCommonLanguageInclude.cmake
  cargo:rerun-if-changed=/nix/store/c3bm9h7k398cmg00d4rss6hcxkl2zbl2-cmake-4.4.2/share/cmake-4.4/Modules/CMakeCompilerIdDetection.cmake
  cargo:rerun-if-changed=/nix/store/c3bm9h7k398cmg00d4rss6hcxkl2zbl2-cmake-4.4.2/share/cmake-4.4/Modules/CMakeDetermineCXXCompiler.cmake
  cargo:rerun-if-changed=/nix/store/c3bm9h7k398cmg00d4rss6hcxkl2zbl2-cmake-4.4.2/share/cmake-4.4/Modules/CMakeDetermineCompiler.cmake
  cargo:rerun-if-changed=/nix/store/c3bm9h7k398cmg00d4rss6hcxkl2zbl2-cmake-4.4.2/share/cmake-4.4/Modules/CMakeDetermineCompilerABI.cmake
  cargo:rerun-if-changed=/nix/store/c3bm9h7k398cmg00d4rss6hcxkl2zbl2-cmake-4.4.2/share/cmake-4.4/Modules/CMakeDetermineCompilerId.cmake
  cargo:rerun-if-changed=/nix/store/c3bm9h7k398cmg00d4rss6hcxkl2zbl2-cmake-4.4.2/share/cmake-4.4/Modules/CMakeDetermineCompilerSupport.cmake
  cargo:rerun-if-changed=/nix/store/c3bm9h7k398cmg00d4rss6hcxkl2zbl2-cmake-4.4.2/share/cmake-4.4/Modules/CMakeDetermineSystem.cmake
  cargo:rerun-if-changed=/nix/store/c3bm9h7k398cmg00d4rss6hcxkl2zbl2-cmake-4.4.2/share/cmake-4.4/Modules/CMakeFindBinUtils.cmake
  cargo:rerun-if-changed=/nix/store/c3bm9h7k398cmg00d4rss6hcxkl2zbl2-cmake-4.4.2/share/cmake-4.4/Modules/CMakeFindDependencyMacro.cmake
  cargo:rerun-if-changed=/nix/store/c3bm9h7k398cmg00d4rss6hcxkl2zbl2-cmake-4.4.2/share/cmake-4.4/Modules/CMakeGenericSystem.cmake
  cargo:rerun-if-changed=/nix/store/c3bm9h7k398cmg00d4rss6hcxkl2zbl2-cmake-4.4.2/share/cmake-4.4/Modules/CMakeInitializeConfigs.cmake
  cargo:rerun-if-changed=/nix/store/c3bm9h7k398cmg00d4rss6hcxkl2zbl2-cmake-4.4.2/share/cmake-4.4/Modules/CMakeLanguageInformation.cmake
  cargo:rerun-if-changed=/nix/store/c3bm9h7k398cmg00d4rss6hcxkl2zbl2-cmake-4.4.2/share/cmake-4.4/Modules/CMakeParseImplicitIncludeInfo.cmake
  cargo:rerun-if-changed=/nix/store/c3bm9h7k398cmg00d4rss6hcxkl2zbl2-cmake-4.4.2/share/cmake-4.4/Modules/CMakeParseImplicitLinkInfo.cmake
  cargo:rerun-if-changed=/nix/store/c3bm9h7k398cmg00d4rss6hcxkl2zbl2-cmake-4.4.2/share/cmake-4.4/Modules/CMakeParseLibraryArchitecture.cmake
  cargo:rerun-if-changed=/nix/store/c3bm9h7k398cmg00d4rss6hcxkl2zbl2-cmake-4.4.2/share/cmake-4.4/Modules/CMakeSystem.cmake.in
  cargo:rerun-if-changed=/nix/store/c3bm9h7k398cmg00d4rss6hcxkl2zbl2-cmake-4.4.2/share/cmake-4.4/Modules/CMakeSystemSpecificInformation.cmake
  cargo:rerun-if-changed=/nix/store/c3bm9h7k398cmg00d4rss6hcxkl2zbl2-cmake-4.4.2/share/cmake-4.4/Modules/CMakeSystemSpecificInitialize.cmake
  cargo:rerun-if-changed=/nix/store/c3bm9h7k398cmg00d4rss6hcxkl2zbl2-cmake-4.4.2/share/cmake-4.4/Modules/CMakeTestCXXCompiler.cmake
  cargo:rerun-if-changed=/nix/store/c3bm9h7k398cmg00d4rss6hcxkl2zbl2-cmake-4.4.2/share/cmake-4.4/Modules/CMakeTestCompilerCommon.cmake
  cargo:rerun-if-changed=/nix/store/c3bm9h7k398cmg00d4rss6hcxkl2zbl2-cmake-4.4.2/share/cmake-4.4/Modules/CMakeUnixFindMake.cmake
  cargo:rerun-if-changed=/nix/store/c3bm9h7k398cmg00d4rss6hcxkl2zbl2-cmake-4.4.2/share/cmake-4.4/Modules/Compiler/ADSP-DetermineCompiler.cmake
  cargo:rerun-if-changed=/nix/store/c3bm9h7k398cmg00d4rss6hcxkl2zbl2-cmake-4.4.2/share/cmake-4.4/Modules/Compiler/ARMCC-DetermineCompiler.cmake
  cargo:rerun-if-changed=/nix/store/c3bm9h7k398cmg00d4rss6hcxkl2zbl2-cmake-4.4.2/share/cmake-4.4/Modules/Compiler/ARMClang-DetermineCompiler.cmake
  cargo:rerun-if-changed=/nix/store/c3bm9h7k398cmg00d4rss6hcxkl2zbl2-cmake-4.4.2/share/cmake-4.4/Modules/Compiler/AppleClang-DetermineCompiler.cmake
  cargo:rerun-if-changed=/nix/store/c3bm9h7k398cmg00d4rss6hcxkl2zbl2-cmake-4.4.2/share/cmake-4.4/Modules/Compiler/Borland-DetermineCompiler.cmake
  cargo:rerun-if-changed=/nix/store/c3bm9h7k398cmg00d4rss6hcxkl2zbl2-cmake-4.4.2/share/cmake-4.4/Modules/Compiler/CMakeCommonCompilerMacros.cmake
  cargo:rerun-if-changed=/nix/store/c3bm9h7k398cmg00d4rss6hcxkl2zbl2-cmake-4.4.2/share/cmake-4.4/Modules/Compiler/Clang-CXX.cmake
  cargo:rerun-if-changed=/nix/store/c3bm9h7k398cmg00d4rss6hcxkl2zbl2-cmake-4.4.2/share/cmake-4.4/Modules/Compiler/Clang-DetermineCompiler.cmake
  cargo:rerun-if-changed=/nix/store/c3bm9h7k398cmg00d4rss6hcxkl2zbl2-cmake-4.4.2/share/cmake-4.4/Modules/Compiler/Clang-DetermineCompilerInternal.cmake
  cargo:rerun-if-changed=/nix/store/c3bm9h7k398cmg00d4rss6hcxkl2zbl2-cmake-4.4.2/share/cmake-4.4/Modules/Compiler/Clang-FindBinUtils.cmake
  cargo:rerun-if-changed=/nix/store/c3bm9h7k398cmg00d4rss6hcxkl2zbl2-cmake-4.4.2/share/cmake-4.4/Modules/Compiler/Clang.cmake
  cargo:rerun-if-changed=/nix/store/c3bm9h7k398cmg00d4rss6hcxkl2zbl2-cmake-4.4.2/share/cmake-4.4/Modules/Compiler/Compaq-CXX-DetermineCompiler.cmake
  cargo:rerun-if-changed=/nix/store/c3bm9h7k398cmg00d4rss6hcxkl2zbl2-cmake-4.4.2/share/cmake-4.4/Modules/Compiler/Cray-DetermineCompiler.cmake
  cargo:rerun-if-changed=/nix/store/c3bm9h7k398cmg00d4rss6hcxkl2zbl2-cmake-4.4.2/share/cmake-4.4/Modules/Compiler/CrayClang-DetermineCompiler.cmake
  cargo:rerun-if-changed=/nix/store/c3bm9h7k398cmg00d4rss6hcxkl2zbl2-cmake-4.4.2/share/cmake-4.4/Modules/Compiler/Diab-DetermineCompiler.cmake
  cargo:rerun-if-changed=/nix/store/c3bm9h7k398cmg00d4rss6hcxkl2zbl2-cmake-4.4.2/share/cmake-4.4/Modules/Compiler/Embarcadero-DetermineCompiler.cmake
  cargo:rerun-if-changed=/nix/store/c3bm9h7k398cmg00d4rss6hcxkl2zbl2-cmake-4.4.2/share/cmake-4.4/Modules/Compiler/Fujitsu-DetermineCompiler.cmake
  cargo:rerun-if-changed=/nix/store/c3bm9h7k398cmg00d4rss6hcxkl2zbl2-cmake-4.4.2/share/cmake-4.4/Modules/Compiler/FujitsuClang-DetermineCompiler.cmake
  cargo:rerun-if-changed=/nix/store/c3bm9h7k398cmg00d4rss6hcxkl2zbl2-cmake-4.4.2/share/cmake-4.4/Modules/Compiler/GHS-DetermineCompiler.cmake
  cargo:rerun-if-changed=/nix/store/c3bm9h7k398cmg00d4rss6hcxkl2zbl2-cmake-4.4.2/share/cmake-4.4/Modules/Compiler/GNU-CXX-DetermineCompiler.cmake
  cargo:rerun-if-changed=/nix/store/c3bm9h7k398cmg00d4rss6hcxkl2zbl2-cmake-4.4.2/share/cmake-4.4/Modules/Compiler/GNU.cmake
  cargo:rerun-if-changed=/nix/store/c3bm9h7k398cmg00d4rss6hcxkl2zbl2-cmake-4.4.2/share/cmake-4.4/Modules/Compiler/HP-CXX-DetermineCompiler.cmake
  cargo:rerun-if-changed=/nix/store/c3bm9h7k398cmg00d4rss6hcxkl2zbl2-cmake-4.4.2/share/cmake-4.4/Modules/Compiler/IAR-DetermineCompiler.cmake
  cargo:rerun-if-changed=/nix/store/c3bm9h7k398cmg00d4rss6hcxkl2zbl2-cmake-4.4.2/share/cmake-4.4/Modules/Compiler/IBMCPP-CXX-DetermineVersionInternal.cmake
  cargo:rerun-if-changed=/nix/store/c3bm9h7k398cmg00d4rss6hcxkl2zbl2-cmake-4.4.2/share/cmake-4.4/Modules/Compiler/IBMClang-CXX-DetermineCompiler.cmake
  cargo:rerun-if-changed=/nix/store/c3bm9h7k398cmg00d4rss6hcxkl2zbl2-cmake-4.4.2/share/cmake-4.4/Modules/Compiler/Intel-DetermineCompiler.cmake
  cargo:rerun-if-changed=/nix/store/c3bm9h7k398cmg00d4rss6hcxkl2zbl2-cmake-4.4.2/share/cmake-4.4/Modules/Compiler/IntelLLVM-DetermineCompiler.cmake
  cargo:rerun-if-changed=/nix/store/c3bm9h7k398cmg00d4rss6hcxkl2zbl2-cmake-4.4.2/share/cmake-4.4/Modules/Compiler/LCC-CXX-DetermineCompiler.cmake
  cargo:rerun-if-changed=/nix/store/c3bm9h7k398cmg00d4rss6hcxkl2zbl2-cmake-4.4.2/share/cmake-4.4/Modules/Compiler/MSVC-DetermineCompiler.cmake
  cargo:rerun-if-changed=/nix/store/c3bm9h7k398cmg00d4rss6hcxkl2zbl2-cmake-4.4.2/share/cmake-4.4/Modules/Compiler/NVHPC-DetermineCompiler.cmake
  cargo:rerun-if-changed=/nix/store/c3bm9h7k398cmg00d4rss6hcxkl2zbl2-cmake-4.4.2/share/cmake-4.4/Modules/Compiler/NVIDIA-DetermineCompiler.cmake
  cargo:rerun-if-changed=/nix/store/c3bm9h7k398cmg00d4rss6hcxkl2zbl2-cmake-4.4.2/share/cmake-4.4/Modules/Compiler/OpenWatcom-DetermineCompiler.cmake
  cargo:rerun-if-changed=/nix/store/c3bm9h7k398cmg00d4rss6hcxkl2zbl2-cmake-4.4.2/share/cmake-4.4/Modules/Compiler/OrangeC-DetermineCompiler.cmake
  cargo:rerun-if-changed=/nix/store/c3bm9h7k398cmg00d4rss6hcxkl2zbl2-cmake-4.4.2/share/cmake-4.4/Modules/Compiler/PGI-DetermineCompiler.cmake
  cargo:rerun-if-changed=/nix/store/c3bm9h7k398cmg00d4rss6hcxkl2zbl2-cmake-4.4.2/share/cmake-4.4/Modules/Compiler/PathScale-DetermineCompiler.cmake
  cargo:rerun-if-changed=/nix/store/c3bm9h7k398cmg00d4rss6hcxkl2zbl2-cmake-4.4.2/share/cmake-4.4/Modules/Compiler/PellesC-DetermineCompiler.cmake
  cargo:rerun-if-changed=/nix/store/c3bm9h7k398cmg00d4rss6hcxkl2zbl2-cmake-4.4.2/share/cmake-4.4/Modules/Compiler/Renesas-DetermineCompiler.cmake
  cargo:rerun-if-changed=/nix/store/c3bm9h7k398cmg00d4rss6hcxkl2zbl2-cmake-4.4.2/share/cmake-4.4/Modules/Compiler/SCO-DetermineCompiler.cmake
  cargo:rerun-if-changed=/nix/store/c3bm9h7k398cmg00d4rss6hcxkl2zbl2-cmake-4.4.2/share/cmake-4.4/Modules/Compiler/SunPro-CXX-DetermineCompiler.cmake
  cargo:rerun-if-changed=/nix/store/c3bm9h7k398cmg00d4rss6hcxkl2zbl2-cmake-4.4.2/share/cmake-4.4/Modules/Compiler/TI-DetermineCompiler.cmake
  cargo:rerun-if-changed=/nix/store/c3bm9h7k398cmg00d4rss6hcxkl2zbl2-cmake-4.4.2/share/cmake-4.4/Modules/Compiler/TIClang-DetermineCompiler.cmake
  cargo:rerun-if-changed=/nix/store/c3bm9h7k398cmg00d4rss6hcxkl2zbl2-cmake-4.4.2/share/cmake-4.4/Modules/Compiler/Tasking-DetermineCompiler.cmake
  cargo:rerun-if-changed=/nix/store/c3bm9h7k398cmg00d4rss6hcxkl2zbl2-cmake-4.4.2/share/cmake-4.4/Modules/Compiler/VisualAge-CXX-DetermineCompiler.cmake
  cargo:rerun-if-changed=/nix/store/c3bm9h7k398cmg00d4rss6hcxkl2zbl2-cmake-4.4.2/share/cmake-4.4/Modules/Compiler/Watcom-DetermineCompiler.cmake
  cargo:rerun-if-changed=/nix/store/c3bm9h7k398cmg00d4rss6hcxkl2zbl2-cmake-4.4.2/share/cmake-4.4/Modules/Compiler/XL-CXX-DetermineCompiler.cmake
  cargo:rerun-if-changed=/nix/store/c3bm9h7k398cmg00d4rss6hcxkl2zbl2-cmake-4.4.2/share/cmake-4.4/Modules/Compiler/XLClang-CXX-DetermineCompiler.cmake
  cargo:rerun-if-changed=/nix/store/c3bm9h7k398cmg00d4rss6hcxkl2zbl2-cmake-4.4.2/share/cmake-4.4/Modules/Compiler/zOS-CXX-DetermineCompiler.cmake
  cargo:rerun-if-changed=/nix/store/c3bm9h7k398cmg00d4rss6hcxkl2zbl2-cmake-4.4.2/share/cmake-4.4/Modules/FindMPI.cmake
  cargo:rerun-if-changed=/nix/store/c3bm9h7k398cmg00d4rss6hcxkl2zbl2-cmake-4.4.2/share/cmake-4.4/Modules/FindPackageHandleStandardArgs.cmake
  cargo:rerun-if-changed=/nix/store/c3bm9h7k398cmg00d4rss6hcxkl2zbl2-cmake-4.4.2/share/cmake-4.4/Modules/FindPackageMessage.cmake
  cargo:rerun-if-changed=/nix/store/c3bm9h7k398cmg00d4rss6hcxkl2zbl2-cmake-4.4.2/share/cmake-4.4/Modules/FindPkgConfig.cmake
  cargo:rerun-if-changed=/nix/store/c3bm9h7k398cmg00d4rss6hcxkl2zbl2-cmake-4.4.2/share/cmake-4.4/Modules/Internal/CMakeCXXLinkerInformation.cmake
  cargo:rerun-if-changed=/nix/store/c3bm9h7k398cmg00d4rss6hcxkl2zbl2-cmake-4.4.2/share/cmake-4.4/Modules/Internal/CMakeCommonLinkerInformation.cmake
  cargo:rerun-if-changed=/nix/store/c3bm9h7k398cmg00d4rss6hcxkl2zbl2-cmake-4.4.2/share/cmake-4.4/Modules/Internal/CMakeDetermineLinkerId.cmake
  cargo:rerun-if-changed=/nix/store/c3bm9h7k398cmg00d4rss6hcxkl2zbl2-cmake-4.4.2/share/cmake-4.4/Modules/Internal/CMakeInspectCXXLinker.cmake
  cargo:rerun-if-changed=/nix/store/c3bm9h7k398cmg00d4rss6hcxkl2zbl2-cmake-4.4.2/share/cmake-4.4/Modules/Internal/FeatureTesting.cmake
  cargo:rerun-if-changed=/nix/store/c3bm9h7k398cmg00d4rss6hcxkl2zbl2-cmake-4.4.2/share/cmake-4.4/Modules/Linker/GNU-CXX.cmake
  cargo:rerun-if-changed=/nix/store/c3bm9h7k398cmg00d4rss6hcxkl2zbl2-cmake-4.4.2/share/cmake-4.4/Modules/Linker/GNU.cmake
  cargo:rerun-if-changed=/nix/store/c3bm9h7k398cmg00d4rss6hcxkl2zbl2-cmake-4.4.2/share/cmake-4.4/Modules/Platform/Linker/GNU.cmake
  cargo:rerun-if-changed=/nix/store/c3bm9h7k398cmg00d4rss6hcxkl2zbl2-cmake-4.4.2/share/cmake-4.4/Modules/Platform/Linker/Linux-GNU-CXX.cmake
  cargo:rerun-if-changed=/nix/store/c3bm9h7k398cmg00d4rss6hcxkl2zbl2-cmake-4.4.2/share/cmake-4.4/Modules/Platform/Linker/Linux-GNU.cmake
  cargo:rerun-if-changed=/nix/store/c3bm9h7k398cmg00d4rss6hcxkl2zbl2-cmake-4.4.2/share/cmake-4.4/Modules/Platform/Linux-Clang-CXX.cmake
  cargo:rerun-if-changed=/nix/store/c3bm9h7k398cmg00d4rss6hcxkl2zbl2-cmake-4.4.2/share/cmake-4.4/Modules/Platform/Linux-Determine-CXX.cmake
  cargo:rerun-if-changed=/nix/store/c3bm9h7k398cmg00d4rss6hcxkl2zbl2-cmake-4.4.2/share/cmake-4.4/Modules/Platform/Linux-GNU-CXX.cmake
  cargo:rerun-if-changed=/nix/store/c3bm9h7k398cmg00d4rss6hcxkl2zbl2-cmake-4.4.2/share/cmake-4.4/Modules/Platform/Linux-GNU.cmake
  cargo:rerun-if-changed=/nix/store/c3bm9h7k398cmg00d4rss6hcxkl2zbl2-cmake-4.4.2/share/cmake-4.4/Modules/Platform/Linux-Initialize.cmake
  cargo:rerun-if-changed=/nix/store/c3bm9h7k398cmg00d4rss6hcxkl2zbl2-cmake-4.4.2/share/cmake-4.4/Modules/Platform/Linux.cmake
  cargo:rerun-if-changed=/nix/store/c3bm9h7k398cmg00d4rss6hcxkl2zbl2-cmake-4.4.2/share/cmake-4.4/Modules/Platform/UnixPaths.cmake
  cargo:rerun-if-changed=/nix/store/i5wli517wjps6ndji4s2rzq653qayqsy-openmpi-5.0.10-dev/include
  cargo:rerun-if-changed=/nix/store/i5wli517wjps6ndji4s2rzq653qayqsy-openmpi-5.0.10-dev/include/mpi-ext.h
  cargo:rerun-if-changed=/nix/store/i5wli517wjps6ndji4s2rzq653qayqsy-openmpi-5.0.10-dev/include/mpi.h
  cargo:rerun-if-changed=/nix/store/i5wli517wjps6ndji4s2rzq653qayqsy-openmpi-5.0.10-dev/include/mpi_portable_platform.h
  cargo:rerun-if-changed=/nix/store/i5wli517wjps6ndji4s2rzq653qayqsy-openmpi-5.0.10-dev/include/mpif-c-constants-decl.h
  cargo:rerun-if-changed=/nix/store/i5wli517wjps6ndji4s2rzq653qayqsy-openmpi-5.0.10-dev/include/mpif-config.h
  cargo:rerun-if-changed=/nix/store/i5wli517wjps6ndji4s2rzq653qayqsy-openmpi-5.0.10-dev/include/mpif-constants.h
  cargo:rerun-if-changed=/nix/store/i5wli517wjps6ndji4s2rzq653qayqsy-openmpi-5.0.10-dev/include/mpif-ext.h
  cargo:rerun-if-changed=/nix/store/i5wli517wjps6ndji4s2rzq653qayqsy-openmpi-5.0.10-dev/include/mpif-externals.h
  cargo:rerun-if-changed=/nix/store/i5wli517wjps6ndji4s2rzq653qayqsy-openmpi-5.0.10-dev/include/mpif-handles.h
  cargo:rerun-if-changed=/nix/store/i5wli517wjps6ndji4s2rzq653qayqsy-openmpi-5.0.10-dev/include/mpif-io-constants.h
  cargo:rerun-if-changed=/nix/store/i5wli517wjps6ndji4s2rzq653qayqsy-openmpi-5.0.10-dev/include/mpif-io-handles.h
  cargo:rerun-if-changed=/nix/store/i5wli517wjps6ndji4s2rzq653qayqsy-openmpi-5.0.10-dev/include/mpif-sentinels.h
  cargo:rerun-if-changed=/nix/store/i5wli517wjps6ndji4s2rzq653qayqsy-openmpi-5.0.10-dev/include/mpif-sizeof.h
  cargo:rerun-if-changed=/nix/store/i5wli517wjps6ndji4s2rzq653qayqsy-openmpi-5.0.10-dev/include/mpif.h
  cargo:rerun-if-changed=/nix/store/i5wli517wjps6ndji4s2rzq653qayqsy-openmpi-5.0.10-dev/include/mpp
  cargo:rerun-if-changed=/nix/store/i5wli517wjps6ndji4s2rzq653qayqsy-openmpi-5.0.10-dev/include/mpp/shmem.fh
  cargo:rerun-if-changed=/nix/store/i5wli517wjps6ndji4s2rzq653qayqsy-openmpi-5.0.10-dev/include/mpp/shmem.h
  cargo:rerun-if-changed=/nix/store/i5wli517wjps6ndji4s2rzq653qayqsy-openmpi-5.0.10-dev/include/openmpi
  cargo:rerun-if-changed=/nix/store/i5wli517wjps6ndji4s2rzq653qayqsy-openmpi-5.0.10-dev/include/openmpi/mpiext
  cargo:rerun-if-changed=/nix/store/i5wli517wjps6ndji4s2rzq653qayqsy-openmpi-5.0.10-dev/include/openmpi/mpiext/mpiext_affinity_c.h
  cargo:rerun-if-changed=/nix/store/i5wli517wjps6ndji4s2rzq653qayqsy-openmpi-5.0.10-dev/include/openmpi/mpiext/mpiext_cuda_c.h
  cargo:rerun-if-changed=/nix/store/i5wli517wjps6ndji4s2rzq653qayqsy-openmpi-5.0.10-dev/include/openmpi/mpiext/mpiext_ftmpi_c.h
  cargo:rerun-if-changed=/nix/store/i5wli517wjps6ndji4s2rzq653qayqsy-openmpi-5.0.10-dev/include/openmpi/mpiext/mpiext_ftmpi_mpifh.h
  cargo:rerun-if-changed=/nix/store/i5wli517wjps6ndji4s2rzq653qayqsy-openmpi-5.0.10-dev/include/openmpi/mpiext/mpiext_rocm_c.h
  cargo:rerun-if-changed=/nix/store/i5wli517wjps6ndji4s2rzq653qayqsy-openmpi-5.0.10-dev/include/openmpi/mpiext/mpiext_shortfloat_c.h
  cargo:rerun-if-changed=/nix/store/i5wli517wjps6ndji4s2rzq653qayqsy-openmpi-5.0.10-dev/include/openmpi/mpiext/mpiext_shortfloat_mpifh.h
  cargo:rerun-if-changed=/nix/store/i5wli517wjps6ndji4s2rzq653qayqsy-openmpi-5.0.10-dev/include/openshmem
  cargo:rerun-if-changed=/nix/store/i5wli517wjps6ndji4s2rzq653qayqsy-openmpi-5.0.10-dev/include/openshmem/oshmem
  cargo:rerun-if-changed=/nix/store/i5wli517wjps6ndji4s2rzq653qayqsy-openmpi-5.0.10-dev/include/openshmem/oshmem/constants.h
  cargo:rerun-if-changed=/nix/store/i5wli517wjps6ndji4s2rzq653qayqsy-openmpi-5.0.10-dev/include/openshmem/oshmem/frameworks.h
  cargo:rerun-if-changed=/nix/store/i5wli517wjps6ndji4s2rzq653qayqsy-openmpi-5.0.10-dev/include/openshmem/oshmem/types.h
  cargo:rerun-if-changed=/nix/store/i5wli517wjps6ndji4s2rzq653qayqsy-openmpi-5.0.10-dev/include/openshmem/oshmem/version.h
  cargo:rerun-if-changed=/nix/store/i5wli517wjps6ndji4s2rzq653qayqsy-openmpi-5.0.10-dev/include/openshmem/oshmem_config.h
  cargo:rerun-if-changed=/nix/store/i5wli517wjps6ndji4s2rzq653qayqsy-openmpi-5.0.10-dev/include/pshmem.h
  cargo:rerun-if-changed=/nix/store/i5wli517wjps6ndji4s2rzq653qayqsy-openmpi-5.0.10-dev/include/pshmemx.h
  cargo:rerun-if-changed=/nix/store/i5wli517wjps6ndji4s2rzq653qayqsy-openmpi-5.0.10-dev/include/shmem-compat.h
  cargo:rerun-if-changed=/nix/store/i5wli517wjps6ndji4s2rzq653qayqsy-openmpi-5.0.10-dev/include/shmem.fh
  cargo:rerun-if-changed=/nix/store/i5wli517wjps6ndji4s2rzq653qayqsy-openmpi-5.0.10-dev/include/shmem.h
  cargo:rerun-if-changed=/nix/store/i5wli517wjps6ndji4s2rzq653qayqsy-openmpi-5.0.10-dev/include/shmemx.h
  cargo:rerun-if-changed=/nix/store/x5afc4dcy2qg43fa1ww84rk00gvx2zfk-openmpi-5.0.10/lib/libmpi.so
  cargo:rerun-if-changed=/nix/store/x5afc4dcy2qg43fa1ww84rk00gvx2zfk-openmpi-5.0.10/lib/libmpi.so.40.40.7
  cargo:rerun-if-changed=/path/to/validation/architecture-synthesis/target-mpi/debug/build/quest-sys/4724bb9cd9991e9d/out/quest-native/build/CMakeFiles/4.4.2/CMakeCXXCompiler.cmake
  cargo:rerun-if-changed=/path/to/validation/architecture-synthesis/target-mpi/debug/build/quest-sys/4724bb9cd9991e9d/out/quest-native/build/CMakeFiles/4.4.2/CMakeSystem.cmake
  cargo:warning=Using QuEST 4.3.0 from /nix/store/5gc6ks9k2rvq28qi7qc8i30jijvvcha8-quest-mpi-validation-4.3.0 with /nix/store/0skhb15j2szcq05929gs9m1dbpiydhb7-clang-21.1.8/bin/clang++
  cargo:rustc-check-cfg=cfg(quest_native_mpi)
  cargo:rustc-cfg=quest_native_mpi
  cargo::metadata=mpi_enabled=1
  cargo::metadata=subcommunicators_enabled=1
  cargo:rerun-if-env-changed=MPICH_CC
  cargo:rerun-if-env-changed=MPICC
  cargo:rerun-if-env-changed=MPI_PKG_CONFIG
  cargo:rerun-if-env-changed=CRAY_MPICH_DIR
  cargo:rerun-if-env-changed=CFLAGS
  cargo:rerun-if-env-changed=CPPFLAGS
  cargo:rerun-if-env-changed=BINDGEN_EXTRA_CLANG_ARGS
  cargo:rerun-if-changed=/nix/store/i5wli517wjps6ndji4s2rzq653qayqsy-openmpi-5.0.10-dev/bin/opal_wrapper
  cargo:rerun-if-changed=/nix/store/i5wli517wjps6ndji4s2rzq653qayqsy-openmpi-5.0.10-dev/bin/mpicc

  --- stderr
  running: cd "/path/to/validation/architecture-synthesis/source/../target-mpi/debug/build/quest-sys/4724bb9cd9991e9d/out/quest-native/build" && CMAKE_PREFIX_PATH="/nix/store/i5wli517wjps6ndji4s2rzq653qayqsy-openmpi-5.0.10-dev" LC_ALL="C" "cmake" "/path/to/validation/architecture-synthesis/source/../target-mpi/debug/build/quest-sys/4724bb9cd9991e9d/out/quest-native/source" "-B" "/path/to/validation/architecture-synthesis/source/../target-mpi/debug/build/quest-sys/4724bb9cd9991e9d/out/quest-native/build" "-DCMAKE_CXX_COMPILER=clang++" "-DCMAKE_CXX_FLAGS=" "-DCMAKE_PREFIX_PATH=/nix/store/i5wli517wjps6ndji4s2rzq653qayqsy-openmpi-5.0.10-dev" "-DQuEST_DIR=/nix/store/5gc6ks9k2rvq28qi7qc8i30jijvvcha8-quest-mpi-validation-4.3.0/lib/cmake/QuEST" "-DCMAKE_INSTALL_PREFIX=/path/to/validation/architecture-synthesis/source/../target-mpi/debug/build/quest-sys/4724bb9cd9991e9d/out/quest-native" "-DCMAKE_C_FLAGS= -w" "-DCMAKE_C_COMPILER=/nix/store/0skhb15j2szcq05929gs9m1dbpiydhb7-clang-21.1.8/bin/clang" "-DCMAKE_ASM_FLAGS= -w" "-DCMAKE_ASM_COMPILER=/nix/store/0skhb15j2szcq05929gs9m1dbpiydhb7-clang-21.1.8/bin/clang" "-DCMAKE_BUILD_TYPE=Debug" "--fresh"
  CMake Warning (policy) at CMakeLists.txt:4 (find_package):
    Policy CMP0144 is not set: find_package uses upper-case <PACKAGENAME>_ROOT
    variables.  Run "cmake --help-policy CMP0144" for policy details.  Use the
    cmake_policy command to set the policy and suppress this warning.

    Environment variable QUEST_ROOT is set to:

      /nix/store/5gc6ks9k2rvq28qi7qc8i30jijvvcha8-quest-mpi-validation-4.3.0

    For compatibility, find_package is ignoring the variable, but code in a
    .cmake module might still use it.
  This warning is for project developers.  Use -Wno-author or -Wno-policy to
  suppress it.

  CMake Warning (unused-cli):
    Manually-specified variables were not used by the project:

      CMAKE_ASM_COMPILER
      CMAKE_ASM_FLAGS
      CMAKE_C_COMPILER
      CMAKE_C_FLAGS


  running: cd "/path/to/validation/architecture-synthesis/source/../target-mpi/debug/build/quest-sys/4724bb9cd9991e9d/out/quest-native/build" && LC_ALL="C" MAKEFLAGS="-j --jobserver-fds=3,5 --jobserver-auth=3,5" "cmake" "--build" "/path/to/validation/architecture-synthesis/source/../target-mpi/debug/build/quest-sys/4724bb9cd9991e9d/out/quest-native/build" "--target" "quest_bridge" "--config" "Debug"

  CXX include path:
    /path/to/validation/architecture-synthesis/source/../target-mpi/debug/build/quest-sys/4724bb9cd9991e9d/out/cxxbridge/include
    /path/to/validation/architecture-synthesis/source/../target-mpi/debug/build/quest-sys/4724bb9cd9991e9d/out/cxxbridge/crate
  running: cd "/path/to/validation/architecture-synthesis/source/../target-mpi/debug/build/quest-sys/4724bb9cd9991e9d/out/quest-native/build" && CMAKE_PREFIX_PATH="/nix/store/i5wli517wjps6ndji4s2rzq653qayqsy-openmpi-5.0.10-dev" LC_ALL="C" "cmake" "/path/to/validation/architecture-synthesis/source/../target-mpi/debug/build/quest-sys/4724bb9cd9991e9d/out/quest-native/source" "-B" "/path/to/validation/architecture-synthesis/source/../target-mpi/debug/build/quest-sys/4724bb9cd9991e9d/out/quest-native/build" "-DCMAKE_CXX_COMPILER=clang++" "-DCMAKE_CXX_FLAGS=" "-DCMAKE_PREFIX_PATH=/nix/store/i5wli517wjps6ndji4s2rzq653qayqsy-openmpi-5.0.10-dev" "-DQuEST_DIR=/nix/store/5gc6ks9k2rvq28qi7qc8i30jijvvcha8-quest-mpi-validation-4.3.0/lib/cmake/QuEST" "-DCMAKE_INSTALL_PREFIX=/path/to/validation/architecture-synthesis/source/../target-mpi/debug/build/quest-sys/4724bb9cd9991e9d/out/quest-native" "-DCMAKE_C_FLAGS= -w" "-DCMAKE_C_COMPILER=/nix/store/0skhb15j2szcq05929gs9m1dbpiydhb7-clang-21.1.8/bin/clang" "-DCMAKE_ASM_FLAGS= -w" "-DCMAKE_ASM_COMPILER=/nix/store/0skhb15j2szcq05929gs9m1dbpiydhb7-clang-21.1.8/bin/clang" "-DCMAKE_BUILD_TYPE=Debug" "--fresh"
  CMake Warning (policy) at CMakeLists.txt:4 (find_package):
    Policy CMP0144 is not set: find_package uses upper-case <PACKAGENAME>_ROOT
    variables.  Run "cmake --help-policy CMP0144" for policy details.  Use the
    cmake_policy command to set the policy and suppress this warning.

    Environment variable QUEST_ROOT is set to:

      /nix/store/5gc6ks9k2rvq28qi7qc8i30jijvvcha8-quest-mpi-validation-4.3.0

    For compatibility, find_package is ignoring the variable, but code in a
    .cmake module might still use it.
  This warning is for project developers.  Use -Wno-author or -Wno-policy to
  suppress it.

  CMake Warning (unused-cli):
    Manually-specified variables were not used by the project:

      CMAKE_ASM_COMPILER
      CMAKE_ASM_FLAGS
      CMAKE_C_COMPILER
      CMAKE_C_FLAGS


  running: cd "/path/to/validation/architecture-synthesis/source/../target-mpi/debug/build/quest-sys/4724bb9cd9991e9d/out/quest-native/build" && LC_ALL="C" MAKEFLAGS="-j --jobserver-fds=3,5 --jobserver-auth=3,5" "cmake" "--build" "/path/to/validation/architecture-synthesis/source/../target-mpi/debug/build/quest-sys/4724bb9cd9991e9d/out/quest-native/build" "--target" "quest_bridge" "--config" "Debug"
  Error: Command { program: "/path/to/validation/architecture-synthesis/source/../target-mpi/debug/build/quest-sys/4724bb9cd9991e9d/out/quest-native/build/quest_mpi_abi", status: "exit status: 127", output: "/path/to/validation/architecture-synthesis/source/../target-mpi/debug/build/quest-sys/4724bb9cd9991e9d/out/quest-native/build/quest_mpi_abi: error while loading shared libraries: libstdc++.so.6: cannot open shared object file: No such file or directory\n" }
warning: build failed, waiting for other jobs to finish...
