• Validating lock
✓ Validating lock in 6.15ms
  evaluating file '«nix-internal»/derivation-internal.nix'
• Configuring shell
• Configuring cachix
✓ Configuring cachix in 1.74ms
• Evaluating shell
✓ Evaluating shell in 4.19ms (cached)
✓ Configuring shell in 8.17ms
• Loading tasks
• Evaluating devenv.config.task.config
✓ Evaluating devenv.config.task.config in 344µs (cached)
✓ Loading tasks in 1.04ms
• Running tasks
• Running devenv:files:cleanup
✓ Running devenv:files:cleanup in 6.25ms
• Running devenv:enterShell
✓ Running devenv:enterShell in 6.42ms
• Running devenv:enterTest
✓ Running devenv:enterTest in 470ns (no command)
✓ Running tasks in 12.8ms
