	Command being timed: "/usr/bin/timeout 30s /usr/bin/prlimit --as=134217728 -- python3 -B docs/verification/fixtures/quest-cfd/cylinder_p2_exact.py"
	User time (seconds): 0.04
	System time (seconds): 0.00
	Percent of CPU this job got: 96%
	Elapsed (wall clock) time (h:mm:ss or m:ss): 0:00.05
	Average shared text size (kbytes): 0
	Average unshared data size (kbytes): 0
	Average stack size (kbytes): 0
	Average total size (kbytes): 0
	Maximum resident set size (kbytes): 19168
	Average resident set size (kbytes): 0
	Major (requiring I/O) page faults: 3
	Minor (reclaiming a frame) page faults: 2877
	Voluntary context switches: 6
	Involuntary context switches: 4
	Swaps: 0
	File system inputs: 88
	File system outputs: 0
	Socket messages sent: 0
	Socket messages received: 0
	Signals delivered: 0
	Page size (bytes): 4096
	Exit status: 0
