 Nextest run ID 23e6c989-75eb-4003-a8f2-eba9b99ad709 with nextest profile: default
    Starting 1538 tests across 293 binaries (1 test skipped)
        PASS [   0.549s] ( 213/1538) quest-cfd::constructed_resources rejected_reciprocal_retains_the_attempted_stage_memory_envelope
        PASS [   0.005s] ( 775/1538) quest-mathcore::scope_admission allocation_measurement_observes_count_and_peak
        PASS [   0.006s] ( 776/1538) quest-mathcore::scope_admission capture_admits_complete_scope_storage_before_allocating
        PASS [   0.005s] ( 777/1538) quest-mathcore::scope_admission capture_admits_scope_work_before_allocating
        PASS [   0.007s] ( 778/1538) quest-mathcore::scope_admission capture_admits_aggregate_nodes_even_when_scope_scratch_fits
        PASS [   0.007s] ( 779/1538) quest-mathcore::scope_admission admitted_constant_capture_preserves_entire_input_validation_contract
        PASS [   0.006s] ( 780/1538) quest-mathcore::scope_admission capture_scope_work_boundary_is_charged_and_original_binding_order_survives
        PASS [   0.007s] ( 781/1538) quest-mathcore::scope_admission capture_rejects_heap_constant_payload_before_cloning
        PASS [   0.007s] ( 782/1538) quest-mathcore::scope_admission duplicate_scopes_are_rejected_with_admitted_bounded_scratch
        PASS [   0.006s] ( 783/1538) quest-mathcore::scope_admission lower_admits_scope_scratch_before_allocating_or_backend_callbacks
        PASS [   0.008s] ( 784/1538) quest-mathcore::scope_admission expression_polynomial_rejects_scope_before_cloning_it
        PASS [   0.006s] ( 785/1538) quest-mathcore::scope_admission lowering_work_rejection_precedes_scope_allocation_and_backend_callbacks
        PASS [   0.006s] ( 786/1538) quest-mathcore::scope_admission polynomial_convenience_constructors_preflight_scope_work_before_exponents
        PASS [   0.005s] ( 787/1538) quest-mathcore::scope_admission sparse_import_rejects_retained_capacity_before_uniqueness_or_terms
        PASS [   0.006s] ( 820/1538) quest-numerics::kernel_profiles ad_profiles_preserve_precision_and_distinguish_scalar_shapes
        PASS [   0.005s] ( 822/1538) quest-numerics::kernel_profiles neutral_errors_retain_structured_sources
        PASS [   0.007s] ( 823/1538) quest-numerics::kernel_profiles warm_binary64_workspace_evaluation_has_no_scratch_allocations
        PASS [   0.008s] ( 824/1538) quest-numerics::kernel_profiles changing_resource_limits_does_not_change_scalar_policy_and_relowering_preserves_precision
        PASS [   0.008s] ( 825/1538) quest-numerics::kernel_profiles lowered_constants_reject_a_changed_precision_before_execution
        PASS [   0.006s] ( 921/1538) quest-polynomial::extreme_laurent negative_powers_use_a_scaled_reciprocal
        PASS [   0.006s] ( 922/1538) quest-polynomial::extreme_laurent positive_powers_preserve_representable_horner_scaling
        PASS [   0.010s] ( 977/1538) quest-qasm::finite_conditionals both_finite_conditional_polarities_export_as_admitted_qasm
        PASS [   0.009s] (1156/1538) quest-qsvt::reciprocal reciprocal_is_odd_bounded_and_has_independent_error_bound
        PASS [   0.008s] (1157/1538) quest-qsvt::reciprocal reciprocal_rejects_inconsistent_spectrum_and_preserves_physical_scale
        PASS [   0.007s] (1160/1538) quest-qsvt::reciprocal_review exported_matching_schedule_owns_only_phase_payload_and_scalar_header
        PASS [   0.007s] (1161/1538) quest-qsvt::reciprocal_review reciprocal_admits_large_byte_budget_and_reports_contractivity
        PASS [   0.007s] (1162/1538) quest-qsvt::reciprocal_review reciprocal_storage_admission_includes_retained_spectral_provenance
        PASS [   0.007s] (1163/1538) quest-qsvt::reciprocal_review replay_rejects_nonfinite_amplitudes_generated_by_unitary_arithmetic
        PASS [   0.008s] (1164/1538) quest-qsvt::reciprocal_review reciprocal_residual_budget_keeps_response_and_execution_errors_explicit
        PASS [   0.028s] (1172/1538) quest-qsvt::reciprocal_review certified_schedule_uses_the_frozen_projector_payload
        PASS [   0.134s] (1189/1538) quest-qsvt::reciprocal_review truncated_positive_binomial_reciprocal_bounds_a_small_spectral_gap
     Summary [  94.926s] 1538 tests run: 1538 passed, 1 skipped
