	linux-vdso.so.1 (0x00007f457e91d000)
	libQuEST.so.4 => /var/home/erich/Projects/opt/quest/lib64/libQuEST.so.4 (0x00007f457d600000)
	libmpi.so.12 => /home/linuxbrew/.linuxbrew/Cellar/mpich/5.0.1/lib/libmpi.so.12 (0x00007f457c600000)
	libstdc++.so.6 => /usr/lib64/libstdc++.so.6 (0x00007f457c34e000)
	libgcc_s.so.1 => /usr/lib64/libgcc_s.so.1 (0x00007f457e8c6000)
	libm.so.6 => /usr/lib64/libm.so.6 (0x00007f457e7af000)
	libc.so.6 => /usr/lib64/libc.so.6 (0x00007f457c155000)
	/lib64/ld-linux-x86-64.so.2 (0x00007f457e91f000)
	libcustatevec.so.1 => /home/erich/Projects/opt/cuquantum/lib/libcustatevec.so.1 (0x00007f4577e00000)
	libgomp.so.1 => /usr/lib64/libgomp.so.1 (0x00007f457e1a2000)
	libmpicxx.so.12 => /var/home/linuxbrew/.linuxbrew/Cellar/mpich/5.0.1/lib/libmpicxx.so.12 (0x00007f457e176000)
	libcublas.so.13 => /home/erich/Projects/opt/cuda/targets/x86_64-linux/lib/libcublas.so.13 (0x00007f4574600000)
	libcublasLt.so.13 => /home/erich/Projects/opt/cuda/targets/x86_64-linux/lib/libcublasLt.so.13 (0x00007f454f000000)
	libhwloc.so.15 => /home/linuxbrew/.linuxbrew/opt/hwloc/lib/libhwloc.so.15 (0x00007f457d596000)
	libfabric.so.1 => /home/linuxbrew/.linuxbrew/opt/libfabric/lib/libfabric.so.1 (0x00007f45744b9000)
	libdl.so.2 => /usr/lib64/libdl.so.2 (0x00007f457e7a5000)
	librt.so.1 => /usr/lib64/librt.so.1 (0x00007f457e7a1000)
	libpthread.so.0 => /usr/lib64/libpthread.so.0 (0x00007f457e172000)
	libxml2.so.16 => /home/linuxbrew/.linuxbrew/opt/libxml2/lib/libxml2.so.16 (0x00007f454eeb2000)
	libz.so.1 => /home/linuxbrew/.linuxbrew/opt/zlib-ng-compat/lib/libz.so.1 (0x00007f457d569000)
