
Dynamic section at offset 0x598c78 contains 34 entries:
  Tag        Type                         Name/Value
 0x000000000000001d (RUNPATH)            Library runpath: [/home/linuxbrew/.linuxbrew/Cellar/mpich/5.0.1/lib:/var/home/erich/Projects/opt/quest/lib64:/var/home/linuxbrew/.linuxbrew/Cellar/mpich/5.0.1/lib:/var/home/erich/Projects/opt/quest/lib64:/var/home/linuxbrew/.linuxbrew/Cellar/mpich/5.0.1/lib]
 0x0000000000000001 (NEEDED)             Shared library: [libQuEST.so.4]
 0x0000000000000001 (NEEDED)             Shared library: [libmpi.so.12]
 0x0000000000000001 (NEEDED)             Shared library: [libstdc++.so.6]
 0x0000000000000001 (NEEDED)             Shared library: [libgcc_s.so.1]
 0x0000000000000001 (NEEDED)             Shared library: [libm.so.6]
 0x0000000000000001 (NEEDED)             Shared library: [libc.so.6]
 0x0000000000000001 (NEEDED)             Shared library: [ld-linux-x86-64.so.2]
 0x000000000000001e (FLAGS)              BIND_NOW
 0x000000006ffffffb (FLAGS_1)            Flags: NOW PIE
 0x0000000000000015 (DEBUG)              0x0
 0x0000000000000007 (RELA)               0x6770
 0x0000000000000008 (RELASZ)             94800 (bytes)
 0x0000000000000009 (RELAENT)            24 (bytes)
 0x000000006ffffff9 (RELACOUNT)          3859
 0x0000000000000017 (JMPREL)             0x1d9c0
 0x0000000000000002 (PLTRELSZ)           8160 (bytes)
 0x0000000000000003 (PLTGOT)             0x59cb68
 0x0000000000000014 (PLTREL)             RELA
 0x0000000000000006 (SYMTAB)             0x340
 0x000000000000000b (SYMENT)             24 (bytes)
 0x0000000000000005 (STRTAB)             0x3140
 0x000000000000000a (STRSZ)              13867 (bytes)
 0x000000006ffffef5 (GNU_HASH)           0x3110
 0x0000000000000019 (INIT_ARRAY)         0x59ac68
 0x000000000000001b (INIT_ARRAYSZ)       16 (bytes)
 0x000000000000001a (FINI_ARRAY)         0x59ac60
 0x000000000000001c (FINI_ARRAYSZ)       8 (bytes)
 0x000000000000000c (INIT)               0x58b0f0
 0x000000000000000d (FINI)               0x58b10c
 0x000000006ffffff0 (VERSYM)             0x2bc0
 0x000000006ffffffe (VERNEED)            0x2f20
 0x000000006fffffff (VERNEEDNUM)         5
 0x0000000000000000 (NULL)               0x0
