warning: quest-sys@0.2.0: Using QuEST 4.3.0 from <quest-install> with /usr/bin/c++
warning: quest-sys@0.2.0: Verified rsmpi MPICC <matching-mpicc> matches QuEST MPI ABI and loaded library
warning: `feature(generic_const_exprs)` is not supported with the next-generation trait solver
 --> crates/quest-polynomial/src/lib.rs:1:30
  |
1 | #![feature(const_trait_impl, generic_const_exprs)]
  |                              ^^^^^^^^^^^^^^^^^^^
  |
  = note: `-Znext-solver=globally` is currently enabled by default for testing
  = note: reverted the setting to `-Znext-solver=coherence` for this crate
  = note: the currently stable trait solver will be used for this crate
  = note: see issues #160895 <https://github.com/rust-lang/rust/issues/160895> for more information

warning: `quest-polynomial` (lib) generated 1 warning
   Compiling quest-rs v0.1.0 (<workspace>/crates/quest)
    Finished `test` profile [unoptimized + debuginfo] target(s) in 0.65s
     Running tests/persisted_weighted_transform.rs (target/debug/build/quest-rs/3c8a3cdcaf639a04/out/persisted_weighted_transform-3c8a3cdcaf639a04)

running 1 test
test distributed_consumer_readout_uses_matching_packets ... Readout fixture parts=1 split=false: passed

thread 'distributed_consumer_readout_uses_matching_packets' (1506217) panicked at crates/quest/tests/persisted_weighted_transform.rs:94:13:
readout parts=2 split=false status=exit status: 124: 
running 1 test
test distributed_consumer_readout_uses_matching_packets ... 
running 1 test
test distributed_consumer_readout_uses_matching_packets ...  READOUT_ENTER rank=0 parts=2 adjoint=false
READOUT_ENTER rank=1 parts=2 adjoint=false

note: run with `RUST_BACKTRACE=1` environment variable to display a backtrace
FAILED

failures:

failures:
    distributed_consumer_readout_uses_matching_packets

test result: FAILED. 0 passed; 1 failed; 0 ignored; 0 measured; 1 filtered out; finished in 10.54s

error: test failed, to rerun pass `-p quest-rs --test persisted_weighted_transform`
