this derivation will be built:
  /nix/store/nqfb9icw2qajf6c7dwwg940yjyzh6h7m-quest-mpi-validation-4.3.0.drv
these 19 paths will be fetched (22.8 MiB download, 130.2 MiB unpacked):
  /nix/store/vz718rbgcff9gxmr1z21k7kc5fzhrrj4-binutils-2.46-lib
  /nix/store/npim3fwdii816c4zsi0lq3sxjypjbnfa-libevent-2.1.13-dev
  /nix/store/hizwgbvbd4ld4s9nlqs74c0y6ws3c52h-libevent-2.1.13-openssl
  /nix/store/zr2964vbgymvqazqpbifhn660miql9wg-libfabric-2.6.0
  /nix/store/dwinz3zkpip51y19ywkwb05jc6dxa9fw-libfabric-2.6.0-dev
  /nix/store/ri2ivnqivs2lhf4ikppm235z3cs15v1g-libnl-3.12.0
  /nix/store/a16glbvrk9yza4lxy0p9cn6bndzq1j3i-libnl-3.12.0-bin
  /nix/store/rmvjyvmhdndhkcifj1p5qg126d7fk6h5-libnl-3.12.0-dev
  /nix/store/fc7qnd509gl3xm08463zyspmdrvxwvld-munge-0.5.18
  /nix/store/n8dbh5hqlmg7xpck6nn6ln8273bhqirj-munge-0.5.18-dev
  /nix/store/x5afc4dcy2qg43fa1ww84rk00gvx2zfk-openmpi-5.0.10
  /nix/store/i5wli517wjps6ndji4s2rzq653qayqsy-openmpi-5.0.10-dev
  /nix/store/fjx35gsrsvcf7qd7cqbvp17j69gcrf04-openmpi-5.0.10-man
  /nix/store/ymjgwhv57qh6px5xw609rhjrg684yj3x-pmix-6.1.0
  /nix/store/jz7li614sjdw14j7wcfigl57m2q4cbfi-pmix-6.1.0-dev
  /nix/store/yjs52jz1lsz79rffi70p8x140v7scvkh-prrte-4.1.0
  /nix/store/d0y8fhq60a7agp53my315jark6ka89bj-rdma-core-64.0
  /nix/store/2y10zf98m1x8b6x2i115cmnd4jyhzw8h-ucc-1.8.0
  /nix/store/r3bc1v0l0b45fnjvx4jq5dcaxkvqwk31-ucx-1.22.0
copying path '/nix/store/fjx35gsrsvcf7qd7cqbvp17j69gcrf04-openmpi-5.0.10-man' from 'https://cache.nixos.org'...
copying path '/nix/store/zr2964vbgymvqazqpbifhn660miql9wg-libfabric-2.6.0' from 'https://cache.nixos.org'...
copying path '/nix/store/vz718rbgcff9gxmr1z21k7kc5fzhrrj4-binutils-2.46-lib' from 'https://cache.nixos.org'...
copying path '/nix/store/fc7qnd509gl3xm08463zyspmdrvxwvld-munge-0.5.18' from 'https://cache.nixos.org'...
copying path '/nix/store/ri2ivnqivs2lhf4ikppm235z3cs15v1g-libnl-3.12.0' from 'https://cache.nixos.org'...
copying path '/nix/store/hizwgbvbd4ld4s9nlqs74c0y6ws3c52h-libevent-2.1.13-openssl' from 'https://cache.nixos.org'...
copying path '/nix/store/npim3fwdii816c4zsi0lq3sxjypjbnfa-libevent-2.1.13-dev' from 'https://cache.nixos.org'...
copying path '/nix/store/n8dbh5hqlmg7xpck6nn6ln8273bhqirj-munge-0.5.18-dev' from 'https://cache.nixos.org'...
copying path '/nix/store/ymjgwhv57qh6px5xw609rhjrg684yj3x-pmix-6.1.0' from 'https://cache.nixos.org'...
copying path '/nix/store/a16glbvrk9yza4lxy0p9cn6bndzq1j3i-libnl-3.12.0-bin' from 'https://cache.nixos.org'...
copying path '/nix/store/d0y8fhq60a7agp53my315jark6ka89bj-rdma-core-64.0' from 'https://cache.nixos.org'...
copying path '/nix/store/rmvjyvmhdndhkcifj1p5qg126d7fk6h5-libnl-3.12.0-dev' from 'https://cache.nixos.org'...
copying path '/nix/store/jz7li614sjdw14j7wcfigl57m2q4cbfi-pmix-6.1.0-dev' from 'https://cache.nixos.org'...
copying path '/nix/store/yjs52jz1lsz79rffi70p8x140v7scvkh-prrte-4.1.0' from 'https://cache.nixos.org'...
copying path '/nix/store/dwinz3zkpip51y19ywkwb05jc6dxa9fw-libfabric-2.6.0-dev' from 'https://cache.nixos.org'...
copying path '/nix/store/r3bc1v0l0b45fnjvx4jq5dcaxkvqwk31-ucx-1.22.0' from 'https://cache.nixos.org'...
copying path '/nix/store/2y10zf98m1x8b6x2i115cmnd4jyhzw8h-ucc-1.8.0' from 'https://cache.nixos.org'...
copying path '/nix/store/x5afc4dcy2qg43fa1ww84rk00gvx2zfk-openmpi-5.0.10' from 'https://cache.nixos.org'...
copying path '/nix/store/i5wli517wjps6ndji4s2rzq653qayqsy-openmpi-5.0.10-dev' from 'https://cache.nixos.org'...
building '/nix/store/nqfb9icw2qajf6c7dwwg940yjyzh6h7m-quest-mpi-validation-4.3.0.drv'...
