• Validating lock
✓ Validating lock in 5.98ms
  evaluating file '«nix-internal»/derivation-internal.nix'
• Configuring shell
• Configuring cachix
✓ Configuring cachix in 1.57ms
• Evaluating shell
✓ Evaluating shell in 3.83ms (cached)
✓ Configuring shell in 7.40ms
• Loading tasks
• Evaluating devenv.config.task.config
✓ Evaluating devenv.config.task.config in 273µs (cached)
✓ Loading tasks in 973µs
• Running tasks
• Running devenv:files:cleanup
✓ Running devenv:files:cleanup in 6.02ms
• Running devenv:enterShell
✓ Running devenv:enterShell in 6.87ms
• Running devenv:enterTest
✓ Running devenv:enterTest in 260ns (no command)
✓ Running tasks in 13.0ms
SHELL=/usr/bin/fish
allowSubstitutes=
GC_LARGE_ALLOC_WARN_INTERVAL=1000000
hardeningDisable=
configureFlags=
mesonFlags=
PKG_CONFIG_PATH=/nix/store/l472345nc50yyj2sds4qwk45hdrcrmrf-bash-interactive-5.3p15-dev/lib/pkgconfig
DEVENV_TASK_FILE=/nix/store/6p8yj9pqa8xs07cyfvlplkq1gz75mxbg-tasks.json
DEVENV_CMDLINE=--no-tui shell -- /usr/bin/env
HDF5_DIR=/nix/store/2r3xag35722s4f2iwyiaap1svndqrayi-quest-serial-hdf5
SSH_AUTH_SOCK=/home/user/.ssh/agent/s.2JBgKl2mxK.sshd.PPbmhSMo5N
STRINGS=strings
CMAKE_INCLUDE_PATH=/nix/store/l472345nc50yyj2sds4qwk45hdrcrmrf-bash-interactive-5.3p15-dev/include:/nix/store/did4j5wk64y2g930gp8f2bppn7z5kggg-clang-21.1.8-dev/include:/nix/store/61725hqjqivlf2byjbbzbnq81bgb16vz-compiler-rt-libc-21.1.8-dev/include
LD_FOR_BUILD=ld
CLANG=/nix/store/mn2y6cydn5phwf2hxgfc3n7zjf48d5xg-clang-wrapper-21.1.8/bin/clang
NIX_CFLAGS_COMPILE_FOR_BUILD= -isystem /nix/store/l472345nc50yyj2sds4qwk45hdrcrmrf-bash-interactive-5.3p15-dev/include -fmacro-prefix-map=/nix/store/l472345nc50yyj2sds4qwk45hdrcrmrf-bash-interactive-5.3p15-dev=/nix/store/eeeeeeeeeeeeeeeeeeeeeeeeeeeeeeee-bash-interactive-5.3p15-dev -isystem /nix/store/did4j5wk64y2g930gp8f2bppn7z5kggg-clang-21.1.8-dev/include -fmacro-prefix-map=/nix/store/did4j5wk64y2g930gp8f2bppn7z5kggg-clang-21.1.8-dev=/nix/store/eeeeeeeeeeeeeeeeeeeeeeeeeeeeeeee-clang-21.1.8-dev -isystem /nix/store/61725hqjqivlf2byjbbzbnq81bgb16vz-compiler-rt-libc-21.1.8-dev/include -fmacro-prefix-map=/nix/store/61725hqjqivlf2byjbbzbnq81bgb16vz-compiler-rt-libc-21.1.8-dev=/nix/store/eeeeeeeeeeeeeeeeeeeeeeeeeeeeeeee-compiler-rt-libc-21.1.8-dev -isystem /nix/store/l472345nc50yyj2sds4qwk45hdrcrmrf-bash-interactive-5.3p15-dev/include -fmacro-prefix-map=/nix/store/l472345nc50yyj2sds4qwk45hdrcrmrf-bash-interactive-5.3p15-dev=/nix/store/eeeeeeeeeeeeeeeeeeeeeeeeeeeeeeee-bash-interactive-5.3p15-dev -isystem /nix/store/did4j5wk64y2g930gp8f2bppn7z5kggg-clang-21.1.8-dev/include -fmacro-prefix-map=/nix/store/did4j5wk64y2g930gp8f2bppn7z5kggg-clang-21.1.8-dev=/nix/store/eeeeeeeeeeeeeeeeeeeeeeeeeeeeeeee-clang-21.1.8-dev -isystem /nix/store/61725hqjqivlf2byjbbzbnq81bgb16vz-compiler-rt-libc-21.1.8-dev/include -fmacro-prefix-map=/nix/store/61725hqjqivlf2byjbbzbnq81bgb16vz-compiler-rt-libc-21.1.8-dev=/nix/store/eeeeeeeeeeeeeeeeeeeeeeeeeeeeeeee-compiler-rt-libc-21.1.8-dev -isystem /nix/store/l472345nc50yyj2sds4qwk45hdrcrmrf-bash-interactive-5.3p15-dev/include -fmacro-prefix-map=/nix/store/l472345nc50yyj2sds4qwk45hdrcrmrf-bash-interactive-5.3p15-dev=/nix/store/eeeeeeeeeeeeeeeeeeeeeeeeeeeeeeee-bash-interactive-5.3p15-dev -isystem /nix/store/did4j5wk64y2g930gp8f2bppn7z5kggg-clang-21.1.8-dev/include -fmacro-prefix-map=/nix/store/did4j5wk64y2g930gp8f2bppn7z5kggg-clang-21.1.8-dev=/nix/store/eeeeeeeeeeeeeeeeeeeeeeeeeeeeeeee-clang-21.1.8-dev -isystem /nix/store/61725hqjqivlf2byjbbzbnq81bgb16vz-compiler-rt-libc-21.1.8-dev/include -fmacro-prefix-map=/nix/store/61725hqjqivlf2byjbbzbnq81bgb16vz-compiler-rt-libc-21.1.8-dev=/nix/store/eeeeeeeeeeeeeeeeeeeeeeeeeeeeeeee-compiler-rt-libc-21.1.8-dev
EDITOR=/usr/bin/vim
PWD=/path/to/validation/architecture-synthesis/source
SOURCE_DATE_EPOCH=315532800
LOGNAME=user
XDG_SESSION_TYPE=tty
NIX_ENFORCE_NO_NATIVE=1
MODULESHOME=/usr/share/Modules
MANPATH=/nix/store/79270jcilfqqlw6j89azj0mfpq6jsx91-devenv-profile/share/man:/usr/share/man::
CXX=clang++
AS_FOR_BUILD=as
system=x86_64-linux
SIZE_FOR_BUILD=size
LIBCLANG_PATH=/nix/store/a3kjvvlm7f8abcmxh6f8dndiwc4vp726-clang-21.1.8-lib/lib
DEVENV_DOTFILE=/path/to/validation/architecture-synthesis/source/.devenv
MOTD_SHOWN=pam
IN_NIX_SHELL=impure
__MODULES_SHARE_MANPATH=:1
HOME=/home/user
NIX_BINTOOLS=/nix/store/06cd0la3gmknmkfnl3h2l2d462hl757q-binutils-wrapper-2.46
LANG=en_GB.UTF-8
cmakeFlags=
CXX_FOR_BUILD=g++
NIX_STORE=/nix/store
DEVENV_ROOT=/path/to/validation/architecture-synthesis/source
LD=ld
NM_FOR_BUILD=nm
NIX_BINTOOLS_FOR_BUILD=/nix/store/0fdc105g1896ganr8916rsjxhvr9qv5b-binutils-wrapper-2.46
SSH_CONNECTION=192.168.1.244 56087 192.168.1.126 22
RUST_SRC_PATH=/nix/store/yf16anm07g3b8khg74ni8s37l6b5hzp5-rust-lib-src
READELF=readelf
STRIP_FOR_BUILD=strip
HOMEBREW_NO_AUTO_UPDATE=1
NIX_CC_WRAPPER_TARGET_BUILD_x86_64_unknown_linux_gnu=1
NIX_BINTOOLS_WRAPPER_TARGET_BUILD_x86_64_unknown_linux_gnu=1
CARGO_TARGET_X86_64_UNKNOWN_LINUX_GNU_LINKER=/nix/store/zs00211jl12z8c6fk6n05kgqmvmbg9jf-devenv-rust-linker
XDG_SESSION_CLASS=user
SELINUX_ROLE_REQUESTED=
SIZE=size
OBJCOPY_FOR_BUILD=objcopy
CC_FOR_BUILD=gcc
USER=user
MODULES_RUN_QUARANTINE=LD_LIBRARY_PATH LD_PRELOAD
CARGO_INSTALL_ROOT=/path/to/validation/architecture-synthesis/source/.devenv/state/cargo-install
AR=ar
AS=as
LOADEDMODULES=
SELINUX_USE_CURRENT_RANGE=
NIX_BINTOOLS_WRAPPER_TARGET_HOST_x86_64_unknown_linux_gnu=1
OBJDUMP_FOR_BUILD=objdump
DEVENV_TASKS=
DEVENV_RUNTIME=/run/user/1000/devenv-7e29985
SHLVL=1
AR_FOR_BUILD=ar
NM=nm
NIX_LDFLAGS_FOR_BUILD= -L/nix/store/7jyzh8sbm1h140bdya4kvi01hndnzfac-rust-default-1.100.0-nightly-2026-09-23/lib -L/nix/store/a3kjvvlm7f8abcmxh6f8dndiwc4vp726-clang-21.1.8-lib/lib -L/nix/store/7jyzh8sbm1h140bdya4kvi01hndnzfac-rust-default-1.100.0-nightly-2026-09-23/lib -L/nix/store/a3kjvvlm7f8abcmxh6f8dndiwc4vp726-clang-21.1.8-lib/lib -L/nix/store/7jyzh8sbm1h140bdya4kvi01hndnzfac-rust-default-1.100.0-nightly-2026-09-23/lib -L/nix/store/a3kjvvlm7f8abcmxh6f8dndiwc4vp726-clang-21.1.8-lib/lib
NIX_CFLAGS_COMPILE= -frandom-seed=r5p4x07c3x -isystem /nix/store/l472345nc50yyj2sds4qwk45hdrcrmrf-bash-interactive-5.3p15-dev/include -fmacro-prefix-map=/nix/store/l472345nc50yyj2sds4qwk45hdrcrmrf-bash-interactive-5.3p15-dev=/nix/store/eeeeeeeeeeeeeeeeeeeeeeeeeeeeeeee-bash-interactive-5.3p15-dev -isystem /nix/store/l472345nc50yyj2sds4qwk45hdrcrmrf-bash-interactive-5.3p15-dev/include -fmacro-prefix-map=/nix/store/l472345nc50yyj2sds4qwk45hdrcrmrf-bash-interactive-5.3p15-dev=/nix/store/eeeeeeeeeeeeeeeeeeeeeeeeeeeeeeee-bash-interactive-5.3p15-dev -isystem /nix/store/did4j5wk64y2g930gp8f2bppn7z5kggg-clang-21.1.8-dev/include -fmacro-prefix-map=/nix/store/did4j5wk64y2g930gp8f2bppn7z5kggg-clang-21.1.8-dev=/nix/store/eeeeeeeeeeeeeeeeeeeeeeeeeeeeeeee-clang-21.1.8-dev -isystem /nix/store/did4j5wk64y2g930gp8f2bppn7z5kggg-clang-21.1.8-dev/include -fmacro-prefix-map=/nix/store/did4j5wk64y2g930gp8f2bppn7z5kggg-clang-21.1.8-dev=/nix/store/eeeeeeeeeeeeeeeeeeeeeeeeeeeeeeee-clang-21.1.8-dev -isystem /nix/store/61725hqjqivlf2byjbbzbnq81bgb16vz-compiler-rt-libc-21.1.8-dev/include -fmacro-prefix-map=/nix/store/61725hqjqivlf2byjbbzbnq81bgb16vz-compiler-rt-libc-21.1.8-dev=/nix/store/eeeeeeeeeeeeeeeeeeeeeeeeeeeeeeee-compiler-rt-libc-21.1.8-dev -isystem /nix/store/61725hqjqivlf2byjbbzbnq81bgb16vz-compiler-rt-libc-21.1.8-dev/include -fmacro-prefix-map=/nix/store/61725hqjqivlf2byjbbzbnq81bgb16vz-compiler-rt-libc-21.1.8-dev=/nix/store/eeeeeeeeeeeeeeeeeeeeeeeeeeeeeeee-compiler-rt-libc-21.1.8-dev -isystem /nix/store/l472345nc50yyj2sds4qwk45hdrcrmrf-bash-interactive-5.3p15-dev/include -fmacro-prefix-map=/nix/store/l472345nc50yyj2sds4qwk45hdrcrmrf-bash-interactive-5.3p15-dev=/nix/store/eeeeeeeeeeeeeeeeeeeeeeeeeeeeeeee-bash-interactive-5.3p15-dev -isystem /nix/store/l472345nc50yyj2sds4qwk45hdrcrmrf-bash-interactive-5.3p15-dev/include -fmacro-prefix-map=/nix/store/l472345nc50yyj2sds4qwk45hdrcrmrf-bash-interactive-5.3p15-dev=/nix/store/eeeeeeeeeeeeeeeeeeeeeeeeeeeeeeee-bash-interactive-5.3p15-dev -isystem /nix/store/did4j5wk64y2g930gp8f2bppn7z5kggg-clang-21.1.8-dev/include -fmacro-prefix-map=/nix/store/did4j5wk64y2g930gp8f2bppn7z5kggg-clang-21.1.8-dev=/nix/store/eeeeeeeeeeeeeeeeeeeeeeeeeeeeeeee-clang-21.1.8-dev -isystem /nix/store/did4j5wk64y2g930gp8f2bppn7z5kggg-clang-21.1.8-dev/include -fmacro-prefix-map=/nix/store/did4j5wk64y2g930gp8f2bppn7z5kggg-clang-21.1.8-dev=/nix/store/eeeeeeeeeeeeeeeeeeeeeeeeeeeeeeee-clang-21.1.8-dev -isystem /nix/store/61725hqjqivlf2byjbbzbnq81bgb16vz-compiler-rt-libc-21.1.8-dev/include -fmacro-prefix-map=/nix/store/61725hqjqivlf2byjbbzbnq81bgb16vz-compiler-rt-libc-21.1.8-dev=/nix/store/eeeeeeeeeeeeeeeeeeeeeeeeeeeeeeee-compiler-rt-libc-21.1.8-dev -isystem /nix/store/61725hqjqivlf2byjbbzbnq81bgb16vz-compiler-rt-libc-21.1.8-dev/include -fmacro-prefix-map=/nix/store/61725hqjqivlf2byjbbzbnq81bgb16vz-compiler-rt-libc-21.1.8-dev=/nix/store/eeeeeeeeeeeeeeeeeeeeeeeeeeeeeeee-compiler-rt-libc-21.1.8-dev
NIXPKGS_CMAKE_PREFIX_PATH=/nix/store/z4c6k0mrlkwl3s4w9ysxc8vq1wylm3ms-gcc-wrapper-15.3.0:/nix/store/0fdc105g1896ganr8916rsjxhvr9qv5b-binutils-wrapper-2.46:/nix/store/l472345nc50yyj2sds4qwk45hdrcrmrf-bash-interactive-5.3p15-dev:/nix/store/2ndah67h0z5m31v2wkdmg2md4380ggr5-bash-interactive-5.3p15:/nix/store/7jyzh8sbm1h140bdya4kvi01hndnzfac-rust-default-1.100.0-nightly-2026-09-23:/nix/store/c3bm9h7k398cmg00d4rss6hcxkl2zbl2-cmake-4.4.2:/nix/store/r8a159fqvj0mpczq0dq8d3dwdd2rsz8c-ninja-1.13.2:/nix/store/apyihjqs3lmxqrhrvd4xny1581g6m2cw-cargo-nextest-0.9.144:/nix/store/did4j5wk64y2g930gp8f2bppn7z5kggg-clang-21.1.8-dev:/nix/store/a3kjvvlm7f8abcmxh6f8dndiwc4vp726-clang-21.1.8-lib:/nix/store/0skhb15j2szcq05929gs9m1dbpiydhb7-clang-21.1.8:/nix/store/fdpy1l72q9gvq8d9snrdq67gm0j5s1dg-glibc-2.42-84-bin:/nix/store/mn2y6cydn5phwf2hxgfc3n7zjf48d5xg-clang-wrapper-21.1.8:/nix/store/06cd0la3gmknmkfnl3h2l2d462hl757q-binutils-wrapper-2.46:/nix/store/29d1c5xk6w3rwl7yvdfwl90whslv5h54-pkg-config-wrapper-0.29.2:/nix/store/h9wq5kdv1jc9hxmwgn9vh9bwsigmnsj6-patchelf-0.15.2:/nix/store/rjri54xd29c5qfwj124j62ffzjjigjmh-update-autotools-gnu-config-scripts-hook:/nix/store/61725hqjqivlf2byjbbzbnq81bgb16vz-compiler-rt-libc-21.1.8-dev:/nix/store/y5jzxgqm4xiwrd02nzhpv34zrq1mkv6g-compiler-rt-libc-21.1.8
XDG_SESSION_ID=5
LOCALE_ARCHIVE=/nix/store/nr0j6ziq2356b7qd3q3fnvwzcv64hiyg-glibc-locales-2.42-67/lib/locale/locale-archive
LD_LIBRARY_PATH=/home/user/Projects/opt/cuda/lib64
DEVENV_PROFILE=/nix/store/79270jcilfqqlw6j89azj0mfpq6jsx91-devenv-profile
XDG_RUNTIME_DIR=/run/user/1000
NIX_PKG_CONFIG_WRAPPER_TARGET_HOST_x86_64_unknown_linux_gnu=1
SSH_CLIENT=192.168.1.244 56087 22
__MODULES_LMINIT=module use --append /usr/share/Modules/modulefiles:module use --append /etc/modulefiles:module use --append /usr/share/modulefiles
OBJCOPY=objcopy
RANLIB_FOR_BUILD=ranlib
DEBUGINFOD_URLS=ima:enforcing https://debuginfod.fedoraproject.org/ ima:ignore
DEBUGINFOD_IMA_CERT_PATH=/etc/keys/ima
STRIP=strip
XDG_DATA_DIRS=/nix/store/2ndah67h0z5m31v2wkdmg2md4380ggr5-bash-interactive-5.3p15/share:/nix/store/7jyzh8sbm1h140bdya4kvi01hndnzfac-rust-default-1.100.0-nightly-2026-09-23/share:/nix/store/c3bm9h7k398cmg00d4rss6hcxkl2zbl2-cmake-4.4.2/share:/nix/store/r8a159fqvj0mpczq0dq8d3dwdd2rsz8c-ninja-1.13.2/share:/nix/store/0skhb15j2szcq05929gs9m1dbpiydhb7-clang-21.1.8/share:/nix/store/29d1c5xk6w3rwl7yvdfwl90whslv5h54-pkg-config-wrapper-0.29.2/share:/nix/store/h9wq5kdv1jc9hxmwgn9vh9bwsigmnsj6-patchelf-0.15.2/share:/home/user/.local/share/flatpak/exports/share:/var/lib/flatpak/exports/share:/usr/local/share:/usr/share
OBJDUMP=objdump
PATH=/nix/store/z4c6k0mrlkwl3s4w9ysxc8vq1wylm3ms-gcc-wrapper-15.3.0/bin:/nix/store/8sjgd7q3mdks1rb7rbcv0sallhvrhai5-gcc-15.3.0/bin:/nix/store/fdpy1l72q9gvq8d9snrdq67gm0j5s1dg-glibc-2.42-84-bin/bin:/nix/store/xjl7p8dvyk2j53kqf7f43kdj4ypbxz7g-coreutils-9.11/bin:/nix/store/0fdc105g1896ganr8916rsjxhvr9qv5b-binutils-wrapper-2.46/bin:/nix/store/31gnwsgag5qa14hfblqi5hyn71pyx7py-binutils-2.46/bin:/nix/store/2ndah67h0z5m31v2wkdmg2md4380ggr5-bash-interactive-5.3p15/bin:/nix/store/7jyzh8sbm1h140bdya4kvi01hndnzfac-rust-default-1.100.0-nightly-2026-09-23/bin:/nix/store/c3bm9h7k398cmg00d4rss6hcxkl2zbl2-cmake-4.4.2/bin:/nix/store/r8a159fqvj0mpczq0dq8d3dwdd2rsz8c-ninja-1.13.2/bin:/nix/store/apyihjqs3lmxqrhrvd4xny1581g6m2cw-cargo-nextest-0.9.144/bin:/nix/store/did4j5wk64y2g930gp8f2bppn7z5kggg-clang-21.1.8-dev/bin:/nix/store/0skhb15j2szcq05929gs9m1dbpiydhb7-clang-21.1.8/bin:/nix/store/mn2y6cydn5phwf2hxgfc3n7zjf48d5xg-clang-wrapper-21.1.8/bin:/nix/store/06cd0la3gmknmkfnl3h2l2d462hl757q-binutils-wrapper-2.46/bin:/nix/store/29d1c5xk6w3rwl7yvdfwl90whslv5h54-pkg-config-wrapper-0.29.2/bin:/nix/store/h9wq5kdv1jc9hxmwgn9vh9bwsigmnsj6-patchelf-0.15.2/bin:/nix/store/y5jzxgqm4xiwrd02nzhpv34zrq1mkv6g-compiler-rt-libc-21.1.8/bin:/nix/store/xjl7p8dvyk2j53kqf7f43kdj4ypbxz7g-coreutils-9.11/bin:/nix/store/i9wgqa0l88aprvpwfaq5hkfa6pklhlv0-findutils-4.11.0/bin:/nix/store/b8xvzgd52jby5dfpi0pf46nisy6wma5d-diffutils-3.12/bin:/nix/store/qf2wzyq4irhgyhnq3s2hz0ldjq3w8a3x-gnused-4.10/bin:/nix/store/xmvbzzxm5snla5a2cyfhm7hjy9bifx7n-gnugrep-3.12/bin:/nix/store/9zib1q94gka8i5q530364cvy25504qz5-gawk-5.4.1/bin:/nix/store/41l3h8s1lr518n03bsrzv5vsf37bhnb9-gnutar-1.35/bin:/nix/store/l5sll8nxk70p73l5yqbsjy4mh0c3g0v5-gzip-1.14/bin:/nix/store/j3yz0ag9j442229n8harpmp9aa5qyvhn-bzip2-1.0.8-bin/bin:/nix/store/c011mk580m964s1zxjccvdax3fcmppnl-gnumake-4.4.1/bin:/nix/store/svx59425zxp552p2b8gm11qj5r09b56i-bash-5.3p15/bin:/nix/store/81zqbas7qc02yfdj7142fdcqhxgd3cgz-patch-2.8/bin:/nix/store/518dig8gpvqyac6pkksyjjfzvi9zn8vq-xz-5.8.3-bin/bin:/nix/store/fv9yl55hkskpc2cj9c0sdyq91car9kgl-file-5.48/bin:/nix/store/myii1x6nky9zm6f6izxdygkkj4p6k7ql-devenv-wrapped-2.4.1/bin:/nix/store/479b780pdcvyj1yk6zm3hnbnml0zpdrm-cachix-1.12.1/bin:/nix/store/2nlbzyxn7lwzb5s79f63wgvlwxd01vd0-nixd-nightly/bin:/home/user/.nix-profile/bin:/nix/var/nix/profiles/default/bin:/usr/bin:/bin:/path/to/validation/architecture-synthesis/source/.devenv/state/cargo-install/bin:/home/user/.cargo/bin
SELINUX_LEVEL_REQUESTED=
MODULEPATH=/usr/share/Modules/modulefiles:/etc/modulefiles:/usr/share/modulefiles
READELF_FOR_BUILD=readelf
CC=clang
NIX_CC=/nix/store/mn2y6cydn5phwf2hxgfc3n7zjf48d5xg-clang-wrapper-21.1.8
QUEST_ROOT=/nix/store/0d389wpw7ikhv5cdg5x8xg9pi184cr77-quest-4.3.0
DBUS_SESSION_BUS_ADDRESS=unix:path=/run/user/1000/bus
STRINGS_FOR_BUILD=strings
NIX_CC_WRAPPER_TARGET_HOST_x86_64_unknown_linux_gnu=1
DEVENV_STATE=/path/to/validation/architecture-synthesis/source/.devenv/state
CONFIG_SHELL=/nix/store/svx59425zxp552p2b8gm11qj5r09b56i-bash-5.3p15/bin/bash
RANLIB=ranlib
NIX_HARDENING_ENABLE=bindnow format fortify fortify3 libcxxhardeningfast pic relro stackclashprotection stackprotector strictflexarrays1 strictoverflow zerocallusedregs
OLDPWD=
NIX_LDFLAGS=-rpath /nix/store/r5p4x07c3xjy60rk8y0ka8wzlvnq28fl-devenv-shell-env/lib  -L/nix/store/7jyzh8sbm1h140bdya4kvi01hndnzfac-rust-default-1.100.0-nightly-2026-09-23/lib -L/nix/store/7jyzh8sbm1h140bdya4kvi01hndnzfac-rust-default-1.100.0-nightly-2026-09-23/lib -L/nix/store/a3kjvvlm7f8abcmxh6f8dndiwc4vp726-clang-21.1.8-lib/lib -L/nix/store/a3kjvvlm7f8abcmxh6f8dndiwc4vp726-clang-21.1.8-lib/lib -L/nix/store/7jyzh8sbm1h140bdya4kvi01hndnzfac-rust-default-1.100.0-nightly-2026-09-23/lib -L/nix/store/7jyzh8sbm1h140bdya4kvi01hndnzfac-rust-default-1.100.0-nightly-2026-09-23/lib -L/nix/store/a3kjvvlm7f8abcmxh6f8dndiwc4vp726-clang-21.1.8-lib/lib -L/nix/store/a3kjvvlm7f8abcmxh6f8dndiwc4vp726-clang-21.1.8-lib/lib
CMAKE_LIBRARY_PATH=/nix/store/7jyzh8sbm1h140bdya4kvi01hndnzfac-rust-default-1.100.0-nightly-2026-09-23/lib:/nix/store/a3kjvvlm7f8abcmxh6f8dndiwc4vp726-clang-21.1.8-lib/lib
name=devenv-shell-env
MODULES_CMD=/usr/share/Modules/libexec/modulecmd.tcl
NIX_CC_FOR_BUILD=/nix/store/z4c6k0mrlkwl3s4w9ysxc8vq1wylm3ms-gcc-wrapper-15.3.0
PKG_CONFIG=pkg-config
