    Checking num-traits v0.2.19
   Compiling libc v0.2.189
    Checking bytemuck v1.25.2
   Compiling cfg-if v1.0.4
    Checking num-complex v0.4.6
    Checking serde_core v1.0.229
    Checking bitflags v2.13.1
   Compiling jobserver v0.1.35
   Compiling memchr v2.8.3
   Compiling cc v1.4.2
    Checking libm v0.2.16
    Checking raw-cpuid v11.6.0
    Checking num-integer v0.1.47
    Checking reborrow v0.5.5
    Checking pulp-wasm-simd-flag v0.1.1
    Checking serde v1.0.229
    Checking once_cell v1.21.4
   Compiling hashbrown v0.17.1
   Compiling equivalent v1.0.2
    Checking pulp v0.22.3
   Compiling indexmap v2.14.0
    Checking dyn-stack v0.13.2
    Checking thiserror v2.0.20
   Compiling zmij v1.0.23
   Compiling itoa v1.0.18
    Checking nano-gemm-core v0.2.1
   Compiling serde_json v1.0.151
    Checking gemm-common v0.19.0
   Compiling glob v0.3.4
   Compiling clang-sys v1.9.1
    Checking num-bigint v0.5.1
    Checking num-rational v0.4.2
   Compiling nom v7.1.3
    Checking num_cpus v1.17.0
    Checking gemm-f32 v0.19.0
    Checking gemm-c64 v0.19.0
    Checking gemm-c32 v0.19.0
    Checking gemm-f64 v0.19.0
    Checking qd v0.8.0
    Checking nano-gemm-f64 v0.2.1
    Checking nano-gemm-c32 v0.2.1
    Checking nano-gemm-c64 v0.2.1
    Checking nano-gemm-f32 v0.2.1
    Checking equator v0.2.2
   Compiling libloading v0.8.9
    Checking generativity v1.2.1
   Compiling bindgen v0.72.1
    Checking faer-traits v0.24.0
   Compiling cexpr v0.6.0
    Checking gemm v0.19.0
    Checking private-gemm-x86 v0.1.20
    Checking equator v0.6.0
   Compiling link-cplusplus v1.0.12
    Checking typenum v1.20.1
    Checking hybrid-array v0.4.15
    Checking nano-gemm v0.2.2
    Checking faer v0.24.4
   Compiling cmake-file-api v0.1.2
   Compiling cmake v0.1.58
    Checking foldhash v0.1.5
   Compiling termcolor v1.4.1
   Compiling codespan-reporting v0.13.1
   Compiling hashbrown v0.15.5
   Compiling cxx v1.0.198
   Compiling quest-build v0.1.0 (/var/home/erich/validation/quest-rs-architecture-20260930-35ae2cd5c86d/source/crates/quest-build)
   Compiling mpi-sys v0.2.4
    Checking quest-math v0.1.0 (/var/home/erich/validation/quest-rs-architecture-20260930-35ae2cd5c86d/source/crates/quest-math)
   Compiling fixedbitset v0.5.7
   Compiling petgraph v0.8.3
   Compiling quest-symbolic v0.1.0 (/var/home/erich/validation/quest-rs-architecture-20260930-35ae2cd5c86d/source/crates/quest-symbolic)
   Compiling cxx-build v1.0.198
    Checking crypto-common v0.2.2
    Checking block-buffer v0.12.1
    Checking linux-raw-sys v0.12.1
    Checking const-oid v0.10.2
    Checking strength_reduce v0.2.4
   Compiling toml_edit v0.25.13+spec-1.1.0
    Checking transpose v0.2.3
    Checking digest v0.11.3
    Checking rustix v1.1.4
    Checking zerocopy v0.8.57
    Checking quest-language v0.1.0 (/var/home/erich/validation/quest-rs-architecture-20260930-35ae2cd5c86d/source/crates/quest-language)
   Compiling quest-sys v0.2.0 (/var/home/erich/validation/quest-rs-architecture-20260930-35ae2cd5c86d/source/crates/quest-sys)
    Checking quest-synthesis v0.1.0 (/var/home/erich/validation/quest-rs-architecture-20260930-35ae2cd5c86d/source/crates/quest-synthesis)
    Checking quest-optimizer-protocol v0.1.0 (/var/home/erich/validation/quest-rs-architecture-20260930-35ae2cd5c86d/source/crates/quest-optimizer-protocol)
    Checking aho-corasick v1.1.5
    Checking primal-check v0.3.4
    Checking regex-syntax v0.8.11
    Checking cpufeatures v0.3.1
    Checking custom_derive v0.1.7
    Checking conv v0.3.3
    Checking sha2 v0.11.0
    Checking rustfft v6.4.1
    Checking regex-automata v0.4.18
    Checking half v2.7.1
   Compiling mpi v0.8.2
    Checking quest-optimizer-client v0.1.0 (/var/home/erich/validation/quest-rs-architecture-20260930-35ae2cd5c86d/source/crates/quest-optimizer-client)
    Checking quest-qasm v0.1.0 (/var/home/erich/validation/quest-rs-architecture-20260930-35ae2cd5c86d/source/crates/quest-qasm)
   Compiling proc-macro-crate v3.5.0
   Compiling cxxbridge-macro v1.0.198
   Compiling alloca v0.4.0
    Checking maryada v0.2.1
    Checking foldhash v0.2.0
    Checking ciborium-io v0.2.2
    Checking anstyle v1.0.14
    Checking smallvec v1.16.0
    Checking either v1.18.0
    Checking clap_lex v1.1.0
    Checking winnow v1.0.4
    Checking toml_parser v1.1.3+spec-1.1.0
    Checking clap_builder v4.6.6
    Checking itertools v0.13.0
   Compiling quest-macros v0.1.0 (/var/home/erich/validation/quest-rs-architecture-20260930-35ae2cd5c86d/source/crates/quest-macros)
    Checking ciborium-ll v0.2.2
    Checking quest-numerics v0.1.0 (/var/home/erich/validation/quest-rs-architecture-20260930-35ae2cd5c86d/source/crates/quest-numerics)
    Checking quest-compile v0.1.0 (/var/home/erich/validation/quest-rs-architecture-20260930-35ae2cd5c86d/source/crates/quest-compile)
    Checking regex v1.13.1
   Compiling quest-rs v0.1.0 (/var/home/erich/validation/quest-rs-architecture-20260930-35ae2cd5c86d/source/crates/quest)
    Checking serde_spanned v1.1.1
    Checking toml_datetime v1.1.1+spec-1.1.0
    Checking same-file v1.0.6
    Checking toml_writer v1.1.2+spec-1.1.0
    Checking cast v0.3.0
    Checking criterion-plot v0.8.2
    Checking toml v1.1.5+spec-1.1.0
    Checking walkdir v2.5.0
    Checking quest-polynomial v0.1.0 (/var/home/erich/validation/quest-rs-architecture-20260930-35ae2cd5c86d/source/crates/quest-polynomial)
    Checking ciborium v0.2.2
    Checking target-tuple v1.0.2
    Checking clap v4.6.6
    Checking tinytemplate v1.2.1
    Checking page_size v0.6.0
    Checking oorandom v11.1.5
    Checking quest-circuit v0.1.0 (/var/home/erich/validation/quest-rs-architecture-20260930-35ae2cd5c86d/source/crates/quest-circuit)
    Checking anes v0.1.6
    Checking criterion v0.8.2
    Checking trybuild v1.0.121
    Checking googletest v0.14.3
    Checking quest-qsp v0.1.0 (/var/home/erich/validation/quest-rs-architecture-20260930-35ae2cd5c86d/source/crates/quest-qsp)
warning: quest-sys@0.2.0: Using QuEST 4.3.0 from /nix/store/5gc6ks9k2rvq28qi7qc8i30jijvvcha8-quest-mpi-validation-4.3.0 with /nix/store/z4c6k0mrlkwl3s4w9ysxc8vq1wylm3ms-gcc-wrapper-15.3.0/bin/g++
warning: quest-sys@0.2.0: Verified rsmpi MPICC /nix/store/i5wli517wjps6ndji4s2rzq653qayqsy-openmpi-5.0.10-dev/bin/mpicc matches QuEST MPI ABI and loaded library
    Finished `dev` profile [unoptimized + debuginfo] target(s) in 34.07s
