• Validating lock
✓ Validating lock in 5.78ms
  evaluating file '«nix-internal»/derivation-internal.nix'
• Configuring shell
• Configuring cachix
✓ Configuring cachix in 1.75ms
• Evaluating shell
✓ Evaluating shell in 3.86ms (cached)
✓ Configuring shell in 7.76ms
• Loading tasks
• Evaluating devenv.config.task.config
✓ Evaluating devenv.config.task.config in 252µs (cached)
✓ Loading tasks in 926µs
• Running tasks
• Running devenv:files:cleanup
✓ Running devenv:files:cleanup in 10.4ms
• Running devenv:enterShell
✓ Running devenv:enterShell in 7.48ms
• Running devenv:enterTest
✓ Running devenv:enterTest in 340ns (no command)
✓ Running tasks in 18.0ms
