• Validating lock
✓ Validating lock in 5.76ms
  evaluating file '«nix-internal»/derivation-internal.nix'
• Configuring shell
• Configuring cachix
✓ Configuring cachix in 2.37ms
• Evaluating shell
✓ Evaluating shell in 4.22ms (cached)
✓ Configuring shell in 8.47ms
• Loading tasks
• Evaluating devenv.config.task.config
✓ Evaluating devenv.config.task.config in 252µs (cached)
✓ Loading tasks in 914µs
• Running tasks
• Running devenv:files:cleanup
✓ Running devenv:files:cleanup in 7.69ms
• Running devenv:enterShell
✓ Running devenv:enterShell in 7.77ms
• Running devenv:enterTest
✓ Running devenv:enterTest in 480ns (no command)
✓ Running tasks in 15.5ms
   Compiling num-complex v0.4.6
   Compiling serde_core v1.0.229
   Compiling serde v1.0.229
   Compiling equator-macro v0.2.1
   Compiling zerocopy v0.8.57
   Compiling zerocopy-derive v0.8.57
   Compiling indexmap v2.14.0
   Compiling pulp v0.22.3
   Compiling equator v0.2.2
   Compiling nano-gemm-c64 v0.2.1
   Compiling nano-gemm-c32 v0.2.1
   Compiling num-bigint v0.5.1
   Compiling gemm-common v0.19.0
   Compiling num-rational v0.4.2
   Compiling serde_json v1.0.151
   Compiling getrandom v0.3.4
   Compiling gemm-f32 v0.19.0
   Compiling gemm-c64 v0.19.0
   Compiling gemm-c32 v0.19.0
   Compiling gemm-f64 v0.19.0
   Compiling nano-gemm v0.2.2
   Compiling qd v0.8.0
   Compiling faer-traits v0.24.0
   Compiling gemm v0.19.0
   Compiling quest-math v0.1.0 (/path/to/validation/architecture-synthesis/source/crates/quest-math)
   Compiling shlex v2.0.1
   Compiling find-msvc-tools v0.1.10
   Compiling cc v1.4.2
   Compiling faer v0.24.4
   Compiling petgraph v0.8.3
   Compiling quest-symbolic v0.1.0 (/path/to/validation/architecture-synthesis/source/crates/quest-symbolic)
   Compiling rand_core v0.9.5
   Compiling toml_edit v0.25.13+spec-1.1.0
   Compiling alloca v0.4.0
   Compiling quest-synthesis v0.1.0 (/path/to/validation/architecture-synthesis/source/crates/quest-synthesis)
   Compiling quest-optimizer-protocol v0.1.0 (/path/to/validation/architecture-synthesis/source/crates/quest-optimizer-protocol)
   Compiling half v2.7.1
   Compiling ciborium-io v0.2.2
   Compiling target-tuple v1.0.2
   Compiling winnow v1.0.4
   Compiling clap_builder v4.6.6
   Compiling tempfile v3.27.0
   Compiling toml_parser v1.1.3+spec-1.1.0
   Compiling ciborium-ll v0.2.2
   Compiling quest-optimizer-client v0.1.0 (/path/to/validation/architecture-synthesis/source/crates/quest-optimizer-client)
   Compiling proc-macro-crate v3.5.0
   Compiling ppv-lite86 v0.2.21
   Compiling serde_spanned v1.1.1
   Compiling toml_datetime v1.1.1+spec-1.1.0
   Compiling wait-timeout v0.2.1
   Compiling toml_writer v1.1.2+spec-1.1.0
   Compiling bit-vec v0.8.0
   Compiling same-file v1.0.6
   Compiling fnv v1.0.7
   Compiling cast v0.3.0
   Compiling quick-error v1.2.3
   Compiling bit-set v0.8.0
   Compiling rusty-fork v0.3.1
   Compiling criterion-plot v0.8.2
   Compiling walkdir v2.5.0
   Compiling toml v1.1.5+spec-1.1.0
   Compiling rand_chacha v0.9.0
   Compiling clap v4.6.6
   Compiling ciborium v0.2.2
   Compiling rand_xorshift v0.4.0
   Compiling rand v0.9.5
   Compiling tinytemplate v1.2.1
   Compiling page_size v0.6.0
   Compiling termcolor v1.4.1
   Compiling anes v0.1.6
   Compiling glob v0.3.4
   Compiling unarray v0.1.4
   Compiling oorandom v11.1.5
   Compiling proptest v1.11.0
   Compiling criterion v0.8.2
   Compiling trybuild v1.0.121
   Compiling quest-language v0.1.0 (/path/to/validation/architecture-synthesis/source/crates/quest-language)
   Compiling quest-qasm v0.1.0 (/path/to/validation/architecture-synthesis/source/crates/quest-qasm)
   Compiling quest-compile v0.1.0 (/path/to/validation/architecture-synthesis/source/crates/quest-compile)
   Compiling quest-macros v0.1.0 (/path/to/validation/architecture-synthesis/source/crates/quest-macros)
   Compiling quest-circuit v0.1.0 (/path/to/validation/architecture-synthesis/source/crates/quest-circuit)
    Finished `test` profile [unoptimized + debuginfo] target(s) in 18.36s
     Running tests/worker_contract.rs (/path/to/validation/architecture-synthesis/worker-target/debug/build/quest-circuit/e163d60b7367daca/out/worker_contract-e163d60b7367daca)

running 6 tests
test explicit_synthesis_validates_epsilon_even_without_any_rotation ... ok
test numerical_oracle_calls_keep_local_certificates_without_a_global_bound ... ok
test unchanged_worker_output_obeys_aggregate_provenance_budget ... ok
test zx_candidate_accepts_a_longer_certified_region_with_fresh_identities ... ok
test zx_candidate_propagates_worker_error_after_an_effect_fence ... ok
test zx_expanded_candidate_uses_its_distinct_request_and_keeps_growth_for_scoring ... ok

test result: ok. 6 passed; 0 failed; 0 ignored; 0 measured; 0 filtered out; finished in 0.04s

