• Validating lock
✓ Validating lock in 5.79ms
  evaluating file '«nix-internal»/derivation-internal.nix'
• Configuring shell
• Configuring cachix
✓ Configuring cachix in 1.57ms
• Evaluating shell
✓ Evaluating shell in 4.14ms (cached)
✓ Configuring shell in 7.85ms
• Loading tasks
• Evaluating devenv.config.task.config
✓ Evaluating devenv.config.task.config in 267µs (cached)
✓ Loading tasks in 1.09ms
• Running tasks
• Running devenv:files:cleanup
✓ Running devenv:files:cleanup in 16.6ms
• Running devenv:enterShell
✓ Running devenv:enterShell in 5.77ms
• Running devenv:enterTest
✓ Running devenv:enterTest in 380ns (no command)
✓ Running tasks in 22.4ms
    Checking quest-optimizer-worker v0.1.0 (/var/home/erich/validation/quest-rs-architecture-20260930-35ae2cd5c86d/source/crates/quest-optimizer-worker)
    Finished `dev` profile [unoptimized + debuginfo] target(s) in 0.20s
