• Validating lock
✓ Validating lock in 5.83ms
  evaluating file '«nix-internal»/derivation-internal.nix'
• Configuring shell
• Configuring cachix
✓ Configuring cachix in 1.65ms
• Evaluating shell
✓ Evaluating shell in 4.39ms (cached)
✓ Configuring shell in 8.55ms
• Loading tasks
• Evaluating devenv.config.task.config
✓ Evaluating devenv.config.task.config in 232µs (cached)
✓ Loading tasks in 951µs
• Running tasks
• Running devenv:files:cleanup
✓ Running devenv:files:cleanup in 7.13ms
• Running devenv:enterShell
✓ Running devenv:enterShell in 6.97ms
• Running devenv:enterTest
✓ Running devenv:enterTest in 920ns (no command)
✓ Running tasks in 14.2ms
   Compiling num-traits v0.2.19
   Compiling syn v2.0.119
   Compiling serde_core v1.0.229
   Compiling memchr v2.8.3
   Compiling indexmap v2.14.0
   Compiling serde v1.0.229
   Compiling num-complex v0.4.6
   Compiling aho-corasick v1.1.5
   Compiling num-integer v0.1.47
   Compiling pulp v0.22.3
   Compiling num-bigint v0.4.8
   Compiling regex-automata v0.4.18
   Compiling semver v1.0.28
   Compiling num-rational v0.4.2
   Compiling num-bigint v0.5.1
   Compiling parking_lot_core v0.9.12
   Compiling rustc_version v0.4.1
   Compiling dirs-sys-next v0.1.2
   Compiling crossbeam-utils v0.8.23
   Compiling gemm-common v0.19.0
   Compiling crunchy v0.2.4
   Compiling scopeguard v1.2.0
   Compiling smallvec v1.16.0
   Compiling lock_api v0.4.14
   Compiling dirs-next v2.0.0
   Compiling serde_json v1.0.151
   Compiling equator-macro v0.2.1
   Compiling regex v1.13.1
   Compiling siphasher v1.0.3
   Compiling regex-syntax v0.6.29
   Compiling crossbeam-epoch v0.9.21
   Compiling tiny-keccak v2.0.2
   Compiling fixedbitset v0.4.2
   Compiling equator v0.2.2
   Compiling unicode-xid v0.2.6
   Compiling toml_edit v0.25.13+spec-1.1.0
   Compiling phf_shared v0.11.3
   Compiling parking_lot v0.12.5
   Compiling term v0.7.0
   Compiling bit-vec v0.6.3
   Compiling precomputed-hash v0.1.1
   Compiling crossbeam-deque v0.8.8
   Compiling zerocopy v0.8.57
   Compiling utf8parse v0.2.2
   Compiling log v0.4.34
   Compiling futures-core v0.3.34
   Compiling new_debug_unreachable v1.0.6
   Compiling futures-sink v0.3.34
   Compiling ena v0.14.4
   Compiling string_cache v0.8.9
   Compiling futures-channel v0.3.34
   Compiling anstyle-parse v1.0.0
   Compiling bit-set v0.5.3
   Compiling proc-macro-crate v3.5.0
   Compiling ascii-canvas v3.0.0
   Compiling petgraph v0.6.5
   Compiling lalrpop-util v0.19.12
   Compiling gemm-f32 v0.19.0
   Compiling gemm-c64 v0.19.0
   Compiling gemm-c32 v0.19.0
   Compiling gemm-f64 v0.19.0
   Compiling qd v0.8.0
   Compiling quest-math v0.1.0 (/path/to/validation/architecture-synthesis/source/crates/quest-math)
   Compiling itertools v0.10.5
   Compiling nano-gemm-c64 v0.2.1
   Compiling nano-gemm-c32 v0.2.1
   Compiling futures-macro v0.3.34
   Compiling is-terminal v0.4.17
   Compiling slab v0.4.12
   Compiling diff v0.1.13
   Compiling anstyle-query v1.1.5
   Compiling rayon-core v1.13.0
   Compiling colorchoice v1.0.5
   Compiling pin-project-lite v0.2.17
   Compiling futures-task v0.3.34
   Compiling is_terminal_polyfill v1.70.2
   Compiling futures-io v0.3.34
   Compiling anstream v1.0.0
   Compiling futures-util v0.3.34
   Compiling lalrpop v0.19.12
   Compiling faer-traits v0.24.0
   Compiling nano-gemm v0.2.2
   Compiling gemm v0.19.0
   Compiling rstest_macros v0.23.0
   Compiling getrandom v0.2.17
   Compiling matrixmultiply v0.3.11
   Compiling fnv v1.0.7
   Compiling beef v0.5.2
   Compiling logos-derive v0.12.1
   Compiling rand_core v0.6.4
   Compiling faer v0.24.4
   Compiling quest-symbolic v0.1.0 (/path/to/validation/architecture-synthesis/source/crates/quest-symbolic)
   Compiling futures-executor v0.3.34
   Compiling quest-synthesis v0.1.0 (/path/to/validation/architecture-synthesis/source/crates/quest-synthesis)
   Compiling quest-optimizer-protocol v0.1.0 (/path/to/validation/architecture-synthesis/source/crates/quest-optimizer-protocol)
   Compiling thiserror-impl v1.0.69
   Compiling petgraph v0.8.3
   Compiling openqasm v0.1.2
   Compiling ppv-lite86 v0.2.21
   Compiling num-iter v0.1.46
   Compiling relative-path v1.9.3
   Compiling strsim v0.11.1
   Compiling glob v0.3.4
   Compiling rawpointer v0.2.1
   Compiling jiff-core v0.1.0
   Compiling heck v0.5.0
   Compiling clap_derive v4.6.4
   Compiling env_filter v2.0.0
   Compiling clap_builder v4.6.6
   Compiling jiff v0.2.35
   Compiling num v0.4.3
   Compiling rand_chacha v0.3.1
   Compiling thiserror v1.0.69
   Compiling logos v0.12.1
   Compiling futures v0.3.34
   Compiling rayon v1.12.0
   Compiling object v0.37.3
   Compiling derive_more-impl v1.0.0
   Compiling futures-timer v3.0.4
   Compiling heck v0.4.1
   Compiling tempfile v3.27.0
   Compiling strum_macros v0.25.3
   Compiling derive_more v1.0.0
   Compiling rstest v0.23.0
   Compiling ndarray v0.16.1
   Compiling env_logger v0.11.11
   Compiling backtrace v0.3.76
   Compiling clap v4.6.6
   Compiling rand v0.8.8
   Compiling quest-optimizer-client v0.1.0 (/path/to/validation/architecture-synthesis/source/crates/quest-optimizer-client)
   Compiling approx v0.5.1
   Compiling strum v0.25.0
   Compiling roots v0.0.8
   Compiling rustc-hash v2.1.3
   Compiling color-eyre v0.6.5
   Compiling googletest_macro v0.14.3
   Compiling googletest v0.14.3
   Compiling quizx v0.3.0
   Compiling quest-optimizer-worker v0.1.0 (/path/to/validation/architecture-synthesis/source/crates/quest-optimizer-worker)
   Compiling quest-language v0.1.0 (/path/to/validation/architecture-synthesis/source/crates/quest-language)
   Compiling quest-qasm v0.1.0 (/path/to/validation/architecture-synthesis/source/crates/quest-qasm)
   Compiling quest-macros v0.1.0 (/path/to/validation/architecture-synthesis/source/crates/quest-macros)
   Compiling quest-compile v0.1.0 (/path/to/validation/architecture-synthesis/source/crates/quest-compile)
   Compiling quest-circuit v0.1.0 (/path/to/validation/architecture-synthesis/source/crates/quest-circuit)
    Finished `test` profile [unoptimized + debuginfo] target(s) in 19.57s
     Running unittests src/main.rs (target/debug/build/quest-optimizer-worker/3779e7663366f5ac/out/quest_optimizer_worker-3779e7663366f5ac)

running 28 tests
test mitm::approx::tests::admission_distinguishes_resource_exhaustion_from_request_caps ... ok
test mitm::approx::tests::approximate_mitm_certifies_zero_rotation ... ok
test mitm::approx::tests::approximate_search_distinguishes_complete_absence_and_capacity_cutoff ... ok
test mitm::approx::tests::huge_finite_dyadic_angle_can_be_unresolved_without_becoming_invalid ... ok
test mitm::approx::tests::interval_tree_keeps_boundary_equality_and_prunes_strictly_far_boxes ... ok
test mitm::approx::tests::interval_tree_radius_matches_exhaustive_boxes_across_splits ... ok
test mitm::exact::tests::exact_mitm_distinguishes_complete_absence_from_partial_enumeration ... ok
test mitm::exact::tests::exact_mitm_preserves_scalar_phase_and_reports_capacity_cutoff ... ok
test mitm::exact::tests::exact_mitm_reconstructs_noncommuting_chronological_halves ... ok
test mitm::exact::tests::legal_large_target_is_not_rejected_by_small_table_coefficient_cap ... ok
test mitm::exact::tests::two_qubit_ordered_targets_use_full_embedded_matrices ... ok
test mitm::representatives::tests::exhaustive_small_words_preserve_every_continuation_cost ... ok
test mitm::representatives::tests::same_full_phase_state_keeps_incomparable_wire_transfers ... ok
test synthesis::tests::affine_target_uses_the_native_candidate_engine ... ok
test zx::tests::bounded_local_complement_preflights_clique_growth_before_mutation ... ok
test zx::tests::complete_uncontrolled_gate_set_and_exact_control_extensions_certify ... ok
test zx::tests::exactly_supported_signed_controls_survive_extraction ... ok
test zx::tests::examination_budget_charges_sorting_and_clique_before_rewrite ... ok
test zx::tests::extracted_ancilla_and_changed_interfaces_are_not_admitted ... ok
test zx::tests::extracted_scalar_phase_is_recovered_with_candidate_target_order ... ok
test zx::tests::flow_baseline_remains_certifiable_when_optional_rules_exhaust ... ok
test zx::tests::output_cap_accepts_exactly_the_limit_and_rejects_the_next_gate ... ok
test zx::tests::pivot_and_gadget_rules_are_exercised_under_bounds ... ok
test zx::tests::pivot_cross_neighborhood_growth_is_rejected_before_mutation ... ok
test zx::tests::real_engine_cancels_gates_and_preserves_idle_interface ... ok
test zx::tests::rule_limits_reject_vertices_edges_examinations_and_rewrites ... ok
test zx::tests::unsupported_controls_and_malformed_interfaces_return_errors ... ok
test zx::tests::zero_qubit_scalar_and_deterministic_seed_interface_are_preserved ... ok

test result: ok. 28 passed; 0 failed; 0 ignored; 0 measured; 0 filtered out; finished in 1.69s

     Running tests/circuit_contract.rs (target/debug/build/quest-optimizer-worker/a6d224ce99e1aaf6/out/circuit_contract-a6d224ce99e1aaf6)

running 2 tests
test explicit_synthesis_retains_target_identity_control_phase_and_local_certificates ... ok
test zx_replacements_are_transactional_and_preserve_measurement_occurrences ... ok

test result: ok. 2 passed; 0 failed; 0 ignored; 0 measured; 0 filtered out; finished in 8.73s

     Running tests/structured_contract.rs (target/debug/build/quest-optimizer-worker/61dd3c505eb3b1f0/out/structured_contract-61dd3c505eb3b1f0)

running 5 tests
test structured_synthesis_bounds_exclusive_paths_and_proves_finite_loop_counts ... ok
test structured_synthesis_maps_a_middle_target_and_mixed_controls ... FAILED
test structured_synthesis_preserves_signed_control_phase_and_source_export ... FAILED
test structured_zx_preserves_a_real_extracted_nonidentity_scalar ... FAILED
test structured_zx_retains_effects_cfg_and_failed_candidates ... FAILED

failures:

---- structured_synthesis_maps_a_middle_target_and_mixed_controls stdout ----
optimizer declined candidate: capability: synthesis engine is not enabled
  at crates/quest-optimizer-worker/tests/structured_contract.rs:227:9

Error: See failure output above


---- structured_synthesis_preserves_signed_control_phase_and_source_export stdout ----
optimizer declined candidate: capability: synthesis engine is not enabled
  at crates/quest-optimizer-worker/tests/structured_contract.rs:79:9

Error: See failure output above


---- structured_zx_preserves_a_real_extracted_nonidentity_scalar stdout ----
Value of: & report.accepted.len()
Expected: is equal to 1
Actual: 0,
  which isn't equal to 1
  at crates/quest-optimizer-worker/tests/structured_contract.rs:275:5

Error: See failure output above


---- structured_zx_retains_effects_cfg_and_failed_candidates stdout ----
Value of: report.accepted.is_empty()
Expected: is equal to false
Actual: true,
  which isn't equal to false
  at crates/quest-optimizer-worker/tests/structured_contract.rs:176:5

Value of: candidate.ssa().blocks().iter().flat_map(|b|
&b.instructions).all(|i|
!matches!(i.kind, quest_circuit::language::ssa::InstructionKind::Gate { .. }))
Expected: is equal to true
Actual: false,
  which isn't equal to true
  at crates/quest-optimizer-worker/tests/structured_contract.rs:200:5

Error: See failure output above



failures:
    structured_synthesis_maps_a_middle_target_and_mixed_controls
    structured_synthesis_preserves_signed_control_phase_and_source_export
    structured_zx_preserves_a_real_extracted_nonidentity_scalar
    structured_zx_retains_effects_cfg_and_failed_candidates

test result: FAILED. 1 passed; 4 failed; 0 ignored; 0 measured; 0 filtered out; finished in 33.85s

error: test failed, to rerun pass `-p quest-optimizer-worker --test structured_contract`
