• Validating lock
✓ Validating lock in 5.77ms
  evaluating file '«nix-internal»/derivation-internal.nix'
• Configuring shell
• Configuring cachix
✓ Configuring cachix in 1.82ms
• Evaluating shell
✓ Evaluating shell in 3.56ms (cached)
✓ Configuring shell in 7.65ms
• Loading tasks
• Evaluating devenv.config.task.config
✓ Evaluating devenv.config.task.config in 254µs (cached)
✓ Loading tasks in 929µs
• Running tasks
• Running devenv:files:cleanup
✓ Running devenv:files:cleanup in 8.95ms
• Running devenv:enterShell
✓ Running devenv:enterShell in 6.31ms
• Running devenv:enterTest
✓ Running devenv:enterTest in 500ns (no command)
✓ Running tasks in 15.4ms
    Checking num-traits v0.2.19
    Checking memchr v2.8.3
    Checking serde_core v1.0.229
    Checking once_cell v1.21.4
   Compiling num-complex v0.4.6
   Compiling aho-corasick v1.1.5
    Checking indexmap v2.14.0
   Compiling pulp v0.22.3
    Checking num-integer v0.1.47
    Checking num-bigint v0.4.8
    Checking regex-automata v0.4.18
   Compiling dirs-sys-next v0.1.2
   Compiling parking_lot_core v0.9.12
    Checking serde v1.0.229
    Checking serde_json v1.0.151
    Checking num-rational v0.4.2
    Checking num-bigint v0.5.1
   Compiling dirs-next v2.0.0
    Checking tempfile v3.27.0
    Checking regex v1.13.1
   Compiling term v0.7.0
   Compiling parking_lot v0.12.5
   Compiling gemm-common v0.19.0
    Checking crossbeam-utils v0.8.23
    Checking quest-math v0.1.0 (/path/to/validation/architecture-synthesis/source/crates/quest-math)
    Checking futures-sink v0.3.34
    Checking utf8parse v0.2.2
   Compiling fixedbitset v0.4.2
   Compiling either v1.18.0
    Checking quest-synthesis v0.1.0 (/path/to/validation/architecture-synthesis/source/crates/quest-synthesis)
    Checking quest-optimizer-protocol v0.1.0 (/path/to/validation/architecture-synthesis/source/crates/quest-optimizer-protocol)
    Checking futures-core v0.3.34
    Checking gemm-c64 v0.19.0
    Checking gemm-c32 v0.19.0
    Checking futures-channel v0.3.34
    Checking gemm-f64 v0.19.0
    Checking gemm-f32 v0.19.0
    Checking quest-optimizer-client v0.1.0 (/path/to/validation/architecture-synthesis/source/crates/quest-optimizer-client)
   Compiling string_cache v0.8.9
   Compiling itertools v0.10.5
   Compiling lalrpop-util v0.19.12
   Compiling petgraph v0.6.5
    Checking anstyle-parse v1.0.0
    Checking qd v0.8.0
    Checking crossbeam-epoch v0.9.21
   Compiling ascii-canvas v3.0.0
    Checking nano-gemm-c64 v0.2.1
    Checking nano-gemm-c32 v0.2.1
   Compiling equator v0.2.2
   Compiling is-terminal v0.4.17
    Checking futures-io v0.3.34
    Checking slab v0.4.12
    Checking is_terminal_polyfill v1.70.2
    Checking pin-project-lite v0.2.17
    Checking anstyle-query v1.1.5
    Checking futures-task v0.3.34
    Checking colorchoice v1.0.5
    Checking anstream v1.0.0
    Checking futures-util v0.3.34
   Compiling lalrpop v0.19.12
   Compiling faer-traits v0.24.0
    Checking googletest v0.14.3
    Checking nano-gemm v0.2.2
    Checking crossbeam-deque v0.8.8
   Compiling gemm v0.19.0
    Checking zerocopy v0.8.57
    Checking getrandom v0.2.17
    Checking petgraph v0.8.3
   Compiling quest-symbolic v0.1.0 (/path/to/validation/architecture-synthesis/source/crates/quest-symbolic)
    Checking rand_core v0.6.4
   Compiling faer v0.24.4
    Checking rayon-core v1.13.0
    Checking futures-executor v0.3.34
    Checking num-iter v0.1.46
    Checking strsim v0.11.1
    Checking log v0.4.34
    Checking jiff-core v0.1.0
    Checking adler2 v2.0.1
    Checking rawpointer v0.2.1
    Checking gimli v0.32.3
    Checking jiff v0.2.35
    Checking ppv-lite86 v0.2.21
    Checking rand_chacha v0.3.1
    Checking matrixmultiply v0.3.11
    Checking clap_builder v4.6.6
    Checking addr2line v0.25.1
    Checking miniz_oxide v0.8.9
   Compiling rstest_macros v0.23.0
    Checking env_filter v2.0.0
    Checking thiserror v1.0.69
    Checking num v0.4.3
    Checking futures v0.3.34
    Checking rayon v1.12.0
   Compiling openqasm v0.1.2
    Checking logos v0.12.1
    Checking object v0.37.3
    Checking futures-timer v3.0.4
    Checking indenter v0.3.4
    Checking rustc-demangle v0.1.28
    Checking eyre v0.6.12
    Checking rstest v0.23.0
    Checking derive_more v1.0.0
    Checking owo-colors v4.3.0
    Checking clap v4.6.6
    Checking ndarray v0.16.1
    Checking env_logger v0.11.11
    Checking rand v0.8.8
    Checking approx v0.5.1
    Checking rustc-hash v2.1.3
    Checking roots v0.0.8
    Checking strum v0.25.0
    Checking backtrace v0.3.76
    Checking color-eyre v0.6.5
    Checking quizx v0.3.0
    Checking quest-optimizer-worker v0.1.0 (/path/to/validation/architecture-synthesis/source/crates/quest-optimizer-worker)
    Checking quest-language v0.1.0 (/path/to/validation/architecture-synthesis/source/crates/quest-language)
    Checking quest-qasm v0.1.0 (/path/to/validation/architecture-synthesis/source/crates/quest-qasm)
    Checking quest-compile v0.1.0 (/path/to/validation/architecture-synthesis/source/crates/quest-compile)
   Compiling quest-macros v0.1.0 (/path/to/validation/architecture-synthesis/source/crates/quest-macros)
    Checking quest-circuit v0.1.0 (/path/to/validation/architecture-synthesis/source/crates/quest-circuit)
    Finished `dev` profile [unoptimized + debuginfo] target(s) in 16.92s
