• Validating lock
✓ Validating lock in 5.93ms
  evaluating file '«nix-internal»/derivation-internal.nix'
• Configuring shell
• Configuring cachix
✓ Configuring cachix in 1.85ms
• Evaluating shell
✓ Evaluating shell in 3.97ms (cached)
✓ Configuring shell in 8.01ms
• Loading tasks
• Evaluating devenv.config.task.config
✓ Evaluating devenv.config.task.config in 236µs (cached)
✓ Loading tasks in 896µs
• Running tasks
• Running devenv:files:cleanup
✓ Running devenv:files:cleanup in 7.32ms
• Running devenv:enterShell
✓ Running devenv:enterShell in 7.59ms
• Running devenv:enterTest
✓ Running devenv:enterTest in 290ns (no command)
✓ Running tasks in 15.0ms
    Checking libm v0.2.16
    Checking cfg-if v1.0.4
    Checking memchr v2.8.3
    Checking bitflags v2.13.1
    Checking bytemuck v1.25.2
    Checking serde_core v1.0.229
    Checking libc v0.2.189
    Checking once_cell v1.21.4
   Compiling equivalent v1.0.2
   Compiling num-complex v0.4.6
   Compiling hashbrown v0.17.1
    Checking num-traits v0.2.19
   Compiling raw-cpuid v11.6.0
   Compiling indexmap v2.14.0
    Checking thiserror v2.0.20
    Checking zmij v1.0.23
    Checking num-integer v0.1.47
    Checking num-bigint v0.4.8
    Checking pulp-wasm-simd-flag v0.1.1
   Compiling reborrow v0.5.5
    Checking itoa v1.0.18
    Checking serde v1.0.229
    Checking serde_json v1.0.151
    Checking pulp v0.22.3
    Checking num-bigint v0.5.1
    Checking num-rational v0.4.2
   Compiling dyn-stack v0.13.2
    Checking aho-corasick v1.1.5
    Checking regex-syntax v0.8.11
    Checking linux-raw-sys v0.12.1
    Checking rustix v1.1.4
    Checking quest-math v0.1.0 (/var/home/erich/validation/quest-rs-architecture-20260930-35ae2cd5c86d/source/crates/quest-math)
    Checking regex-automata v0.4.18
    Checking gemm-common v0.19.0
    Checking nano-gemm-core v0.2.1
    Checking quest-synthesis v0.1.0 (/var/home/erich/validation/quest-rs-architecture-20260930-35ae2cd5c86d/source/crates/quest-synthesis)
    Checking quest-optimizer-protocol v0.1.0 (/var/home/erich/validation/quest-rs-architecture-20260930-35ae2cd5c86d/source/crates/quest-optimizer-protocol)
   Compiling dirs-sys-next v0.1.2
   Compiling parking_lot_core v0.9.12
   Compiling dirs-next v2.0.0
    Checking regex v1.13.1
    Checking getrandom v0.4.3
    Checking fastrand v2.5.0
   Compiling toml_edit v0.25.13+spec-1.1.0
    Checking tempfile v3.27.0
   Compiling parking_lot v0.12.5
   Compiling term v0.7.0
    Checking crossbeam-utils v0.8.23
    Checking utf8parse v0.2.2
   Compiling fixedbitset v0.4.2
   Compiling either v1.18.0
    Checking futures-core v0.3.34
    Checking typenum v1.20.1
    Checking futures-sink v0.3.34
   Compiling string_cache v0.8.9
    Checking futures-channel v0.3.34
   Compiling itertools v0.10.5
   Compiling proc-macro-crate v3.5.0
   Compiling petgraph v0.6.5
    Checking crossbeam-epoch v0.9.21
    Checking anstyle-parse v1.0.0
   Compiling ascii-canvas v3.0.0
   Compiling gemm-c64 v0.19.0
   Compiling gemm-c32 v0.19.0
    Checking hybrid-array v0.4.15
   Compiling gemm-f64 v0.19.0
   Compiling lalrpop-util v0.19.12
   Compiling gemm-f32 v0.19.0
    Checking quest-optimizer-client v0.1.0 (/var/home/erich/validation/quest-rs-architecture-20260930-35ae2cd5c86d/source/crates/quest-optimizer-client)
   Compiling qd v0.8.0
   Compiling nano-gemm-c32 v0.2.1
   Compiling nano-gemm-c64 v0.2.1
   Compiling nano-gemm-f64 v0.2.1
   Compiling nano-gemm-f32 v0.2.1
   Compiling equator v0.2.2
   Compiling num_cpus v1.17.0
   Compiling is-terminal v0.4.17
   Compiling foldhash v0.1.5
    Checking is_terminal_polyfill v1.70.2
   Compiling generativity v1.2.1
    Checking pin-project-lite v0.2.17
    Checking anstyle v1.0.14
    Checking anstyle-query v1.1.5
    Checking futures-task v0.3.34
    Checking colorchoice v1.0.5
    Checking futures-io v0.3.34
    Checking slab v0.4.12
    Checking hashbrown v0.15.5
    Checking futures-util v0.3.34
    Checking faer-traits v0.24.0
    Checking anstream v1.0.0
   Compiling lalrpop v0.19.12
    Checking private-gemm-x86 v0.1.20
    Checking googletest v0.14.3
    Checking nano-gemm v0.2.2
    Checking gemm v0.19.0
    Checking crossbeam-deque v0.8.8
    Checking zerocopy v0.8.57
    Checking equator v0.6.0
    Checking getrandom v0.2.17
   Compiling fixedbitset v0.5.7
   Compiling petgraph v0.8.3
   Compiling quest-symbolic v0.1.0 (/var/home/erich/validation/quest-rs-architecture-20260930-35ae2cd5c86d/source/crates/quest-symbolic)
    Checking rand_core v0.6.4
   Compiling faer v0.24.4
    Checking rayon-core v1.13.0
    Checking futures-executor v0.3.34
    Checking crypto-common v0.2.2
    Checking block-buffer v0.12.1
    Checking num-iter v0.1.46
    Checking jiff-core v0.1.0
    Checking const-oid v0.10.2
    Checking ppv-lite86 v0.2.21
    Checking adler2 v2.0.1
    Checking clap_lex v1.1.0
    Checking rawpointer v0.2.1
    Checking gimli v0.32.3
    Checking strsim v0.11.1
    Checking log v0.4.34
    Checking jiff v0.2.35
    Checking env_filter v2.0.0
   Compiling rstest_macros v0.23.0
    Checking addr2line v0.25.1
    Checking clap_builder v4.6.6
   Compiling openqasm v0.1.2
    Checking rand_chacha v0.3.1
    Checking matrixmultiply v0.3.11
    Checking miniz_oxide v0.8.9
    Checking digest v0.11.3
    Checking thiserror v1.0.69
    Checking num v0.4.3
    Checking rayon v1.12.0
    Checking futures v0.3.34
    Checking object v0.37.3
    Checking logos v0.12.1
    Checking indenter v0.3.4
    Checking rustc-demangle v0.1.28
    Checking cpufeatures v0.3.1
    Checking futures-timer v3.0.4
    Checking rstest v0.23.0
    Checking sha2 v0.11.0
    Checking clap v4.6.6
    Checking eyre v0.6.12
    Checking derive_more v1.0.0
    Checking rand v0.8.8
    Checking owo-colors v4.3.0
    Checking env_logger v0.11.11
    Checking itertools v0.13.0
    Checking ndarray v0.16.1
    Checking approx v0.5.1
    Checking roots v0.0.8
    Checking strum v0.25.0
    Checking rustc-hash v2.1.3
    Checking backtrace v0.3.76
    Checking color-eyre v0.6.5
    Checking quizx v0.3.0
    Checking quest-optimizer-worker v0.1.0 (/var/home/erich/validation/quest-rs-architecture-20260930-35ae2cd5c86d/source/crates/quest-optimizer-worker)
    Checking quest-language v0.1.0 (/var/home/erich/validation/quest-rs-architecture-20260930-35ae2cd5c86d/source/crates/quest-language)
    Checking quest-qasm v0.1.0 (/var/home/erich/validation/quest-rs-architecture-20260930-35ae2cd5c86d/source/crates/quest-qasm)
    Checking quest-compile v0.1.0 (/var/home/erich/validation/quest-rs-architecture-20260930-35ae2cd5c86d/source/crates/quest-compile)
   Compiling quest-macros v0.1.0 (/var/home/erich/validation/quest-rs-architecture-20260930-35ae2cd5c86d/source/crates/quest-macros)
    Checking quest-circuit v0.1.0 (/var/home/erich/validation/quest-rs-architecture-20260930-35ae2cd5c86d/source/crates/quest-circuit)
    Finished `dev` profile [unoptimized + debuginfo] target(s) in 21.56s
