• Validating lock
✓ Validating lock in 6.22ms
  evaluating file '«nix-internal»/derivation-internal.nix'
• Configuring shell
• Configuring cachix
✓ Configuring cachix in 2.24ms
• Evaluating shell
✓ Evaluating shell in 4.50ms (cached)
✓ Configuring shell in 8.92ms
• Loading tasks
• Evaluating devenv.config.task.config
✓ Evaluating devenv.config.task.config in 375µs (cached)
✓ Loading tasks in 1.13ms
• Running tasks
• Running devenv:files:cleanup
✓ Running devenv:files:cleanup in 9.47ms
• Running devenv:enterShell
✓ Running devenv:enterShell in 8.67ms
• Running devenv:enterTest
✓ Running devenv:enterTest in 470ns (no command)
✓ Running tasks in 18.3ms
   Compiling libc v0.2.189
   Compiling serde v1.0.229
   Compiling getrandom v0.2.17
   Compiling num-complex v0.4.6
   Compiling serde_json v1.0.151
   Compiling backtrace v0.3.76
   Compiling rand_core v0.6.4
   Compiling rand_chacha v0.3.1
   Compiling ndarray v0.16.1
   Compiling num-rational v0.4.2
   Compiling num-bigint v0.5.1
   Compiling dirs-sys-next v0.1.2
   Compiling dirs-next v2.0.0
   Compiling parking_lot_core v0.9.12
   Compiling term v0.7.0
   Compiling is-terminal v0.4.17
   Compiling num v0.4.3
   Compiling parking_lot v0.12.5
   Compiling rand v0.8.8
   Compiling tempfile v3.27.0
   Compiling string_cache v0.8.9
   Compiling ascii-canvas v3.0.0
   Compiling quest-math v0.1.0 (/path/to/validation/architecture-synthesis/source/crates/quest-math)
   Compiling lalrpop v0.19.12
   Compiling color-eyre v0.6.5
   Compiling quest-optimizer-protocol v0.1.0 (/path/to/validation/architecture-synthesis/source/crates/quest-optimizer-protocol)
   Compiling quest-synthesis v0.1.0 (/path/to/validation/architecture-synthesis/source/crates/quest-synthesis)
   Compiling openqasm v0.1.2
   Compiling quizx v0.3.0
   Compiling quest-optimizer-worker v0.1.0 (/path/to/validation/architecture-synthesis/source/crates/quest-optimizer-worker)
    Finished `dev` profile [unoptimized + debuginfo] target(s) in 6.40s
