• Validating lock
✓ Validating lock in 6.08ms
  evaluating file '«nix-internal»/derivation-internal.nix'
• Configuring shell
• Configuring cachix
✓ Configuring cachix in 1.65ms
• Evaluating shell
✓ Evaluating shell in 4.03ms (cached)
✓ Configuring shell in 7.86ms
• Loading tasks
• Evaluating devenv.config.task.config
✓ Evaluating devenv.config.task.config in 313µs (cached)
✓ Loading tasks in 1.09ms
• Running tasks
• Running devenv:files:cleanup
✓ Running devenv:files:cleanup in 7.31ms
• Running devenv:enterShell
✓ Running devenv:enterShell in 5.98ms
• Running devenv:enterTest
✓ Running devenv:enterTest in 550ns (no command)
✓ Running tasks in 13.4ms
   Compiling serde v1.0.229
   Compiling equator-macro v0.2.1
   Compiling gemm-common v0.19.0
   Compiling serde_json v1.0.151
   Compiling zerocopy-derive v0.8.57
   Compiling indexmap v2.14.0
   Compiling gemm-f32 v0.19.0
   Compiling num-bigint v0.5.1
   Compiling equator v0.2.2
   Compiling nano-gemm v0.2.2
   Compiling num-rational v0.4.2
   Compiling gemm-c64 v0.19.0
   Compiling gemm-c32 v0.19.0
   Compiling gemm-f64 v0.19.0
   Compiling zerocopy v0.8.57
   Compiling gemm v0.19.0
   Compiling quest-math v0.1.0 (/var/home/erich/validation/quest-rs-architecture-20260930-35ae2cd5c86d/source/crates/quest-math)
   Compiling cc v1.4.2
   Compiling petgraph v0.8.3
   Compiling quest-symbolic v0.1.0 (/var/home/erich/validation/quest-rs-architecture-20260930-35ae2cd5c86d/source/crates/quest-symbolic)
   Compiling faer v0.24.4
   Compiling toml_edit v0.25.13+spec-1.1.0
   Compiling half v2.7.1
   Compiling alloca v0.4.0
   Compiling quest-synthesis v0.1.0 (/var/home/erich/validation/quest-rs-architecture-20260930-35ae2cd5c86d/source/crates/quest-synthesis)
   Compiling quest-optimizer-protocol v0.1.0 (/var/home/erich/validation/quest-rs-architecture-20260930-35ae2cd5c86d/source/crates/quest-optimizer-protocol)
   Compiling winnow v1.0.4
   Compiling ciborium-ll v0.2.2
   Compiling tempfile v3.27.0
   Compiling clap_builder v4.6.6
   Compiling quest-optimizer-client v0.1.0 (/var/home/erich/validation/quest-rs-architecture-20260930-35ae2cd5c86d/source/crates/quest-optimizer-client)
   Compiling toml_parser v1.1.3+spec-1.1.0
   Compiling proc-macro-crate v3.5.0
   Compiling ppv-lite86 v0.2.21
   Compiling toml_datetime v1.1.1+spec-1.1.0
   Compiling rusty-fork v0.3.1
   Compiling toml v1.1.5+spec-1.1.0
   Compiling rand_chacha v0.9.0
   Compiling ciborium v0.2.2
   Compiling tinytemplate v1.2.1
   Compiling clap v4.6.6
   Compiling proptest v1.11.0
   Compiling trybuild v1.0.121
   Compiling criterion v0.8.2
   Compiling quest-language v0.1.0 (/var/home/erich/validation/quest-rs-architecture-20260930-35ae2cd5c86d/source/crates/quest-language)
   Compiling quest-qasm v0.1.0 (/var/home/erich/validation/quest-rs-architecture-20260930-35ae2cd5c86d/source/crates/quest-qasm)
   Compiling quest-compile v0.1.0 (/var/home/erich/validation/quest-rs-architecture-20260930-35ae2cd5c86d/source/crates/quest-compile)
   Compiling quest-macros v0.1.0 (/var/home/erich/validation/quest-rs-architecture-20260930-35ae2cd5c86d/source/crates/quest-macros)
   Compiling quest-circuit v0.1.0 (/var/home/erich/validation/quest-rs-architecture-20260930-35ae2cd5c86d/source/crates/quest-circuit)
error[E0432]: unresolved import `quest_optimizer_client`
 --> crates/quest-circuit/tests/worker_contract.rs:7:5
  |
7 | use quest_optimizer_client::{Client, WorkerLimits};
  |     ^^^^^^^^^^^^^^^^^^^^^^ use of unresolved module or unlinked crate `quest_optimizer_client`
  |
  = help: if you wanted to use a crate named `quest_optimizer_client`, use `cargo add quest_optimizer_client` to add it to your `Cargo.toml`

For more information about this error, try `rustc --explain E0432`.
error: could not compile `quest-circuit` (test "worker_contract") due to 1 previous error
