warning: output filename collision at /var/home/erich/Projects/quest-rs/.superpowers/worktrees/qsvt-port/target/debug/examples/tutorials
  |
  = note: the example target `tutorials` in package `quest-rs v0.1.0 (/var/home/erich/Projects/quest-rs/.superpowers/worktrees/qsvt-port/crates/quest)` has the same output filename as the example target `tutorials` in package `quest-qsp v0.1.0 (/var/home/erich/Projects/quest-rs/.superpowers/worktrees/qsvt-port/crates/quest-qsp)`
  = note: this may become a hard error in the future; see <https://github.com/rust-lang/cargo/issues/6313>
  = help: consider changing their names to be unique or compiling them separately
warning: output filename collision at /var/home/erich/Projects/quest-rs/.superpowers/worktrees/qsvt-port/target/debug/examples/tutorials.dwp
  |
  = note: the example target `tutorials` in package `quest-rs v0.1.0 (/var/home/erich/Projects/quest-rs/.superpowers/worktrees/qsvt-port/crates/quest)` has the same output filename as the example target `tutorials` in package `quest-qsp v0.1.0 (/var/home/erich/Projects/quest-rs/.superpowers/worktrees/qsvt-port/crates/quest-qsp)`
  = note: this may become a hard error in the future; see <https://github.com/rust-lang/cargo/issues/6313>
  = help: consider changing their names to be unique or compiling them separately
   Compiling quest-macros v0.1.0 (/var/home/erich/Projects/quest-rs/.superpowers/worktrees/qsvt-port/crates/quest-macros)
   Compiling quest-qsp v0.1.0 (/var/home/erich/Projects/quest-rs/.superpowers/worktrees/qsvt-port/crates/quest-qsp)
   Compiling quest-circuit v0.1.0 (/var/home/erich/Projects/quest-rs/.superpowers/worktrees/qsvt-port/crates/quest-circuit)
   Compiling quest-sys v0.2.0 (/var/home/erich/Projects/quest-rs/.superpowers/worktrees/qsvt-port/crates/quest-sys)
   Compiling quest-qsvt v0.1.0 (/var/home/erich/Projects/quest-rs/.superpowers/worktrees/qsvt-port/crates/quest-qsvt)
   Compiling quest-qsvt-io v0.1.0 (/var/home/erich/Projects/quest-rs/.superpowers/worktrees/qsvt-port/crates/quest-qsvt-io)
   Compiling quest-qsvt-cli v0.1.0 (/var/home/erich/Projects/quest-rs/.superpowers/worktrees/qsvt-port/crates/quest-qsvt-cli)
   Compiling xtask v0.1.0 (/var/home/erich/Projects/quest-rs/.superpowers/worktrees/qsvt-port/crates/xtask)
   Compiling quest-optimizer-worker v0.1.0 (/var/home/erich/Projects/quest-rs/.superpowers/worktrees/qsvt-port/crates/quest-optimizer-worker)
warning: quest-sys@0.2.0: Using QuEST 4.3.0 from /var/home/erich/Projects/opt/quest with /usr/bin/c++
warning: quest-sys@0.2.0: Verified rsmpi MPICC /var/home/linuxbrew/.linuxbrew/Cellar/mpich/5.0.1/bin/mpicc matches QuEST MPI ABI and loaded library
   Compiling quest-rs v0.1.0 (/var/home/erich/Projects/quest-rs/.superpowers/worktrees/qsvt-port/crates/quest)
    Finished `dev` profile [unoptimized + debuginfo] target(s) in 29.42s
