   Compiling syn v1.0.109
   Compiling either v1.18.0
   Compiling itertools v0.10.5
   Compiling lazy_static v1.5.0
   Compiling astro-float-num v0.3.7
   Compiling interpol v0.2.1
   Compiling private-gemm-x86 v0.1.20
   Compiling astro-float-macro v0.4.6
   Compiling quest-numerics v0.1.0 (/var/home/erich/Projects/quest-rs/.superpowers/worktrees/qsvt-port/crates/quest-numerics)
   Compiling faer v0.24.4
   Compiling astro-float v0.9.6
   Compiling quest-polynomial v0.1.0 (/var/home/erich/Projects/quest-rs/.superpowers/worktrees/qsvt-port/crates/quest-polynomial)
   Compiling quest-qsp v0.1.0 (/var/home/erich/Projects/quest-rs/.superpowers/worktrees/qsvt-port/crates/quest-qsp)
    Finished `release` profile [optimized] target(s) in 32.63s
     Running tests/offline.rs (target/release/build/quest-qsp/54ae88dbfc115a80/out/offline-54ae88dbfc115a80)

running 1 test
OFFLINE_DEGREE_8105 attempts=1 response=4.19907426849013860e-17 reconstruction=6.97491398967269712e-17
OFFLINE_ATTEMPT OfflineAttempt { precision: 128, grid: 65536, work: 2300433696, computation: 16.5560068s, certification: 43.18992705s, completion_residual: Some(BigFloat { inner: Value(BigFloatNumber { e: -64, s: Pos, m: Mantissa { m: WordBuf { inner: [2709695829134475818, 16465458475355980858] }, n: 128 }, inexact: false }) }) }
test offline_original_degree_8105_catalog_exports_and_certifies ... ok

test result: ok. 1 passed; 0 failed; 0 ignored; 0 measured; 12 filtered out; finished in 59.76s
