   Compiling proc-macro2 v1.0.107
   Compiling jobserver v0.1.35
   Compiling cc v1.4.2
   Compiling quote v1.0.47
   Compiling syn v3.0.3
   Compiling syn v2.0.119
   Compiling thiserror-impl v2.0.20
   Compiling serde_derive v1.0.229
   Compiling equivalent v1.0.2
   Compiling hashbrown v0.17.1
   Compiling indexmap v2.14.0
   Compiling thiserror v2.0.20
   Compiling num-integer v0.1.47
   Compiling syn v1.0.109
   Compiling serde v1.0.229
   Compiling thiserror-impl v1.0.69
   Compiling thiserror v1.0.69
   Compiling equator-macro v0.2.1
   Compiling link-cplusplus v1.0.12
   Compiling num-traits v0.2.19
   Compiling scratch v1.0.9
   Compiling cmake-file-api v0.1.2
   Compiling interpol v0.2.1
   Compiling private-gemm-x86 v0.1.20
   Compiling cmake-package v0.2.0
   Compiling equator v0.2.2
   Compiling cmake v0.1.58
   Compiling winnow v1.0.4
   Compiling cxxbridge-flags v1.0.198
   Compiling unicode-width v0.2.2
   Compiling termcolor v1.4.1
   Compiling codespan-reporting v0.13.1
   Compiling transpose v0.2.3
   Compiling toml_parser v1.1.3+spec-1.1.0
   Compiling cxx v1.0.198
   Compiling quest-build v0.1.0 (/var/home/erich/Projects/quest-rs/.superpowers/worktrees/qsvt-port/crates/quest-build)
   Compiling nano-gemm v0.2.2
   Compiling primal-check v0.3.4
   Compiling toml_datetime v1.1.1+spec-1.1.0
   Compiling toml_edit v0.25.13+spec-1.1.0
   Compiling rustfft v6.4.1
   Compiling cxx-build v1.0.198
   Compiling quest-language v0.1.0 (/var/home/erich/Projects/quest-rs/.superpowers/worktrees/qsvt-port/crates/quest-language)
   Compiling faer v0.24.4
   Compiling zerocopy-derive v0.8.57
   Compiling foldhash v0.1.5
   Compiling hashbrown v0.15.5
   Compiling quest-numerics v0.1.0 (/var/home/erich/Projects/quest-rs/.superpowers/worktrees/qsvt-port/crates/quest-numerics)
   Compiling zerocopy v0.8.57
   Compiling quest-qasm v0.1.0 (/var/home/erich/Projects/quest-rs/.superpowers/worktrees/qsvt-port/crates/quest-qasm)
   Compiling quest-sys v0.2.0 (/var/home/erich/Projects/quest-rs/.superpowers/worktrees/qsvt-port/crates/quest-sys)
   Compiling proc-macro-crate v3.5.0
   Compiling fixedbitset v0.5.7
   Compiling petgraph v0.8.3
   Compiling quest-macros v0.1.0 (/var/home/erich/Projects/quest-rs/.superpowers/worktrees/qsvt-port/crates/quest-macros)
warning: quest-sys@0.2.0: Using QuEST 4.3.0 from /var/home/erich/Projects/opt/quest with /usr/bin/c++
   Compiling half v2.7.1
   Compiling num-rational v0.4.2
   Compiling num-bigint v0.5.1
   Compiling cxxbridge-macro v1.0.198
   Compiling alloca v0.4.0
   Compiling quest-polynomial v0.1.0 (/var/home/erich/Projects/quest-rs/.superpowers/worktrees/qsvt-port/crates/quest-polynomial)
   Compiling foldhash v0.2.0
   Compiling target-tuple v1.0.2
   Compiling quest-qsp v0.1.0 (/var/home/erich/Projects/quest-rs/.superpowers/worktrees/qsvt-port/crates/quest-qsp)
   Compiling ciborium-ll v0.2.2
   Compiling quest-circuit v0.1.0 (/var/home/erich/Projects/quest-rs/.superpowers/worktrees/qsvt-port/crates/quest-circuit)
   Compiling quest-rs v0.1.0 (/var/home/erich/Projects/quest-rs/.superpowers/worktrees/qsvt-port/crates/quest)
   Compiling serde_spanned v1.1.1
   Compiling toml_writer v1.1.2+spec-1.1.0
   Compiling toml v1.1.5+spec-1.1.0
   Compiling quest-qsvt v0.1.0 (/var/home/erich/Projects/quest-rs/.superpowers/worktrees/qsvt-port/crates/quest-qsvt)
   Compiling ciborium v0.2.2
   Compiling tinytemplate v1.2.1
   Compiling googletest_macro v0.14.3
   Compiling glob v0.3.4
   Compiling criterion v0.8.2
   Compiling trybuild v1.0.121
   Compiling googletest v0.14.3
    Finished `bench` profile [optimized] target(s) in 58.67s
     Running benches/qsvt_execution.rs (target/release/build/quest-rs/03ed00679c1bf5c0/out/qsvt_execution-03ed00679c1bf5c0)
{"fixture":"complex_scalar_degree3","amplitude":[-0.002352413924260943,-0.0031365518990147945],"mass":0.000015371809086270084,"overlap":[-0.0023524139242612208,-0.00313655189901485],"overlap_mass":0.5000076859045433}
Benchmarking qsvt/construction
Benchmarking qsvt/construction: Warming up for 100.00 ms
Benchmarking qsvt/construction: Collecting 10 samples in estimated 300.35 ms (31k iterations)
Benchmarking qsvt/construction: Analyzing
qsvt/construction       time:   [9.2352 µs 9.2744 µs 9.3577 µs]

Benchmarking qsvt/lowering_projection_admission
Benchmarking qsvt/lowering_projection_admission: Warming up for 100.00 ms
Benchmarking qsvt/lowering_projection_admission: Collecting 10 samples in estimated 300.16 ms (88k iterations)
Benchmarking qsvt/lowering_projection_admission: Analyzing
qsvt/lowering_projection_admission
                        time:   [1.8625 µs 1.8639 µs 1.8649 µs]
Found 1 outliers among 10 measurements (10.00%)
  1 (10.00%) low mild

Benchmarking qsvt/native_preparation
Benchmarking qsvt/native_preparation: Warming up for 100.00 ms
Benchmarking qsvt/native_preparation: Collecting 10 samples in estimated 300.53 ms (16k iterations)
Benchmarking qsvt/native_preparation: Analyzing
qsvt/native_preparation time:   [12.674 µs 12.681 µs 12.686 µs]
Found 1 outliers among 10 measurements (10.00%)
  1 (10.00%) low severe

Benchmarking qsvt/repeated_execution_subnormalized
Benchmarking qsvt/repeated_execution_subnormalized: Warming up for 100.00 ms
Benchmarking qsvt/repeated_execution_subnormalized: Collecting 10 samples in estimated 305.43 ms (2200 iterations)
Benchmarking qsvt/repeated_execution_subnormalized: Analyzing
qsvt/repeated_execution_subnormalized
                        time:   [138.80 µs 139.45 µs 140.63 µs]

Benchmarking qsvt/execution_and_conditioning
Benchmarking qsvt/execution_and_conditioning: Warming up for 100.00 ms
Benchmarking qsvt/execution_and_conditioning: Collecting 10 samples in estimated 300.21 ms (2145 iterations)
Benchmarking qsvt/execution_and_conditioning: Analyzing
qsvt/execution_and_conditioning
                        time:   [140.45 µs 143.41 µs 145.35 µs]

Benchmarking qsvt/conditioning_only
Benchmarking qsvt/conditioning_only: Warming up for 100.00 ms
Benchmarking qsvt/conditioning_only: Collecting 10 samples in estimated 301.95 ms (2145 iterations)
Benchmarking qsvt/conditioning_only: Analyzing
qsvt/conditioning_only  time:   [1.2073 µs 1.2286 µs 1.2471 µs]

Benchmarking qsvt/constructed_through_execution
Benchmarking qsvt/constructed_through_execution: Warming up for 100.00 ms
Benchmarking qsvt/constructed_through_execution: Collecting 10 samples in estimated 305.36 ms (1760 iterations)
Benchmarking qsvt/constructed_through_execution: Analyzing
qsvt/constructed_through_execution
                        time:   [170.54 µs 170.67 µs 170.75 µs]
