   Compiling libc v0.2.189
    Checking num-traits v0.2.19
    Checking bytemuck v1.25.2
    Checking num-complex v0.4.6
   Compiling jobserver v0.1.35
   Compiling cc v1.4.2
   Compiling cfg-if v1.0.4
    Checking libm v0.2.16
    Checking bitflags v2.13.1
    Checking raw-cpuid v11.6.0
    Checking reborrow v0.5.5
   Compiling equivalent v1.0.2
   Compiling hashbrown v0.17.1
    Checking pulp-wasm-simd-flag v0.1.1
   Compiling indexmap v2.14.0
    Checking pulp v0.22.3
   Compiling thiserror v2.0.20
    Checking once_cell v1.21.4
    Checking dyn-stack v0.13.2
   Compiling getrandom v0.4.3
    Checking num-integer v0.1.47
    Checking nano-gemm-core v0.2.1
   Compiling tempfile v3.27.0
   Compiling which v8.0.6
   Compiling cmake-package v0.2.0
    Checking gemm-common v0.19.0
   Compiling link-cplusplus v1.0.12
   Compiling cmake v0.1.58
   Compiling libloading v0.8.9
   Compiling clang-sys v1.9.1
   Compiling quest-build v0.1.0 (/var/home/erich/Projects/quest-rs/.superpowers/worktrees/qsvt-port/crates/quest-build)
   Compiling cxx v1.0.198
   Compiling bindgen v0.72.1
    Checking num_cpus v1.17.0
    Checking equator v0.2.2
    Checking nano-gemm-c32 v0.2.1
    Checking nano-gemm-f64 v0.2.1
    Checking nano-gemm-c64 v0.2.1
    Checking nano-gemm-f32 v0.2.1
    Checking gemm-c64 v0.19.0
    Checking gemm-f64 v0.19.0
    Checking gemm-c32 v0.19.0
    Checking gemm-f32 v0.19.0
    Checking qd v0.8.0
    Checking strength_reduce v0.2.4
    Checking generativity v1.2.1
    Checking equator v0.6.0
    Checking faer-traits v0.24.0
    Checking transpose v0.2.3
    Checking gemm v0.19.0
   Compiling cxx-build v1.0.198
    Checking nano-gemm v0.2.2
    Checking private-gemm-x86 v0.1.20
   Compiling mpi-sys v0.2.4
    Checking primal-check v0.3.4
   Compiling toml_edit v0.25.13+spec-1.1.0
    Checking rustfft v6.4.1
   Compiling quest-sys v0.2.0 (/var/home/erich/Projects/quest-rs/.superpowers/worktrees/qsvt-port/crates/quest-sys)
   Compiling quest-language v0.1.0 (/var/home/erich/Projects/quest-rs/.superpowers/worktrees/qsvt-port/crates/quest-language)
    Checking faer v0.24.4
    Checking maryada v0.2.1
    Checking foldhash v0.1.5
    Checking hashbrown v0.15.5
    Checking quest-numerics v0.1.0 (/var/home/erich/Projects/quest-rs/.superpowers/worktrees/qsvt-port/crates/quest-numerics)
   Compiling quest-qasm v0.1.0 (/var/home/erich/Projects/quest-rs/.superpowers/worktrees/qsvt-port/crates/quest-qasm)
warning: quest-sys@0.2.0: Using QuEST 4.3.0 from /var/home/erich/Projects/quest-rs/.superpowers/worktrees/qsvt-port/.superpowers/sdd/2026-09-11-qsvt-port/quest-serial/install with /usr/bin/c++
   Compiling proc-macro-crate v3.5.0
    Checking custom_derive v0.1.7
    Checking fixedbitset v0.5.7
    Checking petgraph v0.8.3
    Checking conv v0.3.3
    Checking quest-polynomial v0.1.0 (/var/home/erich/Projects/quest-rs/.superpowers/worktrees/qsvt-port/crates/quest-polynomial)
   Compiling mpi v0.8.2
   Compiling quest-macros v0.1.0 (/var/home/erich/Projects/quest-rs/.superpowers/worktrees/qsvt-port/crates/quest-macros)
    Checking num-bigint v0.5.1
    Checking num-rational v0.4.2
   Compiling cxxbridge-macro v1.0.198
    Checking foldhash v0.2.0
    Checking smallvec v1.16.0
    Checking quest-circuit v0.1.0 (/var/home/erich/Projects/quest-rs/.superpowers/worktrees/qsvt-port/crates/quest-circuit)
    Checking quest-qsp v0.1.0 (/var/home/erich/Projects/quest-rs/.superpowers/worktrees/qsvt-port/crates/quest-qsp)
   Compiling quest-rs v0.1.0 (/var/home/erich/Projects/quest-rs/.superpowers/worktrees/qsvt-port/crates/quest)
    Checking quest-qsvt v0.1.0 (/var/home/erich/Projects/quest-rs/.superpowers/worktrees/qsvt-port/crates/quest-qsvt)
   Compiling quest-serial-capability-check v0.0.0 (/var/home/erich/Projects/quest-rs/.superpowers/worktrees/qsvt-port/.superpowers/sdd/2026-09-11-qsvt-port/serial-consumer)
error[E0433]: cannot find `mpi` in `quest_sys`
  --> src/main.rs:1:32
   |
 1 | fn main() { let _ = quest_sys::mpi::MpiRuntime::initialize; let _ = quest::collective::MpiRuntime::initialize; }
   |                                ^^^ could not find `mpi` in `quest_sys`
   |
note: found an item that was configured out
  --> /var/home/erich/Projects/quest-rs/.superpowers/worktrees/qsvt-port/crates/quest-sys/src/lib.rs:40:9
   |
39 | #[cfg(all(feature = "mpi", quest_native_mpi))]
   |                            ---------------- the item is gated here
40 | pub mod mpi;
   |         ^^^

error[E0433]: cannot find `collective` in `quest`
  --> src/main.rs:1:76
   |
 1 | fn main() { let _ = quest_sys::mpi::MpiRuntime::initialize; let _ = quest::collective::MpiRuntime::initialize; }
   |                                                                            ^^^^^^^^^^ could not find `collective` in `quest`
   |
note: found an item that was configured out
  --> /var/home/erich/Projects/quest-rs/.superpowers/worktrees/qsvt-port/crates/quest/src/lib.rs:15:9
   |
14 | #[cfg(all(feature = "mpi", quest_native_mpi))]
   |                            ---------------- the item is gated here
15 | pub mod collective;
   |         ^^^^^^^^^^

For more information about this error, try `rustc --explain E0433`.
error: could not compile `quest-serial-capability-check` (bin "quest-serial-capability-check") due to 2 previous errors
