
Dynamic section at offset 0xc6368 contains 34 entries:
  Tag        Type                         Name/Value
 0x000000000000001d (RUNPATH)            Library runpath: [/home/linuxbrew/.linuxbrew/Cellar/mpich/5.0.1/lib:/var/home/erich/Projects/opt/quest/lib64:/var/home/linuxbrew/.linuxbrew/Cellar/mpich/5.0.1/lib:/var/home/erich/Projects/opt/quest/lib64:/var/home/linuxbrew/.linuxbrew/Cellar/mpich/5.0.1/lib]
 0x0000000000000001 (NEEDED)             Shared library: [libQuEST.so.4]
 0x0000000000000001 (NEEDED)             Shared library: [libmpi.so.12]
 0x0000000000000001 (NEEDED)             Shared library: [libstdc++.so.6]
 0x0000000000000001 (NEEDED)             Shared library: [libgcc_s.so.1]
 0x0000000000000001 (NEEDED)             Shared library: [libm.so.6]
 0x0000000000000001 (NEEDED)             Shared library: [libc.so.6]
 0x0000000000000001 (NEEDED)             Shared library: [ld-linux-x86-64.so.2]
 0x000000000000001e (FLAGS)              BIND_NOW
 0x000000006ffffffb (FLAGS_1)            Flags: NOW PIE
 0x0000000000000015 (DEBUG)              0x0
 0x0000000000000007 (RELA)               0x7cc8
 0x0000000000000008 (RELASZ)             21840 (bytes)
 0x0000000000000009 (RELAENT)            24 (bytes)
 0x000000006ffffff9 (RELACOUNT)          832
 0x0000000000000017 (JMPREL)             0xd218
 0x0000000000000002 (PLTRELSZ)           7920 (bytes)
 0x0000000000000003 (PLTGOT)             0xc9360
 0x0000000000000014 (PLTREL)             RELA
 0x0000000000000006 (SYMTAB)             0x340
 0x000000000000000b (SYMENT)             24 (bytes)
 0x0000000000000005 (STRTAB)             0x3768
 0x000000000000000a (STRSZ)              17759 (bytes)
 0x000000006ffffef5 (GNU_HASH)           0x3578
 0x0000000000000019 (INIT_ARRAY)         0xc8358
 0x000000000000001b (INIT_ARRAYSZ)       16 (bytes)
 0x000000000000001a (FINI_ARRAY)         0xc8350
 0x000000000000001c (FINI_ARRAYSZ)       8 (bytes)
 0x000000000000000c (INIT)               0xc3c74
 0x000000000000000d (FINI)               0xc3c90
 0x000000006ffffff0 (VERSYM)             0x2fe0
 0x000000006ffffffe (VERNEED)            0x3398
 0x000000006fffffff (VERNEEDNUM)         5
 0x0000000000000000 (NULL)               0x0
