	linux-vdso.so.1 (0x00007f8260739000)
	libQuEST.so.4 => /var/home/erich/Projects/opt/quest/lib64/libQuEST.so.4 (0x00007f825f600000)
	libmpi.so.12 => /home/linuxbrew/.linuxbrew/Cellar/mpich/5.0.1/lib/libmpi.so.12 (0x00007f825e600000)
	libstdc++.so.6 => /usr/lib64/libstdc++.so.6 (0x00007f825e34e000)
	libgcc_s.so.1 => /usr/lib64/libgcc_s.so.1 (0x00007f82601d3000)
	libm.so.6 => /usr/lib64/libm.so.6 (0x00007f825e237000)
	libc.so.6 => /usr/lib64/libc.so.6 (0x00007f825e03e000)
	/lib64/ld-linux-x86-64.so.2 (0x00007f826073b000)
	libcustatevec.so.1 => /home/erich/Projects/opt/cuquantum/lib/libcustatevec.so.1 (0x00007f8259c00000)
	libgomp.so.1 => /usr/lib64/libgomp.so.1 (0x00007f8260175000)
	libmpicxx.so.12 => /var/home/linuxbrew/.linuxbrew/Cellar/mpich/5.0.1/lib/libmpicxx.so.12 (0x00007f825f5d4000)
	libcublas.so.13 => /home/erich/Projects/opt/cuda/targets/x86_64-linux/lib/libcublas.so.13 (0x00007f8256400000)
	libcublasLt.so.13 => /home/erich/Projects/opt/cuda/targets/x86_64-linux/lib/libcublasLt.so.13 (0x00007f8230e00000)
	libhwloc.so.15 => /home/linuxbrew/.linuxbrew/opt/hwloc/lib/libhwloc.so.15 (0x00007f825f56a000)
	libfabric.so.1 => /home/linuxbrew/.linuxbrew/opt/libfabric/lib/libfabric.so.1 (0x00007f825def7000)
	libdl.so.2 => /usr/lib64/libdl.so.2 (0x00007f8260705000)
	librt.so.1 => /usr/lib64/librt.so.1 (0x00007f8260701000)
	libpthread.so.0 => /usr/lib64/libpthread.so.0 (0x00007f82606fd000)
	libxml2.so.16 => /home/linuxbrew/.linuxbrew/opt/libxml2/lib/libxml2.so.16 (0x00007f82562b2000)
	libz.so.1 => /home/linuxbrew/.linuxbrew/opt/zlib-ng-compat/lib/libz.so.1 (0x00007f825f53d000)
